Archive member included to satisfy reference by file (symbol)

../randooo_bsp/\libhal_bsp.a(alt_load.o)
                              ../randooo_bsp//obj/HAL/src/crt0.o (alt_load)
../randooo_bsp/\libhal_bsp.a(alt_main.o)
                              ../randooo_bsp//obj/HAL/src/crt0.o (alt_main)
../randooo_bsp/\libhal_bsp.a(alt_printf.o)
                              obj/default/hello_world.o (alt_printf)
../randooo_bsp/\libhal_bsp.a(alt_putchar.o)
                              ../randooo_bsp/\libhal_bsp.a(alt_printf.o) (alt_putchar)
../randooo_bsp/\libhal_bsp.a(alt_sys_init.o)
                              ../randooo_bsp/\libhal_bsp.a(alt_main.o) (alt_irq_init)
../randooo_bsp/\libhal_bsp.a(altera_avalon_jtag_uart_fd.o)
                              ../randooo_bsp/\libhal_bsp.a(alt_sys_init.o) (altera_avalon_jtag_uart_read_fd)
../randooo_bsp/\libhal_bsp.a(altera_avalon_jtag_uart_init.o)
                              ../randooo_bsp/\libhal_bsp.a(alt_sys_init.o) (altera_avalon_jtag_uart_init)
../randooo_bsp/\libhal_bsp.a(altera_avalon_jtag_uart_ioctl.o)
                              ../randooo_bsp/\libhal_bsp.a(altera_avalon_jtag_uart_fd.o) (altera_avalon_jtag_uart_ioctl)
../randooo_bsp/\libhal_bsp.a(altera_avalon_jtag_uart_read.o)
                              ../randooo_bsp/\libhal_bsp.a(altera_avalon_jtag_uart_fd.o) (altera_avalon_jtag_uart_read)
../randooo_bsp/\libhal_bsp.a(altera_avalon_jtag_uart_write.o)
                              ../randooo_bsp/\libhal_bsp.a(altera_avalon_jtag_uart_fd.o) (altera_avalon_jtag_uart_write)
../randooo_bsp/\libhal_bsp.a(altera_avalon_sgdma.o)
                              obj/default/hello_world.o (alt_avalon_sgdma_do_async_transfer)
../randooo_bsp/\libhal_bsp.a(altera_avalon_timer_sc.o)
                              ../randooo_bsp/\libhal_bsp.a(alt_sys_init.o) (alt_avalon_timer_sc_init)
../randooo_bsp/\libhal_bsp.a(alt_alarm_start.o)
                              ../randooo_bsp/\libhal_bsp.a(altera_avalon_jtag_uart_init.o) (alt_alarm_start)
../randooo_bsp/\libhal_bsp.a(alt_close.o)
                              ../randooo_bsp/\libhal_bsp.a(alt_main.o) (close)
../randooo_bsp/\libhal_bsp.a(alt_dcache_flush.o)
                              ../randooo_bsp/\libhal_bsp.a(altera_avalon_sgdma.o) (alt_dcache_flush)
../randooo_bsp/\libhal_bsp.a(alt_dcache_flush_all.o)
                              ../randooo_bsp/\libhal_bsp.a(alt_load.o) (alt_dcache_flush_all)
../randooo_bsp/\libhal_bsp.a(alt_dev.o)
                              ../randooo_bsp/\libhal_bsp.a(alt_sys_init.o) (alt_dev_list)
../randooo_bsp/\libhal_bsp.a(alt_dev_llist_insert.o)
                              ../randooo_bsp/\libhal_bsp.a(alt_sys_init.o) (alt_dev_llist_insert)
../randooo_bsp/\libhal_bsp.a(alt_do_ctors.o)
                              ../randooo_bsp/\libhal_bsp.a(alt_main.o) (_do_ctors)
../randooo_bsp/\libhal_bsp.a(alt_do_dtors.o)
                              ../randooo_bsp/\libhal_bsp.a(alt_main.o) (_do_dtors)
../randooo_bsp/\libhal_bsp.a(alt_errno.o)
                              ../randooo_bsp/\libhal_bsp.a(altera_avalon_sgdma.o) (alt_errno)
../randooo_bsp/\libhal_bsp.a(alt_find_dev.o)
                              ../randooo_bsp/\libhal_bsp.a(altera_avalon_sgdma.o) (alt_find_dev)
../randooo_bsp/\libhal_bsp.a(alt_icache_flush_all.o)
                              ../randooo_bsp/\libhal_bsp.a(alt_load.o) (alt_icache_flush_all)
../randooo_bsp/\libhal_bsp.a(alt_iic.o)
                              ../randooo_bsp/\libhal_bsp.a(altera_avalon_jtag_uart_init.o) (alt_ic_isr_register)
../randooo_bsp/\libhal_bsp.a(alt_iic_isr_register.o)
                              ../randooo_bsp/\libhal_bsp.a(alt_iic.o) (alt_iic_isr_register)
../randooo_bsp/\libhal_bsp.a(alt_io_redirect.o)
                              ../randooo_bsp/\libhal_bsp.a(alt_main.o) (alt_io_redirect)
../randooo_bsp/\libhal_bsp.a(alt_irq_entry.o)
                              ../randooo_bsp/\libhal_bsp.a(alt_iic_isr_register.o) (alt_irq_entry)
../randooo_bsp/\libhal_bsp.a(alt_irq_handler.o)
                              ../randooo_bsp/\libhal_bsp.a(alt_iic_isr_register.o) (alt_irq)
../randooo_bsp/\libhal_bsp.a(alt_irq_vars.o)
                              ../randooo_bsp/\libhal_bsp.a(alt_iic.o) (alt_irq_active)
../randooo_bsp/\libhal_bsp.a(alt_open.o)
                              ../randooo_bsp/\libhal_bsp.a(alt_io_redirect.o) (open)
../randooo_bsp/\libhal_bsp.a(alt_release_fd.o)
                              ../randooo_bsp/\libhal_bsp.a(alt_close.o) (alt_release_fd)
../randooo_bsp/\libhal_bsp.a(alt_tick.o)
                              ../randooo_bsp/\libhal_bsp.a(altera_avalon_jtag_uart_init.o) (_alt_tick_rate)
../randooo_bsp/\libhal_bsp.a(altera_nios2_gen2_irq.o)
                              ../randooo_bsp/\libhal_bsp.a(alt_sys_init.o) (altera_nios2_gen2_irq_init)
../randooo_bsp/\libhal_bsp.a(alt_exception_entry.o)
                              ../randooo_bsp/\libhal_bsp.a(alt_irq_entry.o) (alt_exception)
[...]
Memory Configuration

Name             Origin             Length             Attributes
reset            0x0000000000080000 0x0000000000000020
main_memory      0x0000000000080020 0x000000000004afe0
descriptor_memory 0x0000000000100000 0x0000000000001000
*default*        0x0000000000000000 0xffffffffffffffff

Linker script and memory map

LOAD ../randooo_bsp//obj/HAL/src/crt0.o
LOAD obj/default/hello_world.o
LOAD c:/intelfpga_lite/17.1/nios2eds/bin/gnu/h-x86_64-mingw32/bin/../lib/gcc/nios2-elf/5.3.0/../../../../../H-x86_64-mingw32/nios2-elf/lib\libstdc++.a
LOAD c:/intelfpga_lite/17.1/nios2eds/bin/gnu/h-x86_64-mingw32/bin/../lib/gcc/nios2-elf/5.3.0/../../../../../H-x86_64-mingw32/nios2-elf/lib\libm.a
LOAD c:/intelfpga_lite/17.1/nios2eds/bin/gnu/h-x86_64-mingw32/bin/../lib/gcc/nios2-elf/5.3.0\libgcc.a
START GROUP
LOAD c:/intelfpga_lite/17.1/nios2eds/bin/gnu/h-x86_64-mingw32/bin/../lib/gcc/nios2-elf/5.3.0/../../../../../H-x86_64-mingw32/nios2-elf/lib\libc.a
LOAD c:/intelfpga_lite/17.1/nios2eds/bin/gnu/h-x86_64-mingw32/bin/../lib/gcc/nios2-elf/5.3.0\libgcc.a
LOAD ../randooo_bsp/\libhal_bsp.a
LOAD c:/intelfpga_lite/17.1/nios2eds/bin/gnu/h-x86_64-mingw32/bin/../lib/gcc/nios2-elf/5.3.0/../../../../../H-x86_64-mingw32/nios2-elf/lib\libm.a
END GROUP
LOAD c:/intelfpga_lite/17.1/nios2eds/bin/gnu/h-x86_64-mingw32/bin/../lib/gcc/nios2-elf/5.3.0\libgcc.a
                0x0000000000080000                __alt_mem_main_memory = 0x80000
                0x0000000000100000                __alt_mem_descriptor_memory = 0x100000

.entry          0x0000000000080000       0x20
 *(.entry)
 .entry         0x0000000000080000       0x20 ../randooo_bsp//obj/HAL/src/crt0.o
                0x0000000000080000                __reset

.exceptions     0x0000000000080020      0x224
                0x0000000000080020                PROVIDE (__ram_exceptions_start, ABSOLUTE (.))
                0x0000000000080020                . = ALIGN (0x20)
 *(.irq)
 *(.exceptions.entry.label)
 .exceptions.entry.label
                0x0000000000080020        0x0 ../randooo_bsp/\libhal_bsp.a(alt_irq_entry.o)
                0x0000000000080020                alt_irq_entry
 .exceptions.entry.label
                0x0000000000080020        0x0 ../randooo_bsp/\libhal_bsp.a(alt_exception_entry.o)
                0x0000000000080020                alt_exception
 *(.exceptions.entry.user)
 *(.exceptions.entry.ecc_fatal)
 *(.exceptions.entry)
 .exceptions.entry
                0x0000000000080020       0x54 ../randooo_bsp/\libhal_bsp.a(alt_exception_entry.o)
 *(.exceptions.irqtest.user)
 *(.exceptions.irqtest)
 .exceptions.irqtest
                0x0000000000080074       0x10 ../randooo_bsp/\libhal_bsp.a(alt_irq_entry.o)
 *(.exceptions.irqhandler.user)
 *(.exceptions.irqhandler)
 .exceptions.irqhandler
                0x0000000000080084        0x4 ../randooo_bsp/\libhal_bsp.a(alt_irq_entry.o)
 *(.exceptions.irqreturn.user)
 *(.exceptions.irqreturn)
 .exceptions.irqreturn
                0x0000000000080088        0x4 ../randooo_bsp/\libhal_bsp.a(alt_irq_entry.o)
 *(.exceptions.notirq.label)
 .exceptions.notirq.label
                0x000000000008008c        0x0 ../randooo_bsp/\libhal_bsp.a(alt_irq_entry.o)
 *(.exceptions.notirq.user)
 *(.exceptions.notirq)
 .exceptions.notirq
                0x000000000008008c        0x8 ../randooo_bsp/\libhal_bsp.a(alt_exception_entry.o)
 *(.exceptions.soft.user)
 *(.exceptions.soft)
 *(.exceptions.unknown.user)
 *(.exceptions.unknown)
 .exceptions.unknown
                0x0000000000080094       0x14 ../randooo_bsp/\libhal_bsp.a(alt_exception_entry.o)
 *(.exceptions.exit.label)
 .exceptions.exit.label
                0x00000000000800a8        0x0 ../randooo_bsp/\libhal_bsp.a(alt_irq_entry.o)
 .exceptions.exit.label
                0x00000000000800a8        0x0 ../randooo_bsp/\libhal_bsp.a(alt_exception_entry.o)
 *(.exceptions.exit.user)
 *(.exceptions.exit)
 .exceptions.exit
                0x00000000000800a8       0x54 ../randooo_bsp/\libhal_bsp.a(alt_exception_entry.o)
 *(.exceptions)
 .exceptions    0x00000000000800fc       0xd4 ../randooo_bsp/\libhal_bsp.a(alt_irq_handler.o)
                0x00000000000800fc                alt_irq_handler
 .exceptions    0x00000000000801d0       0x74 ../randooo_bsp/\libhal_bsp.a(alt_instruction_exception_entry.o)
                0x00000000000801d0                alt_instruction_exception_entry
                0x0000000000080244                PROVIDE (__ram_exceptions_end, ABSOLUTE (.))
                0x0000000000080020                PROVIDE (__flash_exceptions_start, LOADADDR (.exceptions))

.text           0x0000000000080244     0x5d8c
                [!provide]                        PROVIDE (stext, ABSOLUTE (.))
 *(.interp)
 *(.hash)
 *(.dynsym)
 *(.dynstr)
 *(.gnu.version)
 *(.gnu.version_d)
 *(.gnu.version_r)
 *(.rel.init)
 *(.rela.init)
 *(.rel.text .rel.text.* .rel.gnu.linkonce.t.*)
 *(.rela.text .rela.text.* .rela.gnu.linkonce.t.*)
 *(.rel.fini)
 *(.rela.fini)
 *(.rel.rodata .rel.rodata.* .rel.gnu.linkonce.r.*)
 *(.rela.rodata .rela.rodata.* .rela.gnu.linkonce.r.*)
 *(.rel.data .rel.data.* .rel.gnu.linkonce.d.*)
 *(.rela.data .rela.data.* .rela.gnu.linkonce.d.*)
 *(.rel.tdata .rel.tdata.* .rel.gnu.linkonce.td.*)
 *(.rela.tdata .rela.tdata.* .rela.gnu.linkonce.td.*)
 *(.rel.tbss .rel.tbss.* .rel.gnu.linkonce.tb.*)
 *(.rela.tbss .rela.tbss.* .rela.gnu.linkonce.tb.*)
 *(.rel.ctors)
 *(.rela.ctors)
 *(.rel.dtors)
 *(.rela.dtors)
 *(.rel.got)
 *(.rela.got)
 *(.rel.sdata .rel.sdata.* .rel.gnu.linkonce.s.*)
 *(.rela.sdata .rela.sdata.* .rela.gnu.linkonce.s.*)
 *(.rel.sbss .rel.sbss.* .rel.gnu.linkonce.sb.*)
 *(.rela.sbss .rela.sbss.* .rela.gnu.linkonce.sb.*)
 *(.rel.sdata2 .rel.sdata2.* .rel.gnu.linkonce.s2.*)
 *(.rela.sdata2 .rela.sdata2.* .rela.gnu.linkonce.s2.*)
 *(.rel.sbss2 .rel.sbss2.* .rel.gnu.linkonce.sb2.*)
 *(.rela.sbss2 .rela.sbss2.* .rela.gnu.linkonce.sb2.*)
 *(.rel.bss .rel.bss.* .rel.gnu.linkonce.b.*)
 *(.rela.bss .rela.bss.* .rela.gnu.linkonce.b.*)
 *(.rel.plt)
 *(.rela.plt)
 *(.rel.dyn)
 *(.init)
 *(.plt)
 *(.text .stub .text.* .gnu.linkonce.t.*)
 .text          0x0000000000080244       0x4c ../randooo_bsp//obj/HAL/src/crt0.o
                0x0000000000080244                _start
 .text          0x0000000000080290      0x350 obj/default/hello_world.o
                0x0000000000080290                main
                0x00000000000804a0                rx_ethernet_isr
 .text          0x00000000000805e0       0xec ../randooo_bsp/\libhal_bsp.a(alt_load.o)
                0x0000000000080648                alt_load
 .text          0x00000000000806cc       0x7c ../randooo_bsp/\libhal_bsp.a(alt_main.o)
                0x00000000000806cc                alt_main
 .text          0x0000000000080748      0x22c ../randooo_bsp/\libhal_bsp.a(alt_printf.o)
                0x0000000000080748                alt_printf
 .text          0x0000000000080974       0x3c ../randooo_bsp/\libhal_bsp.a(alt_putchar.o)
                0x0000000000080974                alt_putchar
 .text          0x00000000000809b0       0xfc ../randooo_bsp/\libhal_bsp.a(alt_sys_init.o)
                0x00000000000809e4                alt_irq_init
                0x0000000000080a1c                alt_sys_init
 .text          0x0000000000080aac      0x164 ../randooo_bsp/\libhal_bsp.a(altera_avalon_jtag_uart_fd.o)
                0x0000000000080aac                altera_avalon_jtag_uart_read_fd
                0x0000000000080b0c                altera_avalon_jtag_uart_write_fd
                0x0000000000080b6c                altera_avalon_jtag_uart_close_fd
                0x0000000000080bbc                altera_avalon_jtag_uart_ioctl_fd
 .text          0x0000000000080c10      0x3d4 ../randooo_bsp/\libhal_bsp.a(altera_avalon_jtag_uart_init.o)
                0x0000000000080c10                altera_avalon_jtag_uart_init
                0x0000000000080f7c                altera_avalon_jtag_uart_close
 .text          0x0000000000080fe4       0xf0 ../randooo_bsp/\libhal_bsp.a(altera_avalon_jtag_uart_ioctl.o)
                0x0000000000080fe4                altera_avalon_jtag_uart_ioctl
 .text          0x00000000000810d4      0x21c ../randooo_bsp/\libhal_bsp.a(altera_avalon_jtag_uart_read.o)
                0x00000000000810d4                altera_avalon_jtag_uart_read
 .text          0x00000000000812f0      0x224 ../randooo_bsp/\libhal_bsp.a(altera_avalon_jtag_uart_write.o)
                0x00000000000812f0                altera_avalon_jtag_uart_write
 .text          0x0000000000081514      0xd94 ../randooo_bsp/\libhal_bsp.a(altera_avalon_sgdma.o)
                0x0000000000081550                alt_avalon_sgdma_do_async_transfer
                0x0000000000081674                alt_avalon_sgdma_do_sync_transfer
                0x0000000000081784                alt_avalon_sgdma_construct_mem_to_mem_desc
                0x00000000000817f8                alt_avalon_sgdma_construct_mem_to_mem_desc_burst
                0x000000000008187c                alt_avalon_sgdma_construct_stream_to_mem_desc
                0x00000000000818dc                alt_avalon_sgdma_construct_stream_to_mem_desc_burst
                0x0000000000081954                alt_avalon_sgdma_construct_mem_to_stream_desc
                0x00000000000819d4                alt_avalon_sgdma_construct_mem_to_stream_desc_burst
                0x0000000000081a60                alt_avalon_sgdma_register_callback
                0x0000000000081ab4                alt_avalon_sgdma_start
                0x0000000000081b0c                alt_avalon_sgdma_stop
                0x0000000000081b68                alt_avalon_sgdma_check_descriptor_status
                0x0000000000081bcc                alt_avalon_sgdma_open
                0x0000000000081c20                alt_avalon_sgdma_construct_descriptor
                0x0000000000081cac                alt_avalon_sgdma_enable_desc_poll
                0x0000000000081d2c                alt_avalon_sgdma_disable_desc_poll
                0x0000000000081d8c                alt_avalon_sgdma_construct_descriptor_burst
                0x0000000000082200                alt_avalon_sgdma_init
 .text          0x00000000000822a8       0xf4 ../randooo_bsp/\libhal_bsp.a(altera_avalon_timer_sc.o)
                0x0000000000082320                alt_avalon_timer_sc_init
 .text          0x000000000008239c      0x12c ../randooo_bsp/\libhal_bsp.a(alt_alarm_start.o)
                0x000000000008239c                alt_alarm_start
 .text          0x00000000000824c8      0x10c ../randooo_bsp/\libhal_bsp.a(alt_close.o)
                0x0000000000082504                close
 .text          0x00000000000825d4       0x78 ../randooo_bsp/\libhal_bsp.a(alt_dcache_flush.o)
                0x00000000000825d4                alt_dcache_flush
 .text          0x000000000008264c       0x48 ../randooo_bsp/\libhal_bsp.a(alt_dcache_flush_all.o)
                0x000000000008264c                alt_dcache_flush_all
 .text          0x0000000000082694       0x2c ../randooo_bsp/\libhal_bsp.a(alt_dev.o)
 .text          0x00000000000826c0       0xe0 ../randooo_bsp/\libhal_bsp.a(alt_dev_llist_insert.o)
                0x00000000000826fc                alt_dev_llist_insert
 .text          0x00000000000827a0       0x60 ../randooo_bsp/\libhal_bsp.a(alt_do_ctors.o)
                0x00000000000827a0                _do_ctors
 .text          0x0000000000082800       0x60 ../randooo_bsp/\libhal_bsp.a(alt_do_dtors.o)
                0x0000000000082800                _do_dtors
 .text          0x0000000000082860        0x0 ../randooo_bsp/\libhal_bsp.a(alt_errno.o)
 .text          0x0000000000082860       0x90 ../randooo_bsp/\libhal_bsp.a(alt_find_dev.o)
                0x0000000000082860                alt_find_dev
 .text          0x00000000000828f0       0x34 ../randooo_bsp/\libhal_bsp.a(alt_icache_flush_all.o)
                0x00000000000828f0                alt_icache_flush_all
 .text          0x0000000000082924      0x1b0 ../randooo_bsp/\libhal_bsp.a(alt_iic.o)
                0x0000000000082924                alt_ic_isr_register
                0x0000000000082974                alt_ic_irq_enable
                0x00000000000829fc                alt_ic_irq_disable
                0x0000000000082a88                alt_ic_irq_enabled
 .text          0x0000000000082ad4       0xf0 ../randooo_bsp/\libhal_bsp.a(alt_iic_isr_register.o)
                0x0000000000082ad4                alt_iic_isr_register
 .text          0x0000000000082bc4      0x140 ../randooo_bsp/\libhal_bsp.a(alt_io_redirect.o)
                0x0000000000082c88                alt_io_redirect
 .text          0x0000000000082d04        0x0 ../randooo_bsp/\libhal_bsp.a(alt_irq_entry.o)
 .text          0x0000000000082d04        0x0 ../randooo_bsp/\libhal_bsp.a(alt_irq_handler.o)
 .text          0x0000000000082d04        0x0 ../randooo_bsp/\libhal_bsp.a(alt_irq_vars.o)
 .text          0x0000000000082d04      0x254 ../randooo_bsp/\libhal_bsp.a(alt_open.o)
                0x0000000000082e04                open
 .text          0x0000000000082f58       0x64 ../randooo_bsp/\libhal_bsp.a(alt_release_fd.o)
                0x0000000000082f58                alt_release_fd
 .text          0x0000000000082fbc      0x1a4 ../randooo_bsp/\libhal_bsp.a(alt_tick.o)
                0x0000000000082fbc                alt_alarm_stop
                0x0000000000083058                alt_tick
 .text          0x0000000000083160       0x24 ../randooo_bsp/\libhal_bsp.a(altera_nios2_gen2_irq.o)
                0x0000000000083160                altera_nios2_gen2_irq_init
 .text          0x0000000000083184        0x0 ../randooo_bsp/\libhal_bsp.a(alt_exception_entry.o)
 .text          0x0000000000083184      0x108 ../randooo_bsp/\libhal_bsp.a(alt_find_file.o)
                0x0000000000083184                alt_find_file
 .text          0x000000000008328c       0xa4 ../randooo_bsp/\libhal_bsp.a(alt_get_fd.o)
                0x000000000008328c                alt_get_fd
 .text          0x0000000000083330       0x90 ../randooo_bsp/\libhal_bsp.a(alt_icache_flush.o)
                0x0000000000083330                alt_icache_flush
 .text          0x00000000000833c0       0x9c ../randooo_bsp/\libhal_bsp.a(alt_instruction_exception_entry.o)
                0x00000000000833c0                alt_exception_cause_generated_bad_addr
 .text          0x000000000008345c        0x0 c:/intelfpga_lite/17.1/nios2eds/bin/gnu/h-x86_64-mingw32/bin/../lib/gcc/nios2-elf/5.3.0/../../../../../H-x86_64-mingw32/nios2-elf/lib\libc.a(lib_a-atexit.o)
 .text.atexit   0x000000000008345c       0x14 c:/intelfpga_lite/17.1/nios2eds/bin/gnu/h-x86_64-mingw32/bin/../lib/gcc/nios2-elf/5.3.0/../../../../../H-x86_64-mingw32/nios2-elf/lib\libc.a(lib_a-atexit.o)
                0x000000000008345c                atexit
 .text          0x0000000000083470        0x0 c:/intelfpga_lite/17.1/nios2eds/bin/gnu/h-x86_64-mingw32/bin/../lib/gcc/nios2-elf/5.3.0/../../../../../H-x86_64-mingw32/nios2-elf/lib\libc.a(lib_a-exit.o)
 .text.exit     0x0000000000083470       0x38 c:/intelfpga_lite/17.1/nios2eds/bin/gnu/h-x86_64-mingw32/bin/../lib/gcc/nios2-elf/5.3.0/../../../../../H-x86_64-mingw32/nios2-elf/lib\libc.a(lib_a-exit.o)
                0x0000000000083470                exit
 .text          0x00000000000834a8        0x0 c:/intelfpga_lite/17.1/nios2eds/bin/gnu/h-x86_64-mingw32/bin/../lib/gcc/nios2-elf/5.3.0/../../../../../H-x86_64-mingw32/nios2-elf/lib\libc.a(lib_a-impure.o)
 .text          0x00000000000834a8        0x0 c:/intelfpga_lite/17.1/nios2eds/bin/gnu/h-x86_64-mingw32/bin/../lib/gcc/nios2-elf/5.3.0/../../../../../H-x86_64-mingw32/nios2-elf/lib\libc.a(lib_a-int_errno.o)
 .text          0x00000000000834a8        0x0 c:/intelfpga_lite/17.1/nios2eds/bin/gnu/h-x86_64-mingw32/bin/../lib/gcc/nios2-elf/5.3.0/../../../../../H-x86_64-mingw32/nios2-elf/lib\libc.a(lib_a-memcmp.o)
 .text.memcmp   0x00000000000834a8       0x7c c:/intelfpga_lite/17.1/nios2eds/bin/gnu/h-x86_64-mingw32/bin/../lib/gcc/nios2-elf/5.3.0/../../../../../H-x86_64-mingw32/nios2-elf/lib\libc.a(lib_a-memcmp.o)
                0x00000000000834a8                memcmp
 .text          0x0000000000083524        0x0 c:/intelfpga_lite/17.1/nios2eds/bin/gnu/h-x86_64-mingw32/bin/../lib/gcc/nios2-elf/5.3.0/../../../../../H-x86_64-mingw32/nios2-elf/lib\libc.a(lib_a-memcpy.o)
 .text.memcpy   0x0000000000083524      0x148 c:/intelfpga_lite/17.1/nios2eds/bin/gnu/h-x86_64-mingw32/bin/../lib/gcc/nios2-elf/5.3.0/../../../../../H-x86_64-mingw32/nios2-elf/lib\libc.a(lib_a-memcpy.o)
                0x0000000000083524                memcpy
 .text          0x000000000008366c        0x0 c:/intelfpga_lite/17.1/nios2eds/bin/gnu/h-x86_64-mingw32/bin/../lib/gcc/nios2-elf/5.3.0/../../../../../H-x86_64-mingw32/nios2-elf/lib\libc.a(lib_a-putc.o)
 .text._putc_r  0x000000000008366c       0xa0 c:/intelfpga_lite/17.1/nios2eds/bin/gnu/h-x86_64-mingw32/bin/../lib/gcc/nios2-elf/5.3.0/../../../../../H-x86_64-mingw32/nios2-elf/lib\libc.a(lib_a-putc.o)
                0x000000000008366c                _putc_r
 .text.putc     0x000000000008370c       0xc8 c:/intelfpga_lite/17.1/nios2eds/bin/gnu/h-x86_64-mingw32/bin/../lib/gcc/nios2-elf/5.3.0/../../../../../H-x86_64-mingw32/nios2-elf/lib\libc.a(lib_a-putc.o)
                0x000000000008370c                putc
 .text          0x00000000000837d4        0x0 c:/intelfpga_lite/17.1/nios2eds/bin/gnu/h-x86_64-mingw32/bin/../lib/gcc/nios2-elf/5.3.0/../../../../../H-x86_64-mingw32/nios2-elf/lib\libc.a(lib_a-strlen.o)
 .text.strlen   0x00000000000837d4       0x98 c:/intelfpga_lite/17.1/nios2eds/bin/gnu/h-x86_64-mingw32/bin/../lib/gcc/nios2-elf/5.3.0/../../../../../H-x86_64-mingw32/nios2-elf/lib\libc.a(lib_a-strlen.o)
                0x00000000000837d4                strlen
 .text          0x000000000008386c        0x0 c:/intelfpga_lite/17.1/nios2eds/bin/gnu/h-x86_64-mingw32/bin/../lib/gcc/nios2-elf/5.3.0/../../../../../H-x86_64-mingw32/nios2-elf/lib\libc.a(lib_a-wbuf.o)
 .text.__swbuf_r
                0x000000000008386c      0x140 c:/intelfpga_lite/17.1/nios2eds/bin/gnu/h-x86_64-mingw32/bin/../lib/gcc/nios2-elf/5.3.0/../../../../../H-x86_64-mingw32/nios2-elf/lib\libc.a(lib_a-wbuf.o)
                0x000000000008386c                __swbuf_r
 .text.__swbuf  0x00000000000839ac       0x18 c:/intelfpga_lite/17.1/nios2eds/bin/gnu/h-x86_64-mingw32/bin/../lib/gcc/nios2-elf/5.3.0/../../../../../H-x86_64-mingw32/nios2-elf/lib\libc.a(lib_a-wbuf.o)
                0x00000000000839ac                __swbuf
 .text          0x00000000000839c4        0x0 c:/intelfpga_lite/17.1/nios2eds/bin/gnu/h-x86_64-mingw32/bin/../lib/gcc/nios2-elf/5.3.0/../../../../../H-x86_64-mingw32/nios2-elf/lib\libc.a(lib_a-wsetup.o)
 .text.__swsetup_r
                0x00000000000839c4      0x154 c:/intelfpga_lite/17.1/nios2eds/bin/gnu/h-x86_64-mingw32/bin/../lib/gcc/nios2-elf/5.3.0/../../../../../H-x86_64-mingw32/nios2-elf/lib\libc.a(lib_a-wsetup.o)
                0x00000000000839c4                __swsetup_r
 .text          0x0000000000083b18        0x0 c:/intelfpga_lite/17.1/nios2eds/bin/gnu/h-x86_64-mingw32/bin/../lib/gcc/nios2-elf/5.3.0/../../../../../H-x86_64-mingw32/nios2-elf/lib\libc.a(lib_a-__atexit.o)
 .text.__register_exitproc
                0x0000000000083b18      0x118 c:/intelfpga_lite/17.1/nios2eds/bin/gnu/h-x86_64-mingw32/bin/../lib/gcc/nios2-elf/5.3.0/../../../../../H-x86_64-mingw32/nios2-elf/lib\libc.a(lib_a-__atexit.o)
                0x0000000000083b18                __register_exitproc
 .text          0x0000000000083c30        0x0 c:/intelfpga_lite/17.1/nios2eds/bin/gnu/h-x86_64-mingw32/bin/../lib/gcc/nios2-elf/5.3.0/../../../../../H-x86_64-mingw32/nios2-elf/lib\libc.a(lib_a-__call_atexit.o)
 .text.__call_exitprocs
                0x0000000000083c30      0x180 c:/intelfpga_lite/17.1/nios2eds/bin/gnu/h-x86_64-mingw32/bin/../lib/gcc/nios2-elf/5.3.0/../../../../../H-x86_64-mingw32/nios2-elf/lib\libc.a(lib_a-__call_atexit.o)
                0x0000000000083c30                __call_exitprocs
 .text          0x0000000000083db0        0x0 c:/intelfpga_lite/17.1/nios2eds/bin/gnu/h-x86_64-mingw32/bin/../lib/gcc/nios2-elf/5.3.0/../../../../../H-x86_64-mingw32/nios2-elf/lib\libc.a(lib_a-fflush.o)
 .text.__sflush_r
                0x0000000000083db0      0x21c c:/intelfpga_lite/17.1/nios2eds/bin/gnu/h-x86_64-mingw32/bin/../lib/gcc/nios2-elf/5.3.0/../../../../../H-x86_64-mingw32/nios2-elf/lib\libc.a(lib_a-fflush.o)
                0x0000000000083db0                __sflush_r
 .text._fflush_r
                0x0000000000083fcc       0x5c c:/intelfpga_lite/17.1/nios2eds/bin/gnu/h-x86_64-mingw32/bin/../lib/gcc/nios2-elf/5.3.0/../../../../../H-x86_64-mingw32/nios2-elf/lib\libc.a(lib_a-fflush.o)
                0x0000000000083fcc                _fflush_r
 .text.fflush   0x0000000000084028       0x30 c:/intelfpga_lite/17.1/nios2eds/bin/gnu/h-x86_64-mingw32/bin/../lib/gcc/nios2-elf/5.3.0/../../../../../H-x86_64-mingw32/nios2-elf/lib\libc.a(lib_a-fflush.o)
                0x0000000000084028                fflush
 .text          0x0000000000084058        0x0 c:/intelfpga_lite/17.1/nios2eds/bin/gnu/h-x86_64-mingw32/bin/../lib/gcc/nios2-elf/5.3.0/../../../../../H-x86_64-mingw32/nios2-elf/lib\libc.a(lib_a-findfp.o)
 .text.__fp_unlock
                0x0000000000084058        0x8 c:/intelfpga_lite/17.1/nios2eds/bin/gnu/h-x86_64-mingw32/bin/../lib/gcc/nios2-elf/5.3.0/../../../../../H-x86_64-mingw32/nios2-elf/lib\libc.a(lib_a-findfp.o)
 .text._cleanup_r
                0x0000000000084060        0xc c:/intelfpga_lite/17.1/nios2eds/bin/gnu/h-x86_64-mingw32/bin/../lib/gcc/nios2-elf/5.3.0/../../../../../H-x86_64-mingw32/nios2-elf/lib\libc.a(lib_a-findfp.o)
                0x0000000000084060                _cleanup_r
 .text.__sinit.part.1
                0x000000000008406c      0x19c c:/intelfpga_lite/17.1/nios2eds/bin/gnu/h-x86_64-mingw32/bin/../lib/gcc/nios2-elf/5.3.0/../../../../../H-x86_64-mingw32/nios2-elf/lib\libc.a(lib_a-findfp.o)
 .text.__fp_lock
                0x0000000000084208        0x8 c:/intelfpga_lite/17.1/nios2eds/bin/gnu/h-x86_64-mingw32/bin/../lib/gcc/nios2-elf/5.3.0/../../../../../H-x86_64-mingw32/nios2-elf/lib\libc.a(lib_a-findfp.o)
 .text.__sfmoreglue
                0x0000000000084210       0x68 c:/intelfpga_lite/17.1/nios2eds/bin/gnu/h-x86_64-mingw32/bin/../lib/gcc/nios2-elf/5.3.0/../../../../../H-x86_64-mingw32/nios2-elf/lib\libc.a(lib_a-findfp.o)
                0x0000000000084210                __sfmoreglue
 .text.__sfp    0x0000000000084278      0x118 c:/intelfpga_lite/17.1/nios2eds/bin/gnu/h-x86_64-mingw32/bin/../lib/gcc/nios2-elf/5.3.0/../../../../../H-x86_64-mingw32/nios2-elf/lib\libc.a(lib_a-findfp.o)
                0x0000000000084278                __sfp
 .text._cleanup
                0x0000000000084390       0x18 c:/intelfpga_lite/17.1/nios2eds/bin/gnu/h-x86_64-mingw32/bin/../lib/gcc/nios2-elf/5.3.0/../../../../../H-x86_64-mingw32/nios2-elf/lib\libc.a(lib_a-findfp.o)
                0x0000000000084390                _cleanup
 .text.__sinit  0x00000000000843a8       0x10 c:/intelfpga_lite/17.1/nios2eds/bin/gnu/h-x86_64-mingw32/bin/../lib/gcc/nios2-elf/5.3.0/../../../../../H-x86_64-mingw32/nios2-elf/lib\libc.a(lib_a-findfp.o)
                0x00000000000843a8                __sinit
 .text.__sfp_lock_acquire
                0x00000000000843b8        0x4 c:/intelfpga_lite/17.1/nios2eds/bin/gnu/h-x86_64-mingw32/bin/../lib/gcc/nios2-elf/5.3.0/../../../../../H-x86_64-mingw32/nios2-elf/lib\libc.a(lib_a-findfp.o)
                0x00000000000843b8                __sfp_lock_acquire
 .text.__sfp_lock_release
                0x00000000000843bc        0x4 c:/intelfpga_lite/17.1/nios2eds/bin/gnu/h-x86_64-mingw32/bin/../lib/gcc/nios2-elf/5.3.0/../../../../../H-x86_64-mingw32/nios2-elf/lib\libc.a(lib_a-findfp.o)
                0x00000000000843bc                __sfp_lock_release
 .text.__sinit_lock_acquire
                0x00000000000843c0        0x4 c:/intelfpga_lite/17.1/nios2eds/bin/gnu/h-x86_64-mingw32/bin/../lib/gcc/nios2-elf/5.3.0/../../../../../H-x86_64-mingw32/nios2-elf/lib\libc.a(lib_a-findfp.o)
                0x00000000000843c0                __sinit_lock_acquire
 .text.__sinit_lock_release
                0x00000000000843c4        0x4 c:/intelfpga_lite/17.1/nios2eds/bin/gnu/h-x86_64-mingw32/bin/../lib/gcc/nios2-elf/5.3.0/../../../../../H-x86_64-mingw32/nios2-elf/lib\libc.a(lib_a-findfp.o)
                0x00000000000843c4                __sinit_lock_release
 .text.__fp_lock_all
                0x00000000000843c8       0x18 c:/intelfpga_lite/17.1/nios2eds/bin/gnu/h-x86_64-mingw32/bin/../lib/gcc/nios2-elf/5.3.0/../../../../../H-x86_64-mingw32/nios2-elf/lib\libc.a(lib_a-findfp.o)
                0x00000000000843c8                __fp_lock_all
 .text.__fp_unlock_all
                0x00000000000843e0       0x18 c:/intelfpga_lite/17.1/nios2eds/bin/gnu/h-x86_64-mingw32/bin/../lib/gcc/nios2-elf/5.3.0/../../../../../H-x86_64-mingw32/nios2-elf/lib\libc.a(lib_a-findfp.o)
                0x00000000000843e0                __fp_unlock_all
 .text          0x00000000000843f8        0x0 c:/intelfpga_lite/17.1/nios2eds/bin/gnu/h-x86_64-mingw32/bin/../lib/gcc/nios2-elf/5.3.0/../../../../../H-x86_64-mingw32/nios2-elf/lib\libc.a(lib_a-freer.o)
 .text._malloc_trim_r
                0x00000000000843f8      0x124 c:/intelfpga_lite/17.1/nios2eds/bin/gnu/h-x86_64-mingw32/bin/../lib/gcc/nios2-elf/5.3.0/../../../../../H-x86_64-mingw32/nios2-elf/lib\libc.a(lib_a-freer.o)
                0x00000000000843f8                _malloc_trim_r
 .text._free_r  0x000000000008451c      0x310 c:/intelfpga_lite/17.1/nios2eds/bin/gnu/h-x86_64-mingw32/bin/../lib/gcc/nios2-elf/5.3.0/../../../../../H-x86_64-mingw32/nios2-elf/lib\libc.a(lib_a-freer.o)
                0x000000000008451c                _free_r
 .text          0x000000000008482c        0x0 c:/intelfpga_lite/17.1/nios2eds/bin/gnu/h-x86_64-mingw32/bin/../lib/gcc/nios2-elf/5.3.0/../../../../../H-x86_64-mingw32/nios2-elf/lib\libc.a(lib_a-fwalk.o)
 .text._fwalk   0x000000000008482c       0xc4 c:/intelfpga_lite/17.1/nios2eds/bin/gnu/h-x86_64-mingw32/bin/../lib/gcc/nios2-elf/5.3.0/../../../../../H-x86_64-mingw32/nios2-elf/lib\libc.a(lib_a-fwalk.o)
                0x000000000008482c                _fwalk
 .text._fwalk_reent
                0x00000000000848f0       0xc4 c:/intelfpga_lite/17.1/nios2eds/bin/gnu/h-x86_64-mingw32/bin/../lib/gcc/nios2-elf/5.3.0/../../../../../H-x86_64-mingw32/nios2-elf/lib\libc.a(lib_a-fwalk.o)
                0x00000000000848f0                _fwalk_reent
 .text          0x00000000000849b4        0x0 c:/intelfpga_lite/17.1/nios2eds/bin/gnu/h-x86_64-mingw32/bin/../lib/gcc/nios2-elf/5.3.0/../../../../../H-x86_64-mingw32/nios2-elf/lib\libc.a(lib_a-makebuf.o)
 .text.__smakebuf_r
                0x00000000000849b4      0x1bc c:/intelfpga_lite/17.1/nios2eds/bin/gnu/h-x86_64-mingw32/bin/../lib/gcc/nios2-elf/5.3.0/../../../../../H-x86_64-mingw32/nios2-elf/lib\libc.a(lib_a-makebuf.o)
                0x00000000000849b4                __smakebuf_r
 .text          0x0000000000084b70        0x0 c:/intelfpga_lite/17.1/nios2eds/bin/gnu/h-x86_64-mingw32/bin/../lib/gcc/nios2-elf/5.3.0/../../../../../H-x86_64-mingw32/nios2-elf/lib\libc.a(lib_a-mallocr.o)
 .text._malloc_r
                0x0000000000084b70      0x80c c:/intelfpga_lite/17.1/nios2eds/bin/gnu/h-x86_64-mingw32/bin/../lib/gcc/nios2-elf/5.3.0/../../../../../H-x86_64-mingw32/nios2-elf/lib\libc.a(lib_a-mallocr.o)
                0x0000000000084b70                _malloc_r
 .text          0x000000000008537c        0x0 c:/intelfpga_lite/17.1/nios2eds/bin/gnu/h-x86_64-mingw32/bin/../lib/gcc/nios2-elf/5.3.0/../../../../../H-x86_64-mingw32/nios2-elf/lib\libc.a(lib_a-memset.o)
 .text.memset   0x000000000008537c      0x128 c:/intelfpga_lite/17.1/nios2eds/bin/gnu/h-x86_64-mingw32/bin/../lib/gcc/nios2-elf/5.3.0/../../../../../H-x86_64-mingw32/nios2-elf/lib\libc.a(lib_a-memset.o)
                0x000000000008537c                memset
 .text          0x00000000000854a4        0x0 c:/intelfpga_lite/17.1/nios2eds/bin/gnu/h-x86_64-mingw32/bin/../lib/gcc/nios2-elf/5.3.0/../../../../../H-x86_64-mingw32/nios2-elf/lib\libc.a(lib_a-sbrkr.o)
 .text._sbrk_r  0x00000000000854a4       0x54 c:/intelfpga_lite/17.1/nios2eds/bin/gnu/h-x86_64-mingw32/bin/../lib/gcc/nios2-elf/5.3.0/../../../../../H-x86_64-mingw32/nios2-elf/lib\libc.a(lib_a-sbrkr.o)
                0x00000000000854a4                _sbrk_r
 .text          0x00000000000854f8        0x0 c:/intelfpga_lite/17.1/nios2eds/bin/gnu/h-x86_64-mingw32/bin/../lib/gcc/nios2-elf/5.3.0/../../../../../H-x86_64-mingw32/nios2-elf/lib\libc.a(lib_a-stdio.o)
 .text.__sread  0x00000000000854f8       0x54 c:/intelfpga_lite/17.1/nios2eds/bin/gnu/h-x86_64-mingw32/bin/../lib/gcc/nios2-elf/5.3.0/../../../../../H-x86_64-mingw32/nios2-elf/lib\libc.a(lib_a-stdio.o)
                0x00000000000854f8                __sread
 .text.__seofread
                0x000000000008554c        0x8 c:/intelfpga_lite/17.1/nios2eds/bin/gnu/h-x86_64-mingw32/bin/../lib/gcc/nios2-elf/5.3.0/../../../../../H-x86_64-mingw32/nios2-elf/lib\libc.a(lib_a-stdio.o)
                0x000000000008554c                __seofread
 .text.__swrite
                0x0000000000085554       0x7c c:/intelfpga_lite/17.1/nios2eds/bin/gnu/h-x86_64-mingw32/bin/../lib/gcc/nios2-elf/5.3.0/../../../../../H-x86_64-mingw32/nios2-elf/lib\libc.a(lib_a-stdio.o)
                0x0000000000085554                __swrite
 .text.__sseek  0x00000000000855d0       0x5c c:/intelfpga_lite/17.1/nios2eds/bin/gnu/h-x86_64-mingw32/bin/../lib/gcc/nios2-elf/5.3.0/../../../../../H-x86_64-mingw32/nios2-elf/lib\libc.a(lib_a-stdio.o)
                0x00000000000855d0                __sseek
 .text.__sclose
                0x000000000008562c        0x8 c:/intelfpga_lite/17.1/nios2eds/bin/gnu/h-x86_64-mingw32/bin/../lib/gcc/nios2-elf/5.3.0/../../../../../H-x86_64-mingw32/nios2-elf/lib\libc.a(lib_a-stdio.o)
                0x000000000008562c                __sclose
 .text          0x0000000000085634        0x0 c:/intelfpga_lite/17.1/nios2eds/bin/gnu/h-x86_64-mingw32/bin/../lib/gcc/nios2-elf/5.3.0/../../../../../H-x86_64-mingw32/nios2-elf/lib\libc.a(lib_a-writer.o)
 .text._write_r
                0x0000000000085634       0x60 c:/intelfpga_lite/17.1/nios2eds/bin/gnu/h-x86_64-mingw32/bin/../lib/gcc/nios2-elf/5.3.0/../../../../../H-x86_64-mingw32/nios2-elf/lib\libc.a(lib_a-writer.o)
                0x0000000000085634                _write_r
 .text          0x0000000000085694        0x0 c:/intelfpga_lite/17.1/nios2eds/bin/gnu/h-x86_64-mingw32/bin/../lib/gcc/nios2-elf/5.3.0/../../../../../H-x86_64-mingw32/nios2-elf/lib\libc.a(closer.o)
 .text._close_r
                0x0000000000085694       0x54 c:/intelfpga_lite/17.1/nios2eds/bin/gnu/h-x86_64-mingw32/bin/../lib/gcc/nios2-elf/5.3.0/../../../../../H-x86_64-mingw32/nios2-elf/lib\libc.a(closer.o)
                0x0000000000085694                _close_r
 .text          0x00000000000856e8        0x0 c:/intelfpga_lite/17.1/nios2eds/bin/gnu/h-x86_64-mingw32/bin/../lib/gcc/nios2-elf/5.3.0/../../../../../H-x86_64-mingw32/nios2-elf/lib\libc.a(lib_a-fclose.o)
 .text._fclose_r
                0x00000000000856e8       0xf0 c:/intelfpga_lite/17.1/nios2eds/bin/gnu/h-x86_64-mingw32/bin/../lib/gcc/nios2-elf/5.3.0/../../../../../H-x86_64-mingw32/nios2-elf/lib\libc.a(lib_a-fclose.o)
                0x00000000000856e8                _fclose_r
 .text.fclose   0x00000000000857d8       0x14 c:/intelfpga_lite/17.1/nios2eds/bin/gnu/h-x86_64-mingw32/bin/../lib/gcc/nios2-elf/5.3.0/../../../../../H-x86_64-mingw32/nios2-elf/lib\libc.a(lib_a-fclose.o)
                0x00000000000857d8                fclose
 .text          0x00000000000857ec        0x0 c:/intelfpga_lite/17.1/nios2eds/bin/gnu/h-x86_64-mingw32/bin/../lib/gcc/nios2-elf/5.3.0/../../../../../H-x86_64-mingw32/nios2-elf/lib\libc.a(lib_a-fstatr.o)
 .text._fstat_r
                0x00000000000857ec       0x5c c:/intelfpga_lite/17.1/nios2eds/bin/gnu/h-x86_64-mingw32/bin/../lib/gcc/nios2-elf/5.3.0/../../../../../H-x86_64-mingw32/nios2-elf/lib\libc.a(lib_a-fstatr.o)
                0x00000000000857ec                _fstat_r
 .text          0x0000000000085848        0x0 c:/intelfpga_lite/17.1/nios2eds/bin/gnu/h-x86_64-mingw32/bin/../lib/gcc/nios2-elf/5.3.0/../../../../../H-x86_64-mingw32/nios2-elf/lib\libc.a(lib_a-isattyr.o)
 .text._isatty_r
                0x0000000000085848       0x54 c:/intelfpga_lite/17.1/nios2eds/bin/gnu/h-x86_64-mingw32/bin/../lib/gcc/nios2-elf/5.3.0/../../../../../H-x86_64-mingw32/nios2-elf/lib\libc.a(lib_a-isattyr.o)
                0x0000000000085848                _isatty_r
 .text          0x000000000008589c        0x0 c:/intelfpga_lite/17.1/nios2eds/bin/gnu/h-x86_64-mingw32/bin/../lib/gcc/nios2-elf/5.3.0/../../../../../H-x86_64-mingw32/nios2-elf/lib\libc.a(lib_a-lseekr.o)
 .text._lseek_r
                0x000000000008589c       0x60 c:/intelfpga_lite/17.1/nios2eds/bin/gnu/h-x86_64-mingw32/bin/../lib/gcc/nios2-elf/5.3.0/../../../../../H-x86_64-mingw32/nios2-elf/lib\libc.a(lib_a-lseekr.o)
                0x000000000008589c                _lseek_r
 .text          0x00000000000858fc        0x0 c:/intelfpga_lite/17.1/nios2eds/bin/gnu/h-x86_64-mingw32/bin/../lib/gcc/nios2-elf/5.3.0/../../../../../H-x86_64-mingw32/nios2-elf/lib\libc.a(lib_a-readr.o)
 .text._read_r  0x00000000000858fc       0x60 c:/intelfpga_lite/17.1/nios2eds/bin/gnu/h-x86_64-mingw32/bin/../lib/gcc/nios2-elf/5.3.0/../../../../../H-x86_64-mingw32/nios2-elf/lib\libc.a(lib_a-readr.o)
                0x00000000000858fc                _read_r
 .text          0x000000000008595c       0x34 ../randooo_bsp/\libhal_bsp.a(alt_exit.o)
                0x000000000008595c                _exit
 .text          0x0000000000085990       0xec ../randooo_bsp/\libhal_bsp.a(alt_fstat.o)
                0x00000000000859cc                fstat
 .text          0x0000000000085a7c       0xe0 ../randooo_bsp/\libhal_bsp.a(alt_isatty.o)
                0x0000000000085ab8                isatty
 .text          0x0000000000085b5c      0x110 ../randooo_bsp/\libhal_bsp.a(alt_lseek.o)
                0x0000000000085b98                lseek
 .text          0x0000000000085c6c       0x48 ../randooo_bsp/\libhal_bsp.a(alt_malloc_lock.o)
                0x0000000000085c6c                __malloc_lock
                0x0000000000085c90                __malloc_unlock
 .text          0x0000000000085cb4      0x138 ../randooo_bsp/\libhal_bsp.a(alt_read.o)
                0x0000000000085cf0                read
 .text          0x0000000000085dec       0xb0 ../randooo_bsp/\libhal_bsp.a(alt_sbrk.o)
                0x0000000000085dec                sbrk
 .text          0x0000000000085e9c      0x134 ../randooo_bsp/\libhal_bsp.a(alt_write.o)
                0x0000000000085ed8                write
 *(.gnu.warning.*)
 *(.fini)
                [!provide]                        PROVIDE (__etext, ABSOLUTE (.))
                [!provide]                        PROVIDE (_etext, ABSOLUTE (.))
                [!provide]                        PROVIDE (etext, ABSOLUTE (.))
 *(.eh_frame_hdr)
                0x0000000000085fd0                . = ALIGN (0x4)
                [!provide]                        PROVIDE (__preinit_array_start, ABSOLUTE (.))
 *(.preinit_array)
                [!provide]                        PROVIDE (__preinit_array_end, ABSOLUTE (.))
                [!provide]                        PROVIDE (__init_array_start, ABSOLUTE (.))
 *(.init_array)
                [!provide]                        PROVIDE (__init_array_end, ABSOLUTE (.))
                [!provide]                        PROVIDE (__fini_array_start, ABSOLUTE (.))
 *(.fini_array)
                [!provide]                        PROVIDE (__fini_array_end, ABSOLUTE (.))
 *(.eh_frame)
 *(.gcc_except_table .gcc_except_table.*)
 *(.dynamic)
                0x0000000000085fd0                PROVIDE (__CTOR_LIST__, ABSOLUTE (.))
 *(.ctors)
 *(SORT(.ctors.*))
                0x0000000000085fd0                PROVIDE (__CTOR_END__, ABSOLUTE (.))
                0x0000000000085fd0                PROVIDE (__DTOR_LIST__, ABSOLUTE (.))
 *(.dtors)
 *(SORT(.dtors.*))
                0x0000000000085fd0                PROVIDE (__DTOR_END__, ABSOLUTE (.))
 *(.jcr)
                0x0000000000085fd0                . = ALIGN (0x4)

.rodata         0x0000000000085fd0      0x148
                0x0000000000085fd0                PROVIDE (__ram_rodata_start, ABSOLUTE (.))
                0x0000000000085fd0                . = ALIGN (0x4)
 *(.rodata .rodata.* .gnu.linkonce.r.*)
 .rodata        0x0000000000085fd0       0xf6 obj/default/hello_world.o
 *fill*         0x00000000000860c6        0x2 
 .rodata        0x00000000000860c8        0xf ../randooo_bsp/\libhal_bsp.a(alt_main.o)
 *fill*         0x00000000000860d7        0x1 
 .rodata        0x00000000000860d8       0x2e ../randooo_bsp/\libhal_bsp.a(alt_sys_init.o)
 *fill*         0x0000000000086106        0x2 
 .rodata        0x0000000000086108        0xa ../randooo_bsp/\libhal_bsp.a(alt_dev.o)
 *fill*         0x0000000000086112        0x2 
 .rodata.str1.4
                0x0000000000086114        0x4 c:/intelfpga_lite/17.1/nios2eds/bin/gnu/h-x86_64-mingw32/bin/../lib/gcc/nios2-elf/5.3.0/../../../../../H-x86_64-mingw32/nios2-elf/lib\libc.a(lib_a-impure.o)
                                          0x2 (size before relaxing)
 *(.rodata1)
                0x0000000000086118                . = ALIGN (0x4)
                0x0000000000086118                PROVIDE (__ram_rodata_end, ABSOLUTE (.))
                0x0000000000085fd0                PROVIDE (__flash_rodata_start, LOADADDR (.rodata))

.rwdata         0x0000000000086118     0x20c4 load address 0x00000000000881dc
                0x0000000000086118                PROVIDE (__ram_rwdata_start, ABSOLUTE (.))
                0x0000000000086118                . = ALIGN (0x4)
 *(.got.plt)
 *(.got)
 *(.data1)
 *(.data .data.* .gnu.linkonce.d.*)
 .data          0x0000000000086118        0x0 ../randooo_bsp//obj/HAL/src/crt0.o
 .data          0x0000000000086118      0x5ee obj/default/hello_world.o
                0x0000000000086118                tx_frame
 .data          0x0000000000086706        0x0 ../randooo_bsp/\libhal_bsp.a(alt_load.o)
 .data          0x0000000000086706        0x0 ../randooo_bsp/\libhal_bsp.a(alt_main.o)
 .data          0x0000000000086706        0x0 ../randooo_bsp/\libhal_bsp.a(alt_printf.o)
 .data          0x0000000000086706        0x0 ../randooo_bsp/\libhal_bsp.a(alt_putchar.o)
 *fill*         0x0000000000086706        0x2 
 .data          0x0000000000086708     0x10c0 ../randooo_bsp/\libhal_bsp.a(alt_sys_init.o)
 .data          0x00000000000877c8        0x0 ../randooo_bsp/\libhal_bsp.a(altera_avalon_jtag_uart_fd.o)
 .data          0x00000000000877c8        0x0 ../randooo_bsp/\libhal_bsp.a(altera_avalon_jtag_uart_init.o)
 .data          0x00000000000877c8        0x0 ../randooo_bsp/\libhal_bsp.a(altera_avalon_jtag_uart_ioctl.o)
 .data          0x00000000000877c8        0x0 ../randooo_bsp/\libhal_bsp.a(altera_avalon_jtag_uart_read.o)
 .data          0x00000000000877c8        0x0 ../randooo_bsp/\libhal_bsp.a(altera_avalon_jtag_uart_write.o)
 .data          0x00000000000877c8        0x0 ../randooo_bsp/\libhal_bsp.a(altera_avalon_sgdma.o)
 .data          0x00000000000877c8        0x0 ../randooo_bsp/\libhal_bsp.a(altera_avalon_timer_sc.o)
 .data          0x00000000000877c8        0x0 ../randooo_bsp/\libhal_bsp.a(alt_alarm_start.o)
 .data          0x00000000000877c8        0x0 ../randooo_bsp/\libhal_bsp.a(alt_close.o)
 .data          0x00000000000877c8        0x0 ../randooo_bsp/\libhal_bsp.a(alt_dcache_flush.o)
 .data          0x00000000000877c8        0x0 ../randooo_bsp/\libhal_bsp.a(alt_dcache_flush_all.o)
 .data          0x00000000000877c8      0x1a8 ../randooo_bsp/\libhal_bsp.a(alt_dev.o)
                0x00000000000877c8                alt_dev_null
                0x00000000000877f0                alt_fd_list
 .data          0x0000000000087970        0x0 ../randooo_bsp/\libhal_bsp.a(alt_dev_llist_insert.o)
 .data          0x0000000000087970        0x0 ../randooo_bsp/\libhal_bsp.a(alt_do_ctors.o)
 .data          0x0000000000087970        0x0 ../randooo_bsp/\libhal_bsp.a(alt_do_dtors.o)
 .data          0x0000000000087970        0x0 ../randooo_bsp/\libhal_bsp.a(alt_errno.o)
 .data          0x0000000000087970        0x0 ../randooo_bsp/\libhal_bsp.a(alt_find_dev.o)
 .data          0x0000000000087970        0x0 ../randooo_bsp/\libhal_bsp.a(alt_icache_flush_all.o)
 .data          0x0000000000087970        0x0 ../randooo_bsp/\libhal_bsp.a(alt_iic.o)
 .data          0x0000000000087970        0x0 ../randooo_bsp/\libhal_bsp.a(alt_iic_isr_register.o)
 .data          0x0000000000087970        0x0 ../randooo_bsp/\libhal_bsp.a(alt_io_redirect.o)
 .data          0x0000000000087970        0x0 ../randooo_bsp/\libhal_bsp.a(alt_irq_entry.o)
 .data          0x0000000000087970        0x0 ../randooo_bsp/\libhal_bsp.a(alt_irq_handler.o)
 .data          0x0000000000087970        0x0 ../randooo_bsp/\libhal_bsp.a(alt_irq_vars.o)
 .data          0x0000000000087970        0x0 ../randooo_bsp/\libhal_bsp.a(alt_open.o)
 .data          0x0000000000087970        0x0 ../randooo_bsp/\libhal_bsp.a(alt_release_fd.o)
 .data          0x0000000000087970        0x0 ../randooo_bsp/\libhal_bsp.a(alt_tick.o)
 .data          0x0000000000087970        0x0 ../randooo_bsp/\libhal_bsp.a(altera_nios2_gen2_irq.o)
 .data          0x0000000000087970        0x0 ../randooo_bsp/\libhal_bsp.a(alt_exception_entry.o)
 .data          0x0000000000087970        0x0 ../randooo_bsp/\libhal_bsp.a(alt_find_file.o)
 .data          0x0000000000087970        0x0 ../randooo_bsp/\libhal_bsp.a(alt_get_fd.o)
 .data          0x0000000000087970        0x0 ../randooo_bsp/\libhal_bsp.a(alt_icache_flush.o)
 .data          0x0000000000087970        0x0 ../randooo_bsp/\libhal_bsp.a(alt_instruction_exception_entry.o)
 .data          0x0000000000087970        0x0 c:/intelfpga_lite/17.1/nios2eds/bin/gnu/h-x86_64-mingw32/bin/../lib/gcc/nios2-elf/5.3.0/../../../../../H-x86_64-mingw32/nios2-elf/lib\libc.a(lib_a-atexit.o)
 .data          0x0000000000087970        0x0 c:/intelfpga_lite/17.1/nios2eds/bin/gnu/h-x86_64-mingw32/bin/../lib/gcc/nios2-elf/5.3.0/../../../../../H-x86_64-mingw32/nios2-elf/lib\libc.a(lib_a-exit.o)
 .data          0x0000000000087970        0x0 c:/intelfpga_lite/17.1/nios2eds/bin/gnu/h-x86_64-mingw32/bin/../lib/gcc/nios2-elf/5.3.0/../../../../../H-x86_64-mingw32/nios2-elf/lib\libc.a(lib_a-impure.o)
 .data.impure_data
                0x0000000000087970      0x424 c:/intelfpga_lite/17.1/nios2eds/bin/gnu/h-x86_64-mingw32/bin/../lib/gcc/nios2-elf/5.3.0/../../../../../H-x86_64-mingw32/nios2-elf/lib\libc.a(lib_a-impure.o)
 .data          0x0000000000087d94        0x0 c:/intelfpga_lite/17.1/nios2eds/bin/gnu/h-x86_64-mingw32/bin/../lib/gcc/nios2-elf/5.3.0/../../../../../H-x86_64-mingw32/nios2-elf/lib\libc.a(lib_a-int_errno.o)
 .data          0x0000000000087d94        0x0 c:/intelfpga_lite/17.1/nios2eds/bin/gnu/h-x86_64-mingw32/bin/../lib/gcc/nios2-elf/5.3.0/../../../../../H-x86_64-mingw32/nios2-elf/lib\libc.a(lib_a-memcmp.o)
 .data          0x0000000000087d94        0x0 c:/intelfpga_lite/17.1/nios2eds/bin/gnu/h-x86_64-mingw32/bin/../lib/gcc/nios2-elf/5.3.0/../../../../../H-x86_64-mingw32/nios2-elf/lib\libc.a(lib_a-memcpy.o)
 .data          0x0000000000087d94        0x0 c:/intelfpga_lite/17.1/nios2eds/bin/gnu/h-x86_64-mingw32/bin/../lib/gcc/nios2-elf/5.3.0/../../../../../H-x86_64-mingw32/nios2-elf/lib\libc.a(lib_a-putc.o)
 .data          0x0000000000087d94        0x0 c:/intelfpga_lite/17.1/nios2eds/bin/gnu/h-x86_64-mingw32/bin/../lib/gcc/nios2-elf/5.3.0/../../../../../H-x86_64-mingw32/nios2-elf/lib\libc.a(lib_a-strlen.o)
 .data          0x0000000000087d94        0x0 c:/intelfpga_lite/17.1/nios2eds/bin/gnu/h-x86_64-mingw32/bin/../lib/gcc/nios2-elf/5.3.0/../../../../../H-x86_64-mingw32/nios2-elf/lib\libc.a(lib_a-wbuf.o)
 .data          0x0000000000087d94        0x0 c:/intelfpga_lite/17.1/nios2eds/bin/gnu/h-x86_64-mingw32/bin/../lib/gcc/nios2-elf/5.3.0/../../../../../H-x86_64-mingw32/nios2-elf/lib\libc.a(lib_a-wsetup.o)
 .data          0x0000000000087d94        0x0 c:/intelfpga_lite/17.1/nios2eds/bin/gnu/h-x86_64-mingw32/bin/../lib/gcc/nios2-elf/5.3.0/../../../../../H-x86_64-mingw32/nios2-elf/lib\libc.a(lib_a-__atexit.o)
 .data          0x0000000000087d94        0x0 c:/intelfpga_lite/17.1/nios2eds/bin/gnu/h-x86_64-mingw32/bin/../lib/gcc/nios2-elf/5.3.0/../../../../../H-x86_64-mingw32/nios2-elf/lib\libc.a(lib_a-__call_atexit.o)
 .data          0x0000000000087d94        0x0 c:/intelfpga_lite/17.1/nios2eds/bin/gnu/h-x86_64-mingw32/bin/../lib/gcc/nios2-elf/5.3.0/../../../../../H-x86_64-mingw32/nios2-elf/lib\libc.a(lib_a-fflush.o)
 .data          0x0000000000087d94        0x0 c:/intelfpga_lite/17.1/nios2eds/bin/gnu/h-x86_64-mingw32/bin/../lib/gcc/nios2-elf/5.3.0/../../../../../H-x86_64-mingw32/nios2-elf/lib\libc.a(lib_a-findfp.o)
 .data          0x0000000000087d94        0x0 c:/intelfpga_lite/17.1/nios2eds/bin/gnu/h-x86_64-mingw32/bin/../lib/gcc/nios2-elf/5.3.0/../../../../../H-x86_64-mingw32/nios2-elf/lib\libc.a(lib_a-freer.o)
 .data          0x0000000000087d94        0x0 c:/intelfpga_lite/17.1/nios2eds/bin/gnu/h-x86_64-mingw32/bin/../lib/gcc/nios2-elf/5.3.0/../../../../../H-x86_64-mingw32/nios2-elf/lib\libc.a(lib_a-fwalk.o)
 .data          0x0000000000087d94        0x0 c:/intelfpga_lite/17.1/nios2eds/bin/gnu/h-x86_64-mingw32/bin/../lib/gcc/nios2-elf/5.3.0/../../../../../H-x86_64-mingw32/nios2-elf/lib\libc.a(lib_a-makebuf.o)
 .data          0x0000000000087d94        0x0 c:/intelfpga_lite/17.1/nios2eds/bin/gnu/h-x86_64-mingw32/bin/../lib/gcc/nios2-elf/5.3.0/../../../../../H-x86_64-mingw32/nios2-elf/lib\libc.a(lib_a-mallocr.o)
 .data.__malloc_av_
                0x0000000000087d94      0x408 c:/intelfpga_lite/17.1/nios2eds/bin/gnu/h-x86_64-mingw32/bin/../lib/gcc/nios2-elf/5.3.0/../../../../../H-x86_64-mingw32/nios2-elf/lib\libc.a(lib_a-mallocr.o)
                0x0000000000087d94                __malloc_av_
 .data          0x000000000008819c        0x0 c:/intelfpga_lite/17.1/nios2eds/bin/gnu/h-x86_64-mingw32/bin/../lib/gcc/nios2-elf/5.3.0/../../../../../H-x86_64-mingw32/nios2-elf/lib\libc.a(lib_a-memset.o)
 .data          0x000000000008819c        0x0 c:/intelfpga_lite/17.1/nios2eds/bin/gnu/h-x86_64-mingw32/bin/../lib/gcc/nios2-elf/5.3.0/../../../../../H-x86_64-mingw32/nios2-elf/lib\libc.a(lib_a-sbrkr.o)
 .data          0x000000000008819c        0x0 c:/intelfpga_lite/17.1/nios2eds/bin/gnu/h-x86_64-mingw32/bin/../lib/gcc/nios2-elf/5.3.0/../../../../../H-x86_64-mingw32/nios2-elf/lib\libc.a(lib_a-stdio.o)
 .data          0x000000000008819c        0x0 c:/intelfpga_lite/17.1/nios2eds/bin/gnu/h-x86_64-mingw32/bin/../lib/gcc/nios2-elf/5.3.0/../../../../../H-x86_64-mingw32/nios2-elf/lib\libc.a(lib_a-writer.o)
 .data          0x000000000008819c        0x0 c:/intelfpga_lite/17.1/nios2eds/bin/gnu/h-x86_64-mingw32/bin/../lib/gcc/nios2-elf/5.3.0/../../../../../H-x86_64-mingw32/nios2-elf/lib\libc.a(closer.o)
 .data          0x000000000008819c        0x0 c:/intelfpga_lite/17.1/nios2eds/bin/gnu/h-x86_64-mingw32/bin/../lib/gcc/nios2-elf/5.3.0/../../../../../H-x86_64-mingw32/nios2-elf/lib\libc.a(lib_a-fclose.o)
 .data          0x000000000008819c        0x0 c:/intelfpga_lite/17.1/nios2eds/bin/gnu/h-x86_64-mingw32/bin/../lib/gcc/nios2-elf/5.3.0/../../../../../H-x86_64-mingw32/nios2-elf/lib\libc.a(lib_a-fstatr.o)
 .data          0x000000000008819c        0x0 c:/intelfpga_lite/17.1/nios2eds/bin/gnu/h-x86_64-mingw32/bin/../lib/gcc/nios2-elf/5.3.0/../../../../../H-x86_64-mingw32/nios2-elf/lib\libc.a(lib_a-isattyr.o)
 .data          0x000000000008819c        0x0 c:/intelfpga_lite/17.1/nios2eds/bin/gnu/h-x86_64-mingw32/bin/../lib/gcc/nios2-elf/5.3.0/../../../../../H-x86_64-mingw32/nios2-elf/lib\libc.a(lib_a-lseekr.o)
 .data          0x000000000008819c        0x0 c:/intelfpga_lite/17.1/nios2eds/bin/gnu/h-x86_64-mingw32/bin/../lib/gcc/nios2-elf/5.3.0/../../../../../H-x86_64-mingw32/nios2-elf/lib\libc.a(lib_a-readr.o)
 .data          0x000000000008819c        0x0 ../randooo_bsp/\libhal_bsp.a(alt_exit.o)
 .data          0x000000000008819c        0x0 ../randooo_bsp/\libhal_bsp.a(alt_fstat.o)
 .data          0x000000000008819c        0x0 ../randooo_bsp/\libhal_bsp.a(alt_isatty.o)
 .data          0x000000000008819c        0x0 ../randooo_bsp/\libhal_bsp.a(alt_lseek.o)
 .data          0x000000000008819c        0x0 ../randooo_bsp/\libhal_bsp.a(alt_malloc_lock.o)
 .data          0x000000000008819c        0x0 ../randooo_bsp/\libhal_bsp.a(alt_read.o)
 .data          0x000000000008819c        0x0 ../randooo_bsp/\libhal_bsp.a(alt_sbrk.o)
 .data          0x000000000008819c        0x0 ../randooo_bsp/\libhal_bsp.a(alt_write.o)
                0x000000000009019c                _gp = ABSOLUTE ((. + 0x8000))
                [!provide]                        PROVIDE (gp, _gp)
 *(.rwdata .rwdata.*)
 *(.sdata .sdata.* .gnu.linkonce.s.*)
 .sdata         0x000000000008819c        0x8 ../randooo_bsp/\libhal_bsp.a(altera_avalon_sgdma.o)
                0x000000000008819c                alt_sgdma_list
 .sdata         0x00000000000881a4       0x14 ../randooo_bsp/\libhal_bsp.a(alt_dev.o)
                0x00000000000881a4                alt_fs_list
                0x00000000000881ac                alt_dev_list
                0x00000000000881b4                alt_max_fd
 .sdata         0x00000000000881b8        0x4 ../randooo_bsp/\libhal_bsp.a(alt_errno.o)
                0x00000000000881b8                alt_errno
 .sdata         0x00000000000881bc        0x4 ../randooo_bsp/\libhal_bsp.a(alt_irq_vars.o)
                0x00000000000881bc                alt_priority_mask
 .sdata         0x00000000000881c0        0x8 ../randooo_bsp/\libhal_bsp.a(alt_tick.o)
                0x00000000000881c0                alt_alarm_list
 .sdata._global_impure_ptr
                0x00000000000881c8        0x4 c:/intelfpga_lite/17.1/nios2eds/bin/gnu/h-x86_64-mingw32/bin/../lib/gcc/nios2-elf/5.3.0/../../../../../H-x86_64-mingw32/nios2-elf/lib\libc.a(lib_a-impure.o)
                0x00000000000881c8                _global_impure_ptr
 .sdata._impure_ptr
                0x00000000000881cc        0x4 c:/intelfpga_lite/17.1/nios2eds/bin/gnu/h-x86_64-mingw32/bin/../lib/gcc/nios2-elf/5.3.0/../../../../../H-x86_64-mingw32/nios2-elf/lib\libc.a(lib_a-impure.o)
                0x00000000000881cc                _impure_ptr
 .sdata.__malloc_sbrk_base
                0x00000000000881d0        0x4 c:/intelfpga_lite/17.1/nios2eds/bin/gnu/h-x86_64-mingw32/bin/../lib/gcc/nios2-elf/5.3.0/../../../../../H-x86_64-mingw32/nios2-elf/lib\libc.a(lib_a-mallocr.o)
                0x00000000000881d0                __malloc_sbrk_base
 .sdata.__malloc_trim_threshold
                0x00000000000881d4        0x4 c:/intelfpga_lite/17.1/nios2eds/bin/gnu/h-x86_64-mingw32/bin/../lib/gcc/nios2-elf/5.3.0/../../../../../H-x86_64-mingw32/nios2-elf/lib\libc.a(lib_a-mallocr.o)
                0x00000000000881d4                __malloc_trim_threshold
 .sdata         0x00000000000881d8        0x4 ../randooo_bsp/\libhal_bsp.a(alt_sbrk.o)
 *(.sdata2 .sdata2.* .gnu.linkonce.s2.*)
                0x00000000000881dc                . = ALIGN (0x4)
                0x00000000000881dc                _edata = ABSOLUTE (.)
                [!provide]                        PROVIDE (edata, ABSOLUTE (.))
                0x00000000000881dc                PROVIDE (__ram_rwdata_end, ABSOLUTE (.))
                0x00000000000881dc                PROVIDE (__flash_rwdata_start, LOADADDR (.rwdata))

.bss            0x000000000008a2a0      0x750
                0x000000000008a2a0                __bss_start = ABSOLUTE (.)
                [!provide]                        PROVIDE (__sbss_start, ABSOLUTE (.))
                [!provide]                        PROVIDE (___sbss_start, ABSOLUTE (.))
 *(.dynsbss)
 *(.sbss .sbss.* .gnu.linkonce.sb.*)
 .sbss          0x000000000008a2a0        0x4 obj/default/hello_world.o
                0x000000000008a2a0                i
 .sbss          0x000000000008a2a4        0x8 obj/default/hello_world.o
                0x000000000008a2a4                sgdma_tx_dev
                0x000000000008a2a8                sgdma_rx_dev
 .sbss          0x000000000008a2ac        0xc ../randooo_bsp/\libhal_bsp.a(alt_main.o)
                0x000000000008a2ac                alt_argc
                0x000000000008a2b0                alt_argv
                0x000000000008a2b4                alt_envp
 .sbss          0x000000000008a2b8        0x4 ../randooo_bsp/\libhal_bsp.a(alt_irq_vars.o)
                0x000000000008a2b8                alt_irq_active
 .sbss          0x000000000008a2bc        0x8 ../randooo_bsp/\libhal_bsp.a(alt_tick.o)
                0x000000000008a2bc                _alt_tick_rate
                0x000000000008a2c0                _alt_nticks
 .sbss          0x000000000008a2c4        0x4 ../randooo_bsp/\libhal_bsp.a(alt_instruction_exception_entry.o)
                0x000000000008a2c4                alt_instruction_exception_handler
 .sbss          0x000000000008a2c8        0x4 c:/intelfpga_lite/17.1/nios2eds/bin/gnu/h-x86_64-mingw32/bin/../lib/gcc/nios2-elf/5.3.0/../../../../../H-x86_64-mingw32/nios2-elf/lib\libc.a(lib_a-int_errno.o)
                0x000000000008a2c8                errno
 .sbss.__malloc_max_total_mem
                0x000000000008a2cc        0x4 c:/intelfpga_lite/17.1/nios2eds/bin/gnu/h-x86_64-mingw32/bin/../lib/gcc/nios2-elf/5.3.0/../../../../../H-x86_64-mingw32/nios2-elf/lib\libc.a(lib_a-mallocr.o)
                0x000000000008a2cc                __malloc_max_total_mem
 .sbss.__malloc_max_sbrked_mem
                0x000000000008a2d0        0x4 c:/intelfpga_lite/17.1/nios2eds/bin/gnu/h-x86_64-mingw32/bin/../lib/gcc/nios2-elf/5.3.0/../../../../../H-x86_64-mingw32/nios2-elf/lib\libc.a(lib_a-mallocr.o)
                0x000000000008a2d0                __malloc_max_sbrked_mem
 .sbss.__malloc_top_pad
                0x000000000008a2d4        0x4 c:/intelfpga_lite/17.1/nios2eds/bin/gnu/h-x86_64-mingw32/bin/../lib/gcc/nios2-elf/5.3.0/../../../../../H-x86_64-mingw32/nios2-elf/lib\libc.a(lib_a-mallocr.o)
                0x000000000008a2d4                __malloc_top_pad
 *(.sbss2 .sbss2.* .gnu.linkonce.sb2.*)
 *(.scommon)
                [!provide]                        PROVIDE (__sbss_end, ABSOLUTE (.))
                [!provide]                        PROVIDE (___sbss_end, ABSOLUTE (.))
 *(.dynbss)
 *(.bss .bss.* .gnu.linkonce.b.*)
 .bss           0x000000000008a2d8        0x0 ../randooo_bsp//obj/HAL/src/crt0.o
 .bss           0x000000000008a2d8      0x5ee obj/default/hello_world.o
                0x000000000008a2d8                rx_frame
 .bss           0x000000000008a8c6        0x0 ../randooo_bsp/\libhal_bsp.a(alt_load.o)
 .bss           0x000000000008a8c6        0x0 ../randooo_bsp/\libhal_bsp.a(alt_main.o)
 .bss           0x000000000008a8c6        0x0 ../randooo_bsp/\libhal_bsp.a(alt_printf.o)
 .bss           0x000000000008a8c6        0x0 ../randooo_bsp/\libhal_bsp.a(alt_putchar.o)
 .bss           0x000000000008a8c6        0x0 ../randooo_bsp/\libhal_bsp.a(alt_sys_init.o)
 .bss           0x000000000008a8c6        0x0 ../randooo_bsp/\libhal_bsp.a(altera_avalon_jtag_uart_fd.o)
 .bss           0x000000000008a8c6        0x0 ../randooo_bsp/\libhal_bsp.a(altera_avalon_jtag_uart_init.o)
 .bss           0x000000000008a8c6        0x0 ../randooo_bsp/\libhal_bsp.a(altera_avalon_jtag_uart_ioctl.o)
 .bss           0x000000000008a8c6        0x0 ../randooo_bsp/\libhal_bsp.a(altera_avalon_jtag_uart_read.o)
 .bss           0x000000000008a8c6        0x0 ../randooo_bsp/\libhal_bsp.a(altera_avalon_jtag_uart_write.o)
 .bss           0x000000000008a8c6        0x0 ../randooo_bsp/\libhal_bsp.a(altera_avalon_sgdma.o)
 .bss           0x000000000008a8c6        0x0 ../randooo_bsp/\libhal_bsp.a(altera_avalon_timer_sc.o)
 .bss           0x000000000008a8c6        0x0 ../randooo_bsp/\libhal_bsp.a(alt_alarm_start.o)
 .bss           0x000000000008a8c6        0x0 ../randooo_bsp/\libhal_bsp.a(alt_close.o)
 .bss           0x000000000008a8c6        0x0 ../randooo_bsp/\libhal_bsp.a(alt_dcache_flush.o)
 .bss           0x000000000008a8c6        0x0 ../randooo_bsp/\libhal_bsp.a(alt_dcache_flush_all.o)
 .bss           0x000000000008a8c6        0x0 ../randooo_bsp/\libhal_bsp.a(alt_dev.o)
 .bss           0x000000000008a8c6        0x0 ../randooo_bsp/\libhal_bsp.a(alt_dev_llist_insert.o)
 .bss           0x000000000008a8c6        0x0 ../randooo_bsp/\libhal_bsp.a(alt_do_ctors.o)
 .bss           0x000000000008a8c6        0x0 ../randooo_bsp/\libhal_bsp.a(alt_do_dtors.o)
 .bss           0x000000000008a8c6        0x0 ../randooo_bsp/\libhal_bsp.a(alt_errno.o)
 .bss           0x000000000008a8c6        0x0 ../randooo_bsp/\libhal_bsp.a(alt_find_dev.o)
 .bss           0x000000000008a8c6        0x0 ../randooo_bsp/\libhal_bsp.a(alt_icache_flush_all.o)
 .bss           0x000000000008a8c6        0x0 ../randooo_bsp/\libhal_bsp.a(alt_iic.o)
 .bss           0x000000000008a8c6        0x0 ../randooo_bsp/\libhal_bsp.a(alt_iic_isr_register.o)
 .bss           0x000000000008a8c6        0x0 ../randooo_bsp/\libhal_bsp.a(alt_io_redirect.o)
 .bss           0x000000000008a8c6        0x0 ../randooo_bsp/\libhal_bsp.a(alt_irq_entry.o)
 .bss           0x000000000008a8c6        0x0 ../randooo_bsp/\libhal_bsp.a(alt_irq_handler.o)
 .bss           0x000000000008a8c6        0x0 ../randooo_bsp/\libhal_bsp.a(alt_irq_vars.o)
 .bss           0x000000000008a8c6        0x0 ../randooo_bsp/\libhal_bsp.a(alt_open.o)
 .bss           0x000000000008a8c6        0x0 ../randooo_bsp/\libhal_bsp.a(alt_release_fd.o)
 .bss           0x000000000008a8c6        0x0 ../randooo_bsp/\libhal_bsp.a(alt_tick.o)
 .bss           0x000000000008a8c6        0x0 ../randooo_bsp/\libhal_bsp.a(altera_nios2_gen2_irq.o)
 .bss           0x000000000008a8c6        0x0 ../randooo_bsp/\libhal_bsp.a(alt_exception_entry.o)
 .bss           0x000000000008a8c6        0x0 ../randooo_bsp/\libhal_bsp.a(alt_find_file.o)
 .bss           0x000000000008a8c6        0x0 ../randooo_bsp/\libhal_bsp.a(alt_get_fd.o)
 .bss           0x000000000008a8c6        0x0 ../randooo_bsp/\libhal_bsp.a(alt_icache_flush.o)
 .bss           0x000000000008a8c6        0x0 ../randooo_bsp/\libhal_bsp.a(alt_instruction_exception_entry.o)
 .bss           0x000000000008a8c6        0x0 c:/intelfpga_lite/17.1/nios2eds/bin/gnu/h-x86_64-mingw32/bin/../lib/gcc/nios2-elf/5.3.0/../../../../../H-x86_64-mingw32/nios2-elf/lib\libc.a(lib_a-atexit.o)
 .bss           0x000000000008a8c6        0x0 c:/intelfpga_lite/17.1/nios2eds/bin/gnu/h-x86_64-mingw32/bin/../lib/gcc/nios2-elf/5.3.0/../../../../../H-x86_64-mingw32/nios2-elf/lib\libc.a(lib_a-exit.o)
 .bss           0x000000000008a8c6        0x0 c:/intelfpga_lite/17.1/nios2eds/bin/gnu/h-x86_64-mingw32/bin/../lib/gcc/nios2-elf/5.3.0/../../../../../H-x86_64-mingw32/nios2-elf/lib\libc.a(lib_a-impure.o)
 .bss           0x000000000008a8c6        0x0 c:/intelfpga_lite/17.1/nios2eds/bin/gnu/h-x86_64-mingw32/bin/../lib/gcc/nios2-elf/5.3.0/../../../../../H-x86_64-mingw32/nios2-elf/lib\libc.a(lib_a-int_errno.o)
 .bss           0x000000000008a8c6        0x0 c:/intelfpga_lite/17.1/nios2eds/bin/gnu/h-x86_64-mingw32/bin/../lib/gcc/nios2-elf/5.3.0/../../../../../H-x86_64-mingw32/nios2-elf/lib\libc.a(lib_a-memcmp.o)
 .bss           0x000000000008a8c6        0x0 c:/intelfpga_lite/17.1/nios2eds/bin/gnu/h-x86_64-mingw32/bin/../lib/gcc/nios2-elf/5.3.0/../../../../../H-x86_64-mingw32/nios2-elf/lib\libc.a(lib_a-memcpy.o)
 .bss           0x000000000008a8c6        0x0 c:/intelfpga_lite/17.1/nios2eds/bin/gnu/h-x86_64-mingw32/bin/../lib/gcc/nios2-elf/5.3.0/../../../../../H-x86_64-mingw32/nios2-elf/lib\libc.a(lib_a-putc.o)
 .bss           0x000000000008a8c6        0x0 c:/intelfpga_lite/17.1/nios2eds/bin/gnu/h-x86_64-mingw32/bin/../lib/gcc/nios2-elf/5.3.0/../../../../../H-x86_64-mingw32/nios2-elf/lib\libc.a(lib_a-strlen.o)
 .bss           0x000000000008a8c6        0x0 c:/intelfpga_lite/17.1/nios2eds/bin/gnu/h-x86_64-mingw32/bin/../lib/gcc/nios2-elf/5.3.0/../../../../../H-x86_64-mingw32/nios2-elf/lib\libc.a(lib_a-wbuf.o)
 .bss           0x000000000008a8c6        0x0 c:/intelfpga_lite/17.1/nios2eds/bin/gnu/h-x86_64-mingw32/bin/../lib/gcc/nios2-elf/5.3.0/../../../../../H-x86_64-mingw32/nios2-elf/lib\libc.a(lib_a-wsetup.o)
 .bss           0x000000000008a8c6        0x0 c:/intelfpga_lite/17.1/nios2eds/bin/gnu/h-x86_64-mingw32/bin/../lib/gcc/nios2-elf/5.3.0/../../../../../H-x86_64-mingw32/nios2-elf/lib\libc.a(lib_a-__atexit.o)
 .bss           0x000000000008a8c6        0x0 c:/intelfpga_lite/17.1/nios2eds/bin/gnu/h-x86_64-mingw32/bin/../lib/gcc/nios2-elf/5.3.0/../../../../../H-x86_64-mingw32/nios2-elf/lib\libc.a(lib_a-__call_atexit.o)
 .bss           0x000000000008a8c6        0x0 c:/intelfpga_lite/17.1/nios2eds/bin/gnu/h-x86_64-mingw32/bin/../lib/gcc/nios2-elf/5.3.0/../../../../../H-x86_64-mingw32/nios2-elf/lib\libc.a(lib_a-fflush.o)
 .bss           0x000000000008a8c6        0x0 c:/intelfpga_lite/17.1/nios2eds/bin/gnu/h-x86_64-mingw32/bin/../lib/gcc/nios2-elf/5.3.0/../../../../../H-x86_64-mingw32/nios2-elf/lib\libc.a(lib_a-findfp.o)
 .bss           0x000000000008a8c6        0x0 c:/intelfpga_lite/17.1/nios2eds/bin/gnu/h-x86_64-mingw32/bin/../lib/gcc/nios2-elf/5.3.0/../../../../../H-x86_64-mingw32/nios2-elf/lib\libc.a(lib_a-freer.o)
 .bss           0x000000000008a8c6        0x0 c:/intelfpga_lite/17.1/nios2eds/bin/gnu/h-x86_64-mingw32/bin/../lib/gcc/nios2-elf/5.3.0/../../../../../H-x86_64-mingw32/nios2-elf/lib\libc.a(lib_a-fwalk.o)
 .bss           0x000000000008a8c6        0x0 c:/intelfpga_lite/17.1/nios2eds/bin/gnu/h-x86_64-mingw32/bin/../lib/gcc/nios2-elf/5.3.0/../../../../../H-x86_64-mingw32/nios2-elf/lib\libc.a(lib_a-makebuf.o)
 .bss           0x000000000008a8c6        0x0 c:/intelfpga_lite/17.1/nios2eds/bin/gnu/h-x86_64-mingw32/bin/../lib/gcc/nios2-elf/5.3.0/../../../../../H-x86_64-mingw32/nios2-elf/lib\libc.a(lib_a-mallocr.o)
 *fill*         0x000000000008a8c6        0x2 
 .bss.__malloc_current_mallinfo
                0x000000000008a8c8       0x28 c:/intelfpga_lite/17.1/nios2eds/bin/gnu/h-x86_64-mingw32/bin/../lib/gcc/nios2-elf/5.3.0/../../../../../H-x86_64-mingw32/nios2-elf/lib\libc.a(lib_a-mallocr.o)
                0x000000000008a8c8                __malloc_current_mallinfo
 .bss           0x000000000008a8f0        0x0 c:/intelfpga_lite/17.1/nios2eds/bin/gnu/h-x86_64-mingw32/bin/../lib/gcc/nios2-elf/5.3.0/../../../../../H-x86_64-mingw32/nios2-elf/lib\libc.a(lib_a-memset.o)
 .bss           0x000000000008a8f0        0x0 c:/intelfpga_lite/17.1/nios2eds/bin/gnu/h-x86_64-mingw32/bin/../lib/gcc/nios2-elf/5.3.0/../../../../../H-x86_64-mingw32/nios2-elf/lib\libc.a(lib_a-sbrkr.o)
 .bss           0x000000000008a8f0        0x0 c:/intelfpga_lite/17.1/nios2eds/bin/gnu/h-x86_64-mingw32/bin/../lib/gcc/nios2-elf/5.3.0/../../../../../H-x86_64-mingw32/nios2-elf/lib\libc.a(lib_a-stdio.o)
 .bss           0x000000000008a8f0        0x0 c:/intelfpga_lite/17.1/nios2eds/bin/gnu/h-x86_64-mingw32/bin/../lib/gcc/nios2-elf/5.3.0/../../../../../H-x86_64-mingw32/nios2-elf/lib\libc.a(lib_a-writer.o)
 .bss           0x000000000008a8f0        0x0 c:/intelfpga_lite/17.1/nios2eds/bin/gnu/h-x86_64-mingw32/bin/../lib/gcc/nios2-elf/5.3.0/../../../../../H-x86_64-mingw32/nios2-elf/lib\libc.a(closer.o)
 .bss           0x000000000008a8f0        0x0 c:/intelfpga_lite/17.1/nios2eds/bin/gnu/h-x86_64-mingw32/bin/../lib/gcc/nios2-elf/5.3.0/../../../../../H-x86_64-mingw32/nios2-elf/lib\libc.a(lib_a-fclose.o)
 .bss           0x000000000008a8f0        0x0 c:/intelfpga_lite/17.1/nios2eds/bin/gnu/h-x86_64-mingw32/bin/../lib/gcc/nios2-elf/5.3.0/../../../../../H-x86_64-mingw32/nios2-elf/lib\libc.a(lib_a-fstatr.o)
 .bss           0x000000000008a8f0        0x0 c:/intelfpga_lite/17.1/nios2eds/bin/gnu/h-x86_64-mingw32/bin/../lib/gcc/nios2-elf/5.3.0/../../../../../H-x86_64-mingw32/nios2-elf/lib\libc.a(lib_a-isattyr.o)
 .bss           0x000000000008a8f0        0x0 c:/intelfpga_lite/17.1/nios2eds/bin/gnu/h-x86_64-mingw32/bin/../lib/gcc/nios2-elf/5.3.0/../../../../../H-x86_64-mingw32/nios2-elf/lib\libc.a(lib_a-lseekr.o)
 .bss           0x000000000008a8f0        0x0 c:/intelfpga_lite/17.1/nios2eds/bin/gnu/h-x86_64-mingw32/bin/../lib/gcc/nios2-elf/5.3.0/../../../../../H-x86_64-mingw32/nios2-elf/lib\libc.a(lib_a-readr.o)
 .bss           0x000000000008a8f0        0x0 ../randooo_bsp/\libhal_bsp.a(alt_exit.o)
 .bss           0x000000000008a8f0        0x0 ../randooo_bsp/\libhal_bsp.a(alt_fstat.o)
 .bss           0x000000000008a8f0        0x0 ../randooo_bsp/\libhal_bsp.a(alt_isatty.o)
 .bss           0x000000000008a8f0        0x0 ../randooo_bsp/\libhal_bsp.a(alt_lseek.o)
 .bss           0x000000000008a8f0        0x0 ../randooo_bsp/\libhal_bsp.a(alt_malloc_lock.o)
 .bss           0x000000000008a8f0        0x0 ../randooo_bsp/\libhal_bsp.a(alt_read.o)
 .bss           0x000000000008a8f0        0x0 ../randooo_bsp/\libhal_bsp.a(alt_sbrk.o)
 .bss           0x000000000008a8f0        0x0 ../randooo_bsp/\libhal_bsp.a(alt_write.o)
 *(COMMON)
 COMMON         0x000000000008a8f0      0x100 ../randooo_bsp/\libhal_bsp.a(alt_irq_handler.o)
                0x000000000008a8f0                alt_irq
                0x000000000008a9f0                . = ALIGN (0x4)
                0x000000000008a9f0                __bss_end = ABSOLUTE (.)

.main_memory    0x000000000008a9f0        0x0
                [!provide]                        PROVIDE (_alt_partition_main_memory_start, ABSOLUTE (.))
 *(.main_memory .main_memory. main_memory.*)
                0x000000000008a9f0                . = ALIGN (0x4)
                [!provide]                        PROVIDE (_alt_partition_main_memory_end, ABSOLUTE (.))
                0x000000000008a9f0                _end = ABSOLUTE (.)
                0x000000000008a9f0                end = ABSOLUTE (.)
                0x000000000008a9f0                __alt_stack_base = ABSOLUTE (.)
                [!provide]                        PROVIDE (_alt_partition_main_memory_load_addr, LOADADDR (.main_memory))

.descriptor_memory
                0x0000000000100000       0x80 load address 0x000000000008a9f0
                [!provide]                        PROVIDE (_alt_partition_descriptor_memory_start, ABSOLUTE (.))
 *(.descriptor_memory .descriptor_memory. descriptor_memory.*)
 .descriptor_memory
                0x0000000000100000       0x80 obj/default/hello_world.o
                0x0000000000100000                tx_descriptor
                0x0000000000100020                tx_descriptor_end
                0x0000000000100040                rx_descriptor
                0x0000000000100060                rx_descriptor_end
                0x0000000000100080                . = ALIGN (0x4)
                [!provide]                        PROVIDE (_alt_partition_descriptor_memory_end, ABSOLUTE (.))
                [!provide]                        PROVIDE (_alt_partition_descriptor_memory_load_addr, LOADADDR (.descriptor_memory))

.stab
 *(.stab)

.stabstr
 *(.stabstr)

.stab.excl
 *(.stab.excl)

.stab.exclstr
 *(.stab.exclstr)

.stab.index
 *(.stab.index)

.stab.indexstr
 *(.stab.indexstr)

.comment        0x0000000000000000       0x23
 *(.comment)
 .comment       0x0000000000000000       0x23 obj/default/hello_world.o
                                         0x24 (size before relaxing)
 .comment       0x0000000000000023       0x24 ../randooo_bsp/\libhal_bsp.a(alt_load.o)
 .comment       0x0000000000000023       0x24 ../randooo_bsp/\libhal_bsp.a(alt_main.o)
 .comment       0x0000000000000023       0x24 ../randooo_bsp/\libhal_bsp.a(alt_printf.o)
 .comment       0x0000000000000023       0x24 ../randooo_bsp/\libhal_bsp.a(alt_putchar.o)
 .comment       0x0000000000000023       0x24 ../randooo_bsp/\libhal_bsp.a(alt_sys_init.o)
 .comment       0x0000000000000023       0x24 ../randooo_bsp/\libhal_bsp.a(altera_avalon_jtag_uart_fd.o)
 .comment       0x0000000000000023       0x24 ../randooo_bsp/\libhal_bsp.a(altera_avalon_jtag_uart_init.o)
 .comment       0x0000000000000023       0x24 ../randooo_bsp/\libhal_bsp.a(altera_avalon_jtag_uart_ioctl.o)
 .comment       0x0000000000000023       0x24 ../randooo_bsp/\libhal_bsp.a(altera_avalon_jtag_uart_read.o)
 .comment       0x0000000000000023       0x24 ../randooo_bsp/\libhal_bsp.a(altera_avalon_jtag_uart_write.o)
 .comment       0x0000000000000023       0x24 ../randooo_bsp/\libhal_bsp.a(altera_avalon_sgdma.o)
 .comment       0x0000000000000023       0x24 ../randooo_bsp/\libhal_bsp.a(altera_avalon_timer_sc.o)
 .comment       0x0000000000000023       0x24 ../randooo_bsp/\libhal_bsp.a(alt_alarm_start.o)
 .comment       0x0000000000000023       0x24 ../randooo_bsp/\libhal_bsp.a(alt_close.o)
 .comment       0x0000000000000023       0x24 ../randooo_bsp/\libhal_bsp.a(alt_dcache_flush.o)
 .comment       0x0000000000000023       0x24 ../randooo_bsp/\libhal_bsp.a(alt_dcache_flush_all.o)
 .comment       0x0000000000000023       0x24 ../randooo_bsp/\libhal_bsp.a(alt_dev.o)
 .comment       0x0000000000000023       0x24 ../randooo_bsp/\libhal_bsp.a(alt_dev_llist_insert.o)
 .comment       0x0000000000000023       0x24 ../randooo_bsp/\libhal_bsp.a(alt_do_ctors.o)
 .comment       0x0000000000000023       0x24 ../randooo_bsp/\libhal_bsp.a(alt_do_dtors.o)
 .comment       0x0000000000000023       0x24 ../randooo_bsp/\libhal_bsp.a(alt_errno.o)
 .comment       0x0000000000000023       0x24 ../randooo_bsp/\libhal_bsp.a(alt_find_dev.o)
 .comment       0x0000000000000023       0x24 ../randooo_bsp/\libhal_bsp.a(alt_icache_flush_all.o)
 .comment       0x0000000000000023       0x24 ../randooo_bsp/\libhal_bsp.a(alt_iic.o)
 .comment       0x0000000000000023       0x24 ../randooo_bsp/\libhal_bsp.a(alt_iic_isr_register.o)
 .comment       0x0000000000000023       0x24 ../randooo_bsp/\libhal_bsp.a(alt_io_redirect.o)
 .comment       0x0000000000000023       0x24 ../randooo_bsp/\libhal_bsp.a(alt_irq_handler.o)
 .comment       0x0000000000000023       0x24 ../randooo_bsp/\libhal_bsp.a(alt_irq_vars.o)
 .comment       0x0000000000000023       0x24 ../randooo_bsp/\libhal_bsp.a(alt_open.o)
 .comment       0x0000000000000023       0x24 ../randooo_bsp/\libhal_bsp.a(alt_release_fd.o)
 .comment       0x0000000000000023       0x24 ../randooo_bsp/\libhal_bsp.a(alt_tick.o)
 .comment       0x0000000000000023       0x24 ../randooo_bsp/\libhal_bsp.a(altera_nios2_gen2_irq.o)
 .comment       0x0000000000000023       0x24 ../randooo_bsp/\libhal_bsp.a(alt_find_file.o)
 .comment       0x0000000000000023       0x24 ../randooo_bsp/\libhal_bsp.a(alt_get_fd.o)
 .comment       0x0000000000000023       0x24 ../randooo_bsp/\libhal_bsp.a(alt_icache_flush.o)
 .comment       0x0000000000000023       0x24 ../randooo_bsp/\libhal_bsp.a(alt_instruction_exception_entry.o)
 .comment       0x0000000000000023       0x24 c:/intelfpga_lite/17.1/nios2eds/bin/gnu/h-x86_64-mingw32/bin/../lib/gcc/nios2-elf/5.3.0/../../../../../H-x86_64-mingw32/nios2-elf/lib\libc.a(lib_a-atexit.o)
 .comment       0x0000000000000023       0x24 c:/intelfpga_lite/17.1/nios2eds/bin/gnu/h-x86_64-mingw32/bin/../lib/gcc/nios2-elf/5.3.0/../../../../../H-x86_64-mingw32/nios2-elf/lib\libc.a(lib_a-exit.o)
 .comment       0x0000000000000023       0x24 c:/intelfpga_lite/17.1/nios2eds/bin/gnu/h-x86_64-mingw32/bin/../lib/gcc/nios2-elf/5.3.0/../../../../../H-x86_64-mingw32/nios2-elf/lib\libc.a(lib_a-impure.o)
 .comment       0x0000000000000023       0x24 c:/intelfpga_lite/17.1/nios2eds/bin/gnu/h-x86_64-mingw32/bin/../lib/gcc/nios2-elf/5.3.0/../../../../../H-x86_64-mingw32/nios2-elf/lib\libc.a(lib_a-int_errno.o)
 .comment       0x0000000000000023       0x24 c:/intelfpga_lite/17.1/nios2eds/bin/gnu/h-x86_64-mingw32/bin/../lib/gcc/nios2-elf/5.3.0/../../../../../H-x86_64-mingw32/nios2-elf/lib\libc.a(lib_a-memcmp.o)
 .comment       0x0000000000000023       0x24 c:/intelfpga_lite/17.1/nios2eds/bin/gnu/h-x86_64-mingw32/bin/../lib/gcc/nios2-elf/5.3.0/../../../../../H-x86_64-mingw32/nios2-elf/lib\libc.a(lib_a-memcpy.o)
 .comment       0x0000000000000023       0x24 c:/intelfpga_lite/17.1/nios2eds/bin/gnu/h-x86_64-mingw32/bin/../lib/gcc/nios2-elf/5.3.0/../../../../../H-x86_64-mingw32/nios2-elf/lib\libc.a(lib_a-putc.o)
 .comment       0x0000000000000023       0x24 c:/intelfpga_lite/17.1/nios2eds/bin/gnu/h-x86_64-mingw32/bin/../lib/gcc/nios2-elf/5.3.0/../../../../../H-x86_64-mingw32/nios2-elf/lib\libc.a(lib_a-strlen.o)
 .comment       0x0000000000000023       0x24 c:/intelfpga_lite/17.1/nios2eds/bin/gnu/h-x86_64-mingw32/bin/../lib/gcc/nios2-elf/5.3.0/../../../../../H-x86_64-mingw32/nios2-elf/lib\libc.a(lib_a-wbuf.o)
 .comment       0x0000000000000023       0x24 c:/intelfpga_lite/17.1/nios2eds/bin/gnu/h-x86_64-mingw32/bin/../lib/gcc/nios2-elf/5.3.0/../../../../../H-x86_64-mingw32/nios2-elf/lib\libc.a(lib_a-wsetup.o)
 .comment       0x0000000000000023       0x24 c:/intelfpga_lite/17.1/nios2eds/bin/gnu/h-x86_64-mingw32/bin/../lib/gcc/nios2-elf/5.3.0/../../../../../H-x86_64-mingw32/nios2-elf/lib\libc.a(lib_a-__atexit.o)
 .comment       0x0000000000000023       0x24 c:/intelfpga_lite/17.1/nios2eds/bin/gnu/h-x86_64-mingw32/bin/../lib/gcc/nios2-elf/5.3.0/../../../../../H-x86_64-mingw32/nios2-elf/lib\libc.a(lib_a-__call_atexit.o)
 .comment       0x0000000000000023       0x24 c:/intelfpga_lite/17.1/nios2eds/bin/gnu/h-x86_64-mingw32/bin/../lib/gcc/nios2-elf/5.3.0/../../../../../H-x86_64-mingw32/nios2-elf/lib\libc.a(lib_a-fflush.o)
 .comment       0x0000000000000023       0x24 c:/intelfpga_lite/17.1/nios2eds/bin/gnu/h-x86_64-mingw32/bin/../lib/gcc/nios2-elf/5.3.0/../../../../../H-x86_64-mingw32/nios2-elf/lib\libc.a(lib_a-findfp.o)
 .comment       0x0000000000000023       0x24 c:/intelfpga_lite/17.1/nios2eds/bin/gnu/h-x86_64-mingw32/bin/../lib/gcc/nios2-elf/5.3.0/../../../../../H-x86_64-mingw32/nios2-elf/lib\libc.a(lib_a-freer.o)
 .comment       0x0000000000000023       0x24 c:/intelfpga_lite/17.1/nios2eds/bin/gnu/h-x86_64-mingw32/bin/../lib/gcc/nios2-elf/5.3.0/../../../../../H-x86_64-mingw32/nios2-elf/lib\libc.a(lib_a-fwalk.o)
 .comment       0x0000000000000023       0x24 c:/intelfpga_lite/17.1/nios2eds/bin/gnu/h-x86_64-mingw32/bin/../lib/gcc/nios2-elf/5.3.0/../../../../../H-x86_64-mingw32/nios2-elf/lib\libc.a(lib_a-makebuf.o)
 .comment       0x0000000000000023       0x24 c:/intelfpga_lite/17.1/nios2eds/bin/gnu/h-x86_64-mingw32/bin/../lib/gcc/nios2-elf/5.3.0/../../../../../H-x86_64-mingw32/nios2-elf/lib\libc.a(lib_a-mallocr.o)
 .comment       0x0000000000000023       0x24 c:/intelfpga_lite/17.1/nios2eds/bin/gnu/h-x86_64-mingw32/bin/../lib/gcc/nios2-elf/5.3.0/../../../../../H-x86_64-mingw32/nios2-elf/lib\libc.a(lib_a-memset.o)
 .comment       0x0000000000000023       0x24 c:/intelfpga_lite/17.1/nios2eds/bin/gnu/h-x86_64-mingw32/bin/../lib/gcc/nios2-elf/5.3.0/../../../../../H-x86_64-mingw32/nios2-elf/lib\libc.a(lib_a-sbrkr.o)
 .comment       0x0000000000000023       0x24 c:/intelfpga_lite/17.1/nios2eds/bin/gnu/h-x86_64-mingw32/bin/../lib/gcc/nios2-elf/5.3.0/../../../../../H-x86_64-mingw32/nios2-elf/lib\libc.a(lib_a-stdio.o)
 .comment       0x0000000000000023       0x24 c:/intelfpga_lite/17.1/nios2eds/bin/gnu/h-x86_64-mingw32/bin/../lib/gcc/nios2-elf/5.3.0/../../../../../H-x86_64-mingw32/nios2-elf/lib\libc.a(lib_a-writer.o)
 .comment       0x0000000000000023       0x24 c:/intelfpga_lite/17.1/nios2eds/bin/gnu/h-x86_64-mingw32/bin/../lib/gcc/nios2-elf/5.3.0/../../../../../H-x86_64-mingw32/nios2-elf/lib\libc.a(closer.o)
 .comment       0x0000000000000023       0x24 c:/intelfpga_lite/17.1/nios2eds/bin/gnu/h-x86_64-mingw32/bin/../lib/gcc/nios2-elf/5.3.0/../../../../../H-x86_64-mingw32/nios2-elf/lib\libc.a(lib_a-fclose.o)
 .comment       0x0000000000000023       0x24 c:/intelfpga_lite/17.1/nios2eds/bin/gnu/h-x86_64-mingw32/bin/../lib/gcc/nios2-elf/5.3.0/../../../../../H-x86_64-mingw32/nios2-elf/lib\libc.a(lib_a-fstatr.o)
 .comment       0x0000000000000023       0x24 c:/intelfpga_lite/17.1/nios2eds/bin/gnu/h-x86_64-mingw32/bin/../lib/gcc/nios2-elf/5.3.0/../../../../../H-x86_64-mingw32/nios2-elf/lib\libc.a(lib_a-isattyr.o)
 .comment       0x0000000000000023       0x24 c:/intelfpga_lite/17.1/nios2eds/bin/gnu/h-x86_64-mingw32/bin/../lib/gcc/nios2-elf/5.3.0/../../../../../H-x86_64-mingw32/nios2-elf/lib\libc.a(lib_a-lseekr.o)
 .comment       0x0000000000000023       0x24 c:/intelfpga_lite/17.1/nios2eds/bin/gnu/h-x86_64-mingw32/bin/../lib/gcc/nios2-elf/5.3.0/../../../../../H-x86_64-mingw32/nios2-elf/lib\libc.a(lib_a-readr.o)
 .comment       0x0000000000000023       0x24 ../randooo_bsp/\libhal_bsp.a(alt_exit.o)
 .comment       0x0000000000000023       0x24 ../randooo_bsp/\libhal_bsp.a(alt_fstat.o)
 .comment       0x0000000000000023       0x24 ../randooo_bsp/\libhal_bsp.a(alt_isatty.o)
 .comment       0x0000000000000023       0x24 ../randooo_bsp/\libhal_bsp.a(alt_lseek.o)
 .comment       0x0000000000000023       0x24 ../randooo_bsp/\libhal_bsp.a(alt_malloc_lock.o)
 .comment       0x0000000000000023       0x24 ../randooo_bsp/\libhal_bsp.a(alt_read.o)
 .comment       0x0000000000000023       0x24 ../randooo_bsp/\libhal_bsp.a(alt_sbrk.o)
 .comment       0x0000000000000023       0x24 ../randooo_bsp/\libhal_bsp.a(alt_write.o)

.debug
 *(.debug)

.line
 *(.line)

.debug_srcinfo
 *(.debug_srcinfo)

.debug_sfnames
 *(.debug_sfnames)

.debug_aranges  0x0000000000000000      0xa38
 *(.debug_aranges)
 .debug_aranges
                0x0000000000000000       0x28 ../randooo_bsp//obj/HAL/src/crt0.o
 .debug_aranges
                0x0000000000000028       0x20 obj/default/hello_world.o
 .debug_aranges
                0x0000000000000048       0x20 ../randooo_bsp/\libhal_bsp.a(alt_load.o)
 .debug_aranges
                0x0000000000000068       0x20 ../randooo_bsp/\libhal_bsp.a(alt_main.o)
 .debug_aranges
                0x0000000000000088       0x20 ../randooo_bsp/\libhal_bsp.a(alt_printf.o)
 .debug_aranges
                0x00000000000000a8       0x20 ../randooo_bsp/\libhal_bsp.a(alt_putchar.o)
 .debug_aranges
                0x00000000000000c8       0x20 ../randooo_bsp/\libhal_bsp.a(alt_sys_init.o)
 .debug_aranges
                0x00000000000000e8       0x20 ../randooo_bsp/\libhal_bsp.a(altera_avalon_jtag_uart_fd.o)
 .debug_aranges
                0x0000000000000108       0x20 ../randooo_bsp/\libhal_bsp.a(altera_avalon_jtag_uart_init.o)
 .debug_aranges
                0x0000000000000128       0x20 ../randooo_bsp/\libhal_bsp.a(altera_avalon_jtag_uart_ioctl.o)
 .debug_aranges
                0x0000000000000148       0x20 ../randooo_bsp/\libhal_bsp.a(altera_avalon_jtag_uart_read.o)
 .debug_aranges
                0x0000000000000168       0x20 ../randooo_bsp/\libhal_bsp.a(altera_avalon_jtag_uart_write.o)
 .debug_aranges
                0x0000000000000188       0x20 ../randooo_bsp/\libhal_bsp.a(altera_avalon_sgdma.o)
 .debug_aranges
                0x00000000000001a8       0x20 ../randooo_bsp/\libhal_bsp.a(altera_avalon_timer_sc.o)
 .debug_aranges
                0x00000000000001c8       0x20 ../randooo_bsp/\libhal_bsp.a(alt_alarm_start.o)
 .debug_aranges
                0x00000000000001e8       0x20 ../randooo_bsp/\libhal_bsp.a(alt_close.o)
 .debug_aranges
                0x0000000000000208       0x20 ../randooo_bsp/\libhal_bsp.a(alt_dcache_flush.o)
 .debug_aranges
                0x0000000000000228       0x20 ../randooo_bsp/\libhal_bsp.a(alt_dcache_flush_all.o)
 .debug_aranges
                0x0000000000000248       0x20 ../randooo_bsp/\libhal_bsp.a(alt_dev.o)
 .debug_aranges
                0x0000000000000268       0x20 ../randooo_bsp/\libhal_bsp.a(alt_dev_llist_insert.o)
 .debug_aranges
                0x0000000000000288       0x20 ../randooo_bsp/\libhal_bsp.a(alt_do_ctors.o)
 .debug_aranges
                0x00000000000002a8       0x20 ../randooo_bsp/\libhal_bsp.a(alt_do_dtors.o)
 .debug_aranges
                0x00000000000002c8       0x18 ../randooo_bsp/\libhal_bsp.a(alt_errno.o)
 .debug_aranges
                0x00000000000002e0       0x20 ../randooo_bsp/\libhal_bsp.a(alt_find_dev.o)
 .debug_aranges
                0x0000000000000300       0x20 ../randooo_bsp/\libhal_bsp.a(alt_icache_flush_all.o)
 .debug_aranges
                0x0000000000000320       0x20 ../randooo_bsp/\libhal_bsp.a(alt_iic.o)
 .debug_aranges
                0x0000000000000340       0x20 ../randooo_bsp/\libhal_bsp.a(alt_iic_isr_register.o)
 .debug_aranges
                0x0000000000000360       0x20 ../randooo_bsp/\libhal_bsp.a(alt_io_redirect.o)
 .debug_aranges
                0x0000000000000380       0x30 ../randooo_bsp/\libhal_bsp.a(alt_irq_entry.o)
 .debug_aranges
                0x00000000000003b0       0x20 ../randooo_bsp/\libhal_bsp.a(alt_irq_handler.o)
 .debug_aranges
                0x00000000000003d0       0x18 ../randooo_bsp/\libhal_bsp.a(alt_irq_vars.o)
 .debug_aranges
                0x00000000000003e8       0x20 ../randooo_bsp/\libhal_bsp.a(alt_open.o)
 .debug_aranges
                0x0000000000000408       0x20 ../randooo_bsp/\libhal_bsp.a(alt_release_fd.o)
 .debug_aranges
                0x0000000000000428       0x20 ../randooo_bsp/\libhal_bsp.a(alt_tick.o)
 .debug_aranges
                0x0000000000000448       0x20 ../randooo_bsp/\libhal_bsp.a(altera_nios2_gen2_irq.o)
 .debug_aranges
                0x0000000000000468       0x38 ../randooo_bsp/\libhal_bsp.a(alt_exception_entry.o)
 .debug_aranges
                0x00000000000004a0       0x20 ../randooo_bsp/\libhal_bsp.a(alt_find_file.o)
 .debug_aranges
                0x00000000000004c0       0x20 ../randooo_bsp/\libhal_bsp.a(alt_get_fd.o)
 .debug_aranges
                0x00000000000004e0       0x20 ../randooo_bsp/\libhal_bsp.a(alt_icache_flush.o)
 .debug_aranges
                0x0000000000000500       0x28 ../randooo_bsp/\libhal_bsp.a(alt_instruction_exception_entry.o)
 .debug_aranges
                0x0000000000000528       0x20 c:/intelfpga_lite/17.1/nios2eds/bin/gnu/h-x86_64-mingw32/bin/../lib/gcc/nios2-elf/5.3.0/../../../../../H-x86_64-mingw32/nios2-elf/lib\libc.a(lib_a-atexit.o)
 .debug_aranges
                0x0000000000000548       0x20 c:/intelfpga_lite/17.1/nios2eds/bin/gnu/h-x86_64-mingw32/bin/../lib/gcc/nios2-elf/5.3.0/../../../../../H-x86_64-mingw32/nios2-elf/lib\libc.a(lib_a-exit.o)
 .debug_aranges
                0x0000000000000568       0x18 c:/intelfpga_lite/17.1/nios2eds/bin/gnu/h-x86_64-mingw32/bin/../lib/gcc/nios2-elf/5.3.0/../../../../../H-x86_64-mingw32/nios2-elf/lib\libc.a(lib_a-impure.o)
 .debug_aranges
                0x0000000000000580       0x18 c:/intelfpga_lite/17.1/nios2eds/bin/gnu/h-x86_64-mingw32/bin/../lib/gcc/nios2-elf/5.3.0/../../../../../H-x86_64-mingw32/nios2-elf/lib\libc.a(lib_a-int_errno.o)
 .debug_aranges
                0x0000000000000598       0x20 c:/intelfpga_lite/17.1/nios2eds/bin/gnu/h-x86_64-mingw32/bin/../lib/gcc/nios2-elf/5.3.0/../../../../../H-x86_64-mingw32/nios2-elf/lib\libc.a(lib_a-memcmp.o)
 .debug_aranges
                0x00000000000005b8       0x20 c:/intelfpga_lite/17.1/nios2eds/bin/gnu/h-x86_64-mingw32/bin/../lib/gcc/nios2-elf/5.3.0/../../../../../H-x86_64-mingw32/nios2-elf/lib\libc.a(lib_a-memcpy.o)
 .debug_aranges
                0x00000000000005d8       0x28 c:/intelfpga_lite/17.1/nios2eds/bin/gnu/h-x86_64-mingw32/bin/../lib/gcc/nios2-elf/5.3.0/../../../../../H-x86_64-mingw32/nios2-elf/lib\libc.a(lib_a-putc.o)
 .debug_aranges
                0x0000000000000600       0x20 c:/intelfpga_lite/17.1/nios2eds/bin/gnu/h-x86_64-mingw32/bin/../lib/gcc/nios2-elf/5.3.0/../../../../../H-x86_64-mingw32/nios2-elf/lib\libc.a(lib_a-strlen.o)
 .debug_aranges
                0x0000000000000620       0x28 c:/intelfpga_lite/17.1/nios2eds/bin/gnu/h-x86_64-mingw32/bin/../lib/gcc/nios2-elf/5.3.0/../../../../../H-x86_64-mingw32/nios2-elf/lib\libc.a(lib_a-wbuf.o)
 .debug_aranges
                0x0000000000000648       0x20 c:/intelfpga_lite/17.1/nios2eds/bin/gnu/h-x86_64-mingw32/bin/../lib/gcc/nios2-elf/5.3.0/../../../../../H-x86_64-mingw32/nios2-elf/lib\libc.a(lib_a-wsetup.o)
 .debug_aranges
                0x0000000000000668       0x20 c:/intelfpga_lite/17.1/nios2eds/bin/gnu/h-x86_64-mingw32/bin/../lib/gcc/nios2-elf/5.3.0/../../../../../H-x86_64-mingw32/nios2-elf/lib\libc.a(lib_a-__atexit.o)
 .debug_aranges
                0x0000000000000688       0x20 c:/intelfpga_lite/17.1/nios2eds/bin/gnu/h-x86_64-mingw32/bin/../lib/gcc/nios2-elf/5.3.0/../../../../../H-x86_64-mingw32/nios2-elf/lib\libc.a(lib_a-__call_atexit.o)
 .debug_aranges
                0x00000000000006a8       0x30 c:/intelfpga_lite/17.1/nios2eds/bin/gnu/h-x86_64-mingw32/bin/../lib/gcc/nios2-elf/5.3.0/../../../../../H-x86_64-mingw32/nios2-elf/lib\libc.a(lib_a-fflush.o)
 .debug_aranges
                0x00000000000006d8       0x68 c:/intelfpga_lite/17.1/nios2eds/bin/gnu/h-x86_64-mingw32/bin/../lib/gcc/nios2-elf/5.3.0/../../../../../H-x86_64-mingw32/nios2-elf/lib\libc.a(lib_a-findfp.o)
 .debug_aranges
                0x0000000000000740       0x28 c:/intelfpga_lite/17.1/nios2eds/bin/gnu/h-x86_64-mingw32/bin/../lib/gcc/nios2-elf/5.3.0/../../../../../H-x86_64-mingw32/nios2-elf/lib\libc.a(lib_a-freer.o)
 .debug_aranges
                0x0000000000000768       0x28 c:/intelfpga_lite/17.1/nios2eds/bin/gnu/h-x86_64-mingw32/bin/../lib/gcc/nios2-elf/5.3.0/../../../../../H-x86_64-mingw32/nios2-elf/lib\libc.a(lib_a-fwalk.o)
 .debug_aranges
                0x0000000000000790       0x20 c:/intelfpga_lite/17.1/nios2eds/bin/gnu/h-x86_64-mingw32/bin/../lib/gcc/nios2-elf/5.3.0/../../../../../H-x86_64-mingw32/nios2-elf/lib\libc.a(lib_a-makebuf.o)
 .debug_aranges
                0x00000000000007b0       0x20 c:/intelfpga_lite/17.1/nios2eds/bin/gnu/h-x86_64-mingw32/bin/../lib/gcc/nios2-elf/5.3.0/../../../../../H-x86_64-mingw32/nios2-elf/lib\libc.a(lib_a-mallocr.o)
 .debug_aranges
                0x00000000000007d0       0x20 c:/intelfpga_lite/17.1/nios2eds/bin/gnu/h-x86_64-mingw32/bin/../lib/gcc/nios2-elf/5.3.0/../../../../../H-x86_64-mingw32/nios2-elf/lib\libc.a(lib_a-memset.o)
 .debug_aranges
                0x00000000000007f0       0x20 c:/intelfpga_lite/17.1/nios2eds/bin/gnu/h-x86_64-mingw32/bin/../lib/gcc/nios2-elf/5.3.0/../../../../../H-x86_64-mingw32/nios2-elf/lib\libc.a(lib_a-sbrkr.o)
 .debug_aranges
                0x0000000000000810       0x40 c:/intelfpga_lite/17.1/nios2eds/bin/gnu/h-x86_64-mingw32/bin/../lib/gcc/nios2-elf/5.3.0/../../../../../H-x86_64-mingw32/nios2-elf/lib\libc.a(lib_a-stdio.o)
 .debug_aranges
                0x0000000000000850       0x20 c:/intelfpga_lite/17.1/nios2eds/bin/gnu/h-x86_64-mingw32/bin/../lib/gcc/nios2-elf/5.3.0/../../../../../H-x86_64-mingw32/nios2-elf/lib\libc.a(lib_a-writer.o)
 .debug_aranges
                0x0000000000000870       0x20 c:/intelfpga_lite/17.1/nios2eds/bin/gnu/h-x86_64-mingw32/bin/../lib/gcc/nios2-elf/5.3.0/../../../../../H-x86_64-mingw32/nios2-elf/lib\libc.a(closer.o)
 .debug_aranges
                0x0000000000000890       0x28 c:/intelfpga_lite/17.1/nios2eds/bin/gnu/h-x86_64-mingw32/bin/../lib/gcc/nios2-elf/5.3.0/../../../../../H-x86_64-mingw32/nios2-elf/lib\libc.a(lib_a-fclose.o)
 .debug_aranges
                0x00000000000008b8       0x20 c:/intelfpga_lite/17.1/nios2eds/bin/gnu/h-x86_64-mingw32/bin/../lib/gcc/nios2-elf/5.3.0/../../../../../H-x86_64-mingw32/nios2-elf/lib\libc.a(lib_a-fstatr.o)
 .debug_aranges
                0x00000000000008d8       0x20 c:/intelfpga_lite/17.1/nios2eds/bin/gnu/h-x86_64-mingw32/bin/../lib/gcc/nios2-elf/5.3.0/../../../../../H-x86_64-mingw32/nios2-elf/lib\libc.a(lib_a-isattyr.o)
 .debug_aranges
                0x00000000000008f8       0x20 c:/intelfpga_lite/17.1/nios2eds/bin/gnu/h-x86_64-mingw32/bin/../lib/gcc/nios2-elf/5.3.0/../../../../../H-x86_64-mingw32/nios2-elf/lib\libc.a(lib_a-lseekr.o)
 .debug_aranges
                0x0000000000000918       0x20 c:/intelfpga_lite/17.1/nios2eds/bin/gnu/h-x86_64-mingw32/bin/../lib/gcc/nios2-elf/5.3.0/../../../../../H-x86_64-mingw32/nios2-elf/lib\libc.a(lib_a-readr.o)
 .debug_aranges
                0x0000000000000938       0x20 ../randooo_bsp/\libhal_bsp.a(alt_exit.o)
 .debug_aranges
                0x0000000000000958       0x20 ../randooo_bsp/\libhal_bsp.a(alt_fstat.o)
 .debug_aranges
                0x0000000000000978       0x20 ../randooo_bsp/\libhal_bsp.a(alt_isatty.o)
 .debug_aranges
                0x0000000000000998       0x20 ../randooo_bsp/\libhal_bsp.a(alt_lseek.o)
 .debug_aranges
                0x00000000000009b8       0x20 ../randooo_bsp/\libhal_bsp.a(alt_malloc_lock.o)
 .debug_aranges
                0x00000000000009d8       0x20 ../randooo_bsp/\libhal_bsp.a(alt_read.o)
 .debug_aranges
                0x00000000000009f8       0x20 ../randooo_bsp/\libhal_bsp.a(alt_sbrk.o)
 .debug_aranges
                0x0000000000000a18       0x20 ../randooo_bsp/\libhal_bsp.a(alt_write.o)

.debug_pubnames
 *(.debug_pubnames)

.debug_info     0x0000000000000000    0x16a2c
 *(.debug_info .gnu.linkonce.wi.*)
 .debug_info    0x0000000000000000       0x70 ../randooo_bsp//obj/HAL/src/crt0.o
 .debug_info    0x0000000000000070      0x35d obj/default/hello_world.o
 .debug_info    0x00000000000003cd      0x145 ../randooo_bsp/\libhal_bsp.a(alt_load.o)
 .debug_info    0x0000000000000512      0x131 ../randooo_bsp/\libhal_bsp.a(alt_main.o)
 .debug_info    0x0000000000000643      0x119 ../randooo_bsp/\libhal_bsp.a(alt_printf.o)
 .debug_info    0x000000000000075c      0x8a6 ../randooo_bsp/\libhal_bsp.a(alt_putchar.o)
 .debug_info    0x0000000000001002      0x66e ../randooo_bsp/\libhal_bsp.a(alt_sys_init.o)
 .debug_info    0x0000000000001670      0x52e ../randooo_bsp/\libhal_bsp.a(altera_avalon_jtag_uart_fd.o)
 .debug_info    0x0000000000001b9e      0x3a0 ../randooo_bsp/\libhal_bsp.a(altera_avalon_jtag_uart_init.o)
 .debug_info    0x0000000000001f3e      0x280 ../randooo_bsp/\libhal_bsp.a(altera_avalon_jtag_uart_ioctl.o)
 .debug_info    0x00000000000021be      0x345 ../randooo_bsp/\libhal_bsp.a(altera_avalon_jtag_uart_read.o)
 .debug_info    0x0000000000002503      0x340 ../randooo_bsp/\libhal_bsp.a(altera_avalon_jtag_uart_write.o)
 .debug_info    0x0000000000002843      0xa82 ../randooo_bsp/\libhal_bsp.a(altera_avalon_sgdma.o)
 .debug_info    0x00000000000032c5      0x226 ../randooo_bsp/\libhal_bsp.a(altera_avalon_timer_sc.o)
 .debug_info    0x00000000000034eb      0x2cc ../randooo_bsp/\libhal_bsp.a(alt_alarm_start.o)
 .debug_info    0x00000000000037b7      0x321 ../randooo_bsp/\libhal_bsp.a(alt_close.o)
 .debug_info    0x0000000000003ad8       0xdc ../randooo_bsp/\libhal_bsp.a(alt_dcache_flush.o)
 .debug_info    0x0000000000003bb4       0xa5 ../randooo_bsp/\libhal_bsp.a(alt_dcache_flush_all.o)
 .debug_info    0x0000000000003c59      0x49c ../randooo_bsp/\libhal_bsp.a(alt_dev.o)
 .debug_info    0x00000000000040f5      0x1a9 ../randooo_bsp/\libhal_bsp.a(alt_dev_llist_insert.o)
 .debug_info    0x000000000000429e       0x83 ../randooo_bsp/\libhal_bsp.a(alt_do_ctors.o)
 .debug_info    0x0000000000004321       0x83 ../randooo_bsp/\libhal_bsp.a(alt_do_dtors.o)
 .debug_info    0x00000000000043a4       0xa6 ../randooo_bsp/\libhal_bsp.a(alt_errno.o)
 .debug_info    0x000000000000444a      0x2e9 ../randooo_bsp/\libhal_bsp.a(alt_find_dev.o)
 .debug_info    0x0000000000004733       0x92 ../randooo_bsp/\libhal_bsp.a(alt_icache_flush_all.o)
 .debug_info    0x00000000000047c5      0x350 ../randooo_bsp/\libhal_bsp.a(alt_iic.o)
 .debug_info    0x0000000000004b15      0x1ef ../randooo_bsp/\libhal_bsp.a(alt_iic_isr_register.o)
 .debug_info    0x0000000000004d04      0x4a5 ../randooo_bsp/\libhal_bsp.a(alt_io_redirect.o)
 .debug_info    0x00000000000051a9       0x79 ../randooo_bsp/\libhal_bsp.a(alt_irq_entry.o)
 .debug_info    0x0000000000005222      0x187 ../randooo_bsp/\libhal_bsp.a(alt_irq_handler.o)
 .debug_info    0x00000000000053a9       0x88 ../randooo_bsp/\libhal_bsp.a(alt_irq_vars.o)
 .debug_info    0x0000000000005431      0x3bb ../randooo_bsp/\libhal_bsp.a(alt_open.o)
 .debug_info    0x00000000000057ec      0x2b0 ../randooo_bsp/\libhal_bsp.a(alt_release_fd.o)
 .debug_info    0x0000000000005a9c      0x299 ../randooo_bsp/\libhal_bsp.a(alt_tick.o)
 .debug_info    0x0000000000005d35       0x92 ../randooo_bsp/\libhal_bsp.a(altera_nios2_gen2_irq.o)
 .debug_info    0x0000000000005dc7       0x7f ../randooo_bsp/\libhal_bsp.a(alt_exception_entry.o)
 .debug_info    0x0000000000005e46      0x2e6 ../randooo_bsp/\libhal_bsp.a(alt_find_file.o)
 .debug_info    0x000000000000612c      0x310 ../randooo_bsp/\libhal_bsp.a(alt_get_fd.o)
 .debug_info    0x000000000000643c       0xdc ../randooo_bsp/\libhal_bsp.a(alt_icache_flush.o)
 .debug_info    0x0000000000006518      0x1e7 ../randooo_bsp/\libhal_bsp.a(alt_instruction_exception_entry.o)
 .debug_info    0x00000000000066ff       0xfe c:/intelfpga_lite/17.1/nios2eds/bin/gnu/h-x86_64-mingw32/bin/../lib/gcc/nios2-elf/5.3.0/../../../../../H-x86_64-mingw32/nios2-elf/lib\libc.a(lib_a-atexit.o)
 .debug_info    0x00000000000067fd      0x8e4 c:/intelfpga_lite/17.1/nios2eds/bin/gnu/h-x86_64-mingw32/bin/../lib/gcc/nios2-elf/5.3.0/../../../../../H-x86_64-mingw32/nios2-elf/lib\libc.a(lib_a-exit.o)
 .debug_info    0x00000000000070e1      0x8a1 c:/intelfpga_lite/17.1/nios2eds/bin/gnu/h-x86_64-mingw32/bin/../lib/gcc/nios2-elf/5.3.0/../../../../../H-x86_64-mingw32/nios2-elf/lib\libc.a(lib_a-impure.o)
 .debug_info    0x0000000000007982       0x8a c:/intelfpga_lite/17.1/nios2eds/bin/gnu/h-x86_64-mingw32/bin/../lib/gcc/nios2-elf/5.3.0/../../../../../H-x86_64-mingw32/nios2-elf/lib\libc.a(lib_a-int_errno.o)
 .debug_info    0x0000000000007a0c      0x11a c:/intelfpga_lite/17.1/nios2eds/bin/gnu/h-x86_64-mingw32/bin/../lib/gcc/nios2-elf/5.3.0/../../../../../H-x86_64-mingw32/nios2-elf/lib\libc.a(lib_a-memcmp.o)
 .debug_info    0x0000000000007b26      0x144 c:/intelfpga_lite/17.1/nios2eds/bin/gnu/h-x86_64-mingw32/bin/../lib/gcc/nios2-elf/5.3.0/../../../../../H-x86_64-mingw32/nios2-elf/lib\libc.a(lib_a-memcpy.o)
 .debug_info    0x0000000000007c6a      0x9b4 c:/intelfpga_lite/17.1/nios2eds/bin/gnu/h-x86_64-mingw32/bin/../lib/gcc/nios2-elf/5.3.0/../../../../../H-x86_64-mingw32/nios2-elf/lib\libc.a(lib_a-putc.o)
 .debug_info    0x000000000000861e       0xe2 c:/intelfpga_lite/17.1/nios2eds/bin/gnu/h-x86_64-mingw32/bin/../lib/gcc/nios2-elf/5.3.0/../../../../../H-x86_64-mingw32/nios2-elf/lib\libc.a(lib_a-strlen.o)
 .debug_info    0x0000000000008700      0x9be c:/intelfpga_lite/17.1/nios2eds/bin/gnu/h-x86_64-mingw32/bin/../lib/gcc/nios2-elf/5.3.0/../../../../../H-x86_64-mingw32/nios2-elf/lib\libc.a(lib_a-wbuf.o)
 .debug_info    0x00000000000090be      0x936 c:/intelfpga_lite/17.1/nios2eds/bin/gnu/h-x86_64-mingw32/bin/../lib/gcc/nios2-elf/5.3.0/../../../../../H-x86_64-mingw32/nios2-elf/lib\libc.a(lib_a-wsetup.o)