Archive member included to satisfy reference by file (symbol)

c:/intelfpga_lite/17.1/nios2eds/bin/gnu/h-x86_64-mingw32/bin/../lib/gcc/nios2-elf/5.3.0/../../../../../H-x86_64-mingw32/nios2-elf/lib\libc.a(lib_a-fflush.o)
                              obj/default/src/main.o (fflush)
c:/intelfpga_lite/17.1/nios2eds/bin/gnu/h-x86_64-mingw32/bin/../lib/gcc/nios2-elf/5.3.0/../../../../../H-x86_64-mingw32/nios2-elf/lib\libc.a(lib_a-findfp.o)
                              c:/intelfpga_lite/17.1/nios2eds/bin/gnu/h-x86_64-mingw32/bin/../lib/gcc/nios2-elf/5.3.0/../../../../../H-x86_64-mingw32/nios2-elf/lib\libc.a(lib_a-fflush.o) (__sinit)
c:/intelfpga_lite/17.1/nios2eds/bin/gnu/h-x86_64-mingw32/bin/../lib/gcc/nios2-elf/5.3.0/../../../../../H-x86_64-mingw32/nios2-elf/lib\libc.a(lib_a-freer.o)
                              c:/intelfpga_lite/17.1/nios2eds/bin/gnu/h-x86_64-mingw32/bin/../lib/gcc/nios2-elf/5.3.0/../../../../../H-x86_64-mingw32/nios2-elf/lib\libc.a(lib_a-fflush.o) (_free_r)
c:/intelfpga_lite/17.1/nios2eds/bin/gnu/h-x86_64-mingw32/bin/../lib/gcc/nios2-elf/5.3.0/../../../../../H-x86_64-mingw32/nios2-elf/lib\libc.a(lib_a-fwalk.o)
                              c:/intelfpga_lite/17.1/nios2eds/bin/gnu/h-x86_64-mingw32/bin/../lib/gcc/nios2-elf/5.3.0/../../../../../H-x86_64-mingw32/nios2-elf/lib\libc.a(lib_a-findfp.o) (_fwalk)
c:/intelfpga_lite/17.1/nios2eds/bin/gnu/h-x86_64-mingw32/bin/../lib/gcc/nios2-elf/5.3.0/../../../../../H-x86_64-mingw32/nios2-elf/lib\libc.a(lib_a-impure.o)
                              c:/intelfpga_lite/17.1/nios2eds/bin/gnu/h-x86_64-mingw32/bin/../lib/gcc/nios2-elf/5.3.0/../../../../../H-x86_64-mingw32/nios2-elf/lib\libc.a(lib_a-fflush.o) (_global_impure_ptr)
c:/intelfpga_lite/17.1/nios2eds/bin/gnu/h-x86_64-mingw32/bin/../lib/gcc/nios2-elf/5.3.0/../../../../../H-x86_64-mingw32/nios2-elf/lib\libc.a(lib_a-malloc.o)
                              obj/default/src/main.o (malloc)
c:/intelfpga_lite/17.1/nios2eds/bin/gnu/h-x86_64-mingw32/bin/../lib/gcc/nios2-elf/5.3.0/../../../../../H-x86_64-mingw32/nios2-elf/lib\libc.a(lib_a-mallocr.o)
                              c:/intelfpga_lite/17.1/nios2eds/bin/gnu/h-x86_64-mingw32/bin/../lib/gcc/nios2-elf/5.3.0/../../../../../H-x86_64-mingw32/nios2-elf/lib\libc.a(lib_a-findfp.o) (_malloc_r)
c:/intelfpga_lite/17.1/nios2eds/bin/gnu/h-x86_64-mingw32/bin/../lib/gcc/nios2-elf/5.3.0/../../../../../H-x86_64-mingw32/nios2-elf/lib\libc.a(lib_a-memmove.o)
                              obj/default/src/functions.o (memmove)
c:/intelfpga_lite/17.1/nios2eds/bin/gnu/h-x86_64-mingw32/bin/../lib/gcc/nios2-elf/5.3.0/../../../../../H-x86_64-mingw32/nios2-elf/lib\libc.a(lib_a-memset.o)
                              obj/default/src/functions.o (memset)
c:/intelfpga_lite/17.1/nios2eds/bin/gnu/h-x86_64-mingw32/bin/../lib/gcc/nios2-elf/5.3.0/../../../../../H-x86_64-mingw32/nios2-elf/lib\libc.a(lib_a-printf.o)
                              obj/default/src/functions.o (printf)
c:/intelfpga_lite/17.1/nios2eds/bin/gnu/h-x86_64-mingw32/bin/../lib/gcc/nios2-elf/5.3.0/../../../../../H-x86_64-mingw32/nios2-elf/lib\libc.a(lib_a-putchar.o)
                              obj/default/src/functions.o (putchar)
c:/intelfpga_lite/17.1/nios2eds/bin/gnu/h-x86_64-mingw32/bin/../lib/gcc/nios2-elf/5.3.0/../../../../../H-x86_64-mingw32/nios2-elf/lib\libc.a(lib_a-puts.o)
                              obj/default/src/functions.o (puts)
c:/intelfpga_lite/17.1/nios2eds/bin/gnu/h-x86_64-mingw32/bin/../lib/gcc/nios2-elf/5.3.0/../../../../../H-x86_64-mingw32/nios2-elf/lib\libc.a(lib_a-sbrkr.o)
                              c:/intelfpga_lite/17.1/nios2eds/bin/gnu/h-x86_64-mingw32/bin/../lib/gcc/nios2-elf/5.3.0/../../../../../H-x86_64-mingw32/nios2-elf/lib\libc.a(lib_a-freer.o) (_sbrk_r)
c:/intelfpga_lite/17.1/nios2eds/bin/gnu/h-x86_64-mingw32/bin/../lib/gcc/nios2-elf/5.3.0/../../../../../H-x86_64-mingw32/nios2-elf/lib\libc.a(lib_a-stdio.o)
                              c:/intelfpga_lite/17.1/nios2eds/bin/gnu/h-x86_64-mingw32/bin/../lib/gcc/nios2-elf/5.3.0/../../../../../H-x86_64-mingw32/nios2-elf/lib\libc.a(lib_a-findfp.o) (__sread)
c:/intelfpga_lite/17.1/nios2eds/bin/gnu/h-x86_64-mingw32/bin/../lib/gcc/nios2-elf/5.3.0/../../../../../H-x86_64-mingw32/nios2-elf/lib\libc.a(lib_a-strlen.o)
                              c:/intelfpga_lite/17.1/nios2eds/bin/gnu/h-x86_64-mingw32/bin/../lib/gcc/nios2-elf/5.3.0/../../../../../H-x86_64-mingw32/nios2-elf/lib\libc.a(lib_a-puts.o) (strlen)
c:/intelfpga_lite/17.1/nios2eds/bin/gnu/h-x86_64-mingw32/bin/../lib/gcc/nios2-elf/5.3.0/../../../../../H-x86_64-mingw32/nios2-elf/lib\libc.a(lib_a-vfprintf.o)
                              c:/intelfpga_lite/17.1/nios2eds/bin/gnu/h-x86_64-mingw32/bin/../lib/gcc/nios2-elf/5.3.0/../../../../../H-x86_64-mingw32/nios2-elf/lib\libc.a(lib_a-printf.o) (___vfprintf_internal_r)
c:/intelfpga_lite/17.1/nios2eds/bin/gnu/h-x86_64-mingw32/bin/../lib/gcc/nios2-elf/5.3.0/../../../../../H-x86_64-mingw32/nios2-elf/lib\libc.a(lib_a-writer.o)
[...]
Memory Configuration

Name             Origin             Length             Attributes
reset            0x0000000000080000 0x0000000000000020
main_memory      0x0000000000080020 0x000000000004afe0
descriptor_memory 0x0000000000100000 0x0000000000001000
*default*        0x0000000000000000 0xffffffffffffffff

Linker script and memory map

LOAD ../tcp_bsp//obj/HAL/src/crt0.o
LOAD obj/default/src/functions.o
LOAD obj/default/src/main.o
LOAD c:/intelfpga_lite/17.1/nios2eds/bin/gnu/h-x86_64-mingw32/bin/../lib/gcc/nios2-elf/5.3.0/../../../../../H-x86_64-mingw32/nios2-elf/lib\libstdc++.a
LOAD c:/intelfpga_lite/17.1/nios2eds/bin/gnu/h-x86_64-mingw32/bin/../lib/gcc/nios2-elf/5.3.0/../../../../../H-x86_64-mingw32/nios2-elf/lib\libm.a
LOAD c:/intelfpga_lite/17.1/nios2eds/bin/gnu/h-x86_64-mingw32/bin/../lib/gcc/nios2-elf/5.3.0\libgcc.a
START GROUP
LOAD c:/intelfpga_lite/17.1/nios2eds/bin/gnu/h-x86_64-mingw32/bin/../lib/gcc/nios2-elf/5.3.0/../../../../../H-x86_64-mingw32/nios2-elf/lib\libc.a
LOAD c:/intelfpga_lite/17.1/nios2eds/bin/gnu/h-x86_64-mingw32/bin/../lib/gcc/nios2-elf/5.3.0\libgcc.a
LOAD ../tcp_bsp/\libhal_bsp.a
LOAD c:/intelfpga_lite/17.1/nios2eds/bin/gnu/h-x86_64-mingw32/bin/../lib/gcc/nios2-elf/5.3.0/../../../../../H-x86_64-mingw32/nios2-elf/lib\libm.a
END GROUP
LOAD c:/intelfpga_lite/17.1/nios2eds/bin/gnu/h-x86_64-mingw32/bin/../lib/gcc/nios2-elf/5.3.0\libgcc.a
                0x0000000000080000                __alt_mem_main_memory = 0x80000
                0x0000000000100000                __alt_mem_descriptor_memory = 0x100000

.entry          0x0000000000080000       0x20
 *(.entry)
 .entry         0x0000000000080000       0x20 ../tcp_bsp//obj/HAL/src/crt0.o
                0x0000000000080000                __reset

.exceptions     0x0000000000080020      0x224
                0x0000000000080020                PROVIDE (__ram_exceptions_start, ABSOLUTE (.))
                0x0000000000080020                . = ALIGN (0x20)
 *(.irq)
 *(.exceptions.entry.label)
 .exceptions.entry.label
                0x0000000000080020        0x0 ../tcp_bsp/\libhal_bsp.a(alt_irq_entry.o)
                0x0000000000080020                alt_irq_entry
 .exceptions.entry.label
                0x0000000000080020        0x0 ../tcp_bsp/\libhal_bsp.a(alt_exception_entry.o)
                0x0000000000080020                alt_exception
 *(.exceptions.entry.user)
 *(.exceptions.entry.ecc_fatal)
 *(.exceptions.entry)
 .exceptions.entry
                0x0000000000080020       0x54 ../tcp_bsp/\libhal_bsp.a(alt_exception_entry.o)
 *(.exceptions.irqtest.user)
 *(.exceptions.irqtest)
 .exceptions.irqtest
                0x0000000000080074       0x10 ../tcp_bsp/\libhal_bsp.a(alt_irq_entry.o)
 *(.exceptions.irqhandler.user)
 *(.exceptions.irqhandler)
 .exceptions.irqhandler
                0x0000000000080084        0x4 ../tcp_bsp/\libhal_bsp.a(alt_irq_entry.o)
 *(.exceptions.irqreturn.user)
 *(.exceptions.irqreturn)
 .exceptions.irqreturn
                0x0000000000080088        0x4 ../tcp_bsp/\libhal_bsp.a(alt_irq_entry.o)
 *(.exceptions.notirq.label)
 .exceptions.notirq.label
                0x000000000008008c        0x0 ../tcp_bsp/\libhal_bsp.a(alt_irq_entry.o)
 *(.exceptions.notirq.user)
 *(.exceptions.notirq)
 .exceptions.notirq
                0x000000000008008c        0x8 ../tcp_bsp/\libhal_bsp.a(alt_exception_entry.o)
 *(.exceptions.soft.user)
 *(.exceptions.soft)
 *(.exceptions.unknown.user)
 *(.exceptions.unknown)
 .exceptions.unknown
                0x0000000000080094       0x14 ../tcp_bsp/\libhal_bsp.a(alt_exception_entry.o)
 *(.exceptions.exit.label)
 .exceptions.exit.label
                0x00000000000800a8        0x0 ../tcp_bsp/\libhal_bsp.a(alt_irq_entry.o)
 .exceptions.exit.label
                0x00000000000800a8        0x0 ../tcp_bsp/\libhal_bsp.a(alt_exception_entry.o)
 *(.exceptions.exit.user)
 *(.exceptions.exit)
 .exceptions.exit
                0x00000000000800a8       0x54 ../tcp_bsp/\libhal_bsp.a(alt_exception_entry.o)
 *(.exceptions)
 .exceptions    0x00000000000800fc       0xd4 ../tcp_bsp/\libhal_bsp.a(alt_irq_handler.o)
                0x00000000000800fc                alt_irq_handler
 .exceptions    0x00000000000801d0       0x74 ../tcp_bsp/\libhal_bsp.a(alt_instruction_exception_entry.o)
                0x00000000000801d0                alt_instruction_exception_entry
                0x0000000000080244                PROVIDE (__ram_exceptions_end, ABSOLUTE (.))
                0x0000000000080020                PROVIDE (__flash_exceptions_start, LOADADDR (.exceptions))

.text           0x0000000000080244    0x11b30
                [!provide]                        PROVIDE (stext, ABSOLUTE (.))
 *(.interp)
 *(.hash)
 *(.dynsym)
 *(.dynstr)
 *(.gnu.version)
 *(.gnu.version_d)
 *(.gnu.version_r)
 *(.rel.init)
 *(.rela.init)
 *(.rel.text .rel.text.* .rel.gnu.linkonce.t.*)
 *(.rela.text .rela.text.* .rela.gnu.linkonce.t.*)
 *(.rel.fini)
 *(.rela.fini)
 *(.rel.rodata .rel.rodata.* .rel.gnu.linkonce.r.*)
 *(.rela.rodata .rela.rodata.* .rela.gnu.linkonce.r.*)
 *(.rel.data .rel.data.* .rel.gnu.linkonce.d.*)
 *(.rela.data .rela.data.* .rela.gnu.linkonce.d.*)
 *(.rel.tdata .rel.tdata.* .rel.gnu.linkonce.td.*)
 *(.rela.tdata .rela.tdata.* .rela.gnu.linkonce.td.*)
 *(.rel.tbss .rel.tbss.* .rel.gnu.linkonce.tb.*)
 *(.rela.tbss .rela.tbss.* .rela.gnu.linkonce.tb.*)
 *(.rel.ctors)
 *(.rela.ctors)
 *(.rel.dtors)
 *(.rela.dtors)
 *(.rel.got)
 *(.rela.got)
 *(.rel.sdata .rel.sdata.* .rel.gnu.linkonce.s.*)
 *(.rela.sdata .rela.sdata.* .rela.gnu.linkonce.s.*)
 *(.rel.sbss .rel.sbss.* .rel.gnu.linkonce.sb.*)
 *(.rela.sbss .rela.sbss.* .rela.gnu.linkonce.sb.*)
 *(.rel.sdata2 .rel.sdata2.* .rel.gnu.linkonce.s2.*)
 *(.rela.sdata2 .rela.sdata2.* .rela.gnu.linkonce.s2.*)
 *(.rel.sbss2 .rel.sbss2.* .rel.gnu.linkonce.sb2.*)
 *(.rela.sbss2 .rela.sbss2.* .rela.gnu.linkonce.sb2.*)
 *(.rel.bss .rel.bss.* .rel.gnu.linkonce.b.*)
 *(.rela.bss .rela.bss.* .rela.gnu.linkonce.b.*)
 *(.rel.plt)
 *(.rela.plt)
 *(.rel.dyn)
 *(.init)
 *(.plt)
 *(.text .stub .text.* .gnu.linkonce.t.*)
 .text          0x0000000000080244       0x4c ../tcp_bsp//obj/HAL/src/crt0.o
                0x0000000000080244                _start
 .text          0x0000000000080290      0xd98 obj/default/src/functions.o
                0x0000000000080290                transmit
                0x00000000000806bc                receive
                0x00000000000809e0                rx_ethernet_isr
                0x0000000000080d0c                tx_ethernet_isr
 .text          0x0000000000081028      0xa2c obj/default/src/main.o
                0x0000000000081028                connect
                0x0000000000081250                send
                0x00000000000813cc                accept
                0x000000000008154c                recv
                0x000000000008160c                disconnect
                0x00000000000816fc                recDisconnect
                0x0000000000081778                main
 .text          0x0000000000081a54        0x0 c:/intelfpga_lite/17.1/nios2eds/bin/gnu/h-x86_64-mingw32/bin/../lib/gcc/nios2-elf/5.3.0/../../../../../H-x86_64-mingw32/nios2-elf/lib\libc.a(lib_a-fflush.o)
 .text.__sflush_r
                0x0000000000081a54      0x21c c:/intelfpga_lite/17.1/nios2eds/bin/gnu/h-x86_64-mingw32/bin/../lib/gcc/nios2-elf/5.3.0/../../../../../H-x86_64-mingw32/nios2-elf/lib\libc.a(lib_a-fflush.o)
                0x0000000000081a54                __sflush_r
 .text._fflush_r
                0x0000000000081c70       0x5c c:/intelfpga_lite/17.1/nios2eds/bin/gnu/h-x86_64-mingw32/bin/../lib/gcc/nios2-elf/5.3.0/../../../../../H-x86_64-mingw32/nios2-elf/lib\libc.a(lib_a-fflush.o)
                0x0000000000081c70                _fflush_r
 .text.fflush   0x0000000000081ccc       0x30 c:/intelfpga_lite/17.1/nios2eds/bin/gnu/h-x86_64-mingw32/bin/../lib/gcc/nios2-elf/5.3.0/../../../../../H-x86_64-mingw32/nios2-elf/lib\libc.a(lib_a-fflush.o)
                0x0000000000081ccc                fflush
 .text          0x0000000000081cfc        0x0 c:/intelfpga_lite/17.1/nios2eds/bin/gnu/h-x86_64-mingw32/bin/../lib/gcc/nios2-elf/5.3.0/../../../../../H-x86_64-mingw32/nios2-elf/lib\libc.a(lib_a-findfp.o)
 .text.__fp_unlock
                0x0000000000081cfc        0x8 c:/intelfpga_lite/17.1/nios2eds/bin/gnu/h-x86_64-mingw32/bin/../lib/gcc/nios2-elf/5.3.0/../../../../../H-x86_64-mingw32/nios2-elf/lib\libc.a(lib_a-findfp.o)
 .text._cleanup_r
                0x0000000000081d04        0xc c:/intelfpga_lite/17.1/nios2eds/bin/gnu/h-x86_64-mingw32/bin/../lib/gcc/nios2-elf/5.3.0/../../../../../H-x86_64-mingw32/nios2-elf/lib\libc.a(lib_a-findfp.o)
                0x0000000000081d04                _cleanup_r
 .text.__sinit.part.1
                0x0000000000081d10      0x19c c:/intelfpga_lite/17.1/nios2eds/bin/gnu/h-x86_64-mingw32/bin/../lib/gcc/nios2-elf/5.3.0/../../../../../H-x86_64-mingw32/nios2-elf/lib\libc.a(lib_a-findfp.o)
 .text.__fp_lock
                0x0000000000081eac        0x8 c:/intelfpga_lite/17.1/nios2eds/bin/gnu/h-x86_64-mingw32/bin/../lib/gcc/nios2-elf/5.3.0/../../../../../H-x86_64-mingw32/nios2-elf/lib\libc.a(lib_a-findfp.o)
 .text.__sfmoreglue
                0x0000000000081eb4       0x68 c:/intelfpga_lite/17.1/nios2eds/bin/gnu/h-x86_64-mingw32/bin/../lib/gcc/nios2-elf/5.3.0/../../../../../H-x86_64-mingw32/nios2-elf/lib\libc.a(lib_a-findfp.o)
                0x0000000000081eb4                __sfmoreglue
 .text.__sfp    0x0000000000081f1c      0x118 c:/intelfpga_lite/17.1/nios2eds/bin/gnu/h-x86_64-mingw32/bin/../lib/gcc/nios2-elf/5.3.0/../../../../../H-x86_64-mingw32/nios2-elf/lib\libc.a(lib_a-findfp.o)
                0x0000000000081f1c                __sfp
 .text._cleanup
                0x0000000000082034       0x18 c:/intelfpga_lite/17.1/nios2eds/bin/gnu/h-x86_64-mingw32/bin/../lib/gcc/nios2-elf/5.3.0/../../../../../H-x86_64-mingw32/nios2-elf/lib\libc.a(lib_a-findfp.o)
                0x0000000000082034                _cleanup
 .text.__sinit  0x000000000008204c       0x10 c:/intelfpga_lite/17.1/nios2eds/bin/gnu/h-x86_64-mingw32/bin/../lib/gcc/nios2-elf/5.3.0/../../../../../H-x86_64-mingw32/nios2-elf/lib\libc.a(lib_a-findfp.o)
                0x000000000008204c                __sinit
 .text.__sfp_lock_acquire
                0x000000000008205c        0x4 c:/intelfpga_lite/17.1/nios2eds/bin/gnu/h-x86_64-mingw32/bin/../lib/gcc/nios2-elf/5.3.0/../../../../../H-x86_64-mingw32/nios2-elf/lib\libc.a(lib_a-findfp.o)
                0x000000000008205c                __sfp_lock_acquire
 .text.__sfp_lock_release
                0x0000000000082060        0x4 c:/intelfpga_lite/17.1/nios2eds/bin/gnu/h-x86_64-mingw32/bin/../lib/gcc/nios2-elf/5.3.0/../../../../../H-x86_64-mingw32/nios2-elf/lib\libc.a(lib_a-findfp.o)
                0x0000000000082060                __sfp_lock_release
 .text.__sinit_lock_acquire
                0x0000000000082064        0x4 c:/intelfpga_lite/17.1/nios2eds/bin/gnu/h-x86_64-mingw32/bin/../lib/gcc/nios2-elf/5.3.0/../../../../../H-x86_64-mingw32/nios2-elf/lib\libc.a(lib_a-findfp.o)
                0x0000000000082064                __sinit_lock_acquire
 .text.__sinit_lock_release
                0x0000000000082068        0x4 c:/intelfpga_lite/17.1/nios2eds/bin/gnu/h-x86_64-mingw32/bin/../lib/gcc/nios2-elf/5.3.0/../../../../../H-x86_64-mingw32/nios2-elf/lib\libc.a(lib_a-findfp.o)
                0x0000000000082068                __sinit_lock_release
 .text.__fp_lock_all
                0x000000000008206c       0x18 c:/intelfpga_lite/17.1/nios2eds/bin/gnu/h-x86_64-mingw32/bin/../lib/gcc/nios2-elf/5.3.0/../../../../../H-x86_64-mingw32/nios2-elf/lib\libc.a(lib_a-findfp.o)
                0x000000000008206c                __fp_lock_all
 .text.__fp_unlock_all
                0x0000000000082084       0x18 c:/intelfpga_lite/17.1/nios2eds/bin/gnu/h-x86_64-mingw32/bin/../lib/gcc/nios2-elf/5.3.0/../../../../../H-x86_64-mingw32/nios2-elf/lib\libc.a(lib_a-findfp.o)
                0x0000000000082084                __fp_unlock_all
 .text          0x000000000008209c        0x0 c:/intelfpga_lite/17.1/nios2eds/bin/gnu/h-x86_64-mingw32/bin/../lib/gcc/nios2-elf/5.3.0/../../../../../H-x86_64-mingw32/nios2-elf/lib\libc.a(lib_a-freer.o)
 .text._malloc_trim_r
                0x000000000008209c      0x124 c:/intelfpga_lite/17.1/nios2eds/bin/gnu/h-x86_64-mingw32/bin/../lib/gcc/nios2-elf/5.3.0/../../../../../H-x86_64-mingw32/nios2-elf/lib\libc.a(lib_a-freer.o)
                0x000000000008209c                _malloc_trim_r
 .text._free_r  0x00000000000821c0      0x310 c:/intelfpga_lite/17.1/nios2eds/bin/gnu/h-x86_64-mingw32/bin/../lib/gcc/nios2-elf/5.3.0/../../../../../H-x86_64-mingw32/nios2-elf/lib\libc.a(lib_a-freer.o)
                0x00000000000821c0                _free_r
 .text          0x00000000000824d0        0x0 c:/intelfpga_lite/17.1/nios2eds/bin/gnu/h-x86_64-mingw32/bin/../lib/gcc/nios2-elf/5.3.0/../../../../../H-x86_64-mingw32/nios2-elf/lib\libc.a(lib_a-fwalk.o)
 .text._fwalk   0x00000000000824d0       0xc4 c:/intelfpga_lite/17.1/nios2eds/bin/gnu/h-x86_64-mingw32/bin/../lib/gcc/nios2-elf/5.3.0/../../../../../H-x86_64-mingw32/nios2-elf/lib\libc.a(lib_a-fwalk.o)
                0x00000000000824d0                _fwalk
 .text._fwalk_reent
                0x0000000000082594       0xc4 c:/intelfpga_lite/17.1/nios2eds/bin/gnu/h-x86_64-mingw32/bin/../lib/gcc/nios2-elf/5.3.0/../../../../../H-x86_64-mingw32/nios2-elf/lib\libc.a(lib_a-fwalk.o)
                0x0000000000082594                _fwalk_reent
 .text          0x0000000000082658        0x0 c:/intelfpga_lite/17.1/nios2eds/bin/gnu/h-x86_64-mingw32/bin/../lib/gcc/nios2-elf/5.3.0/../../../../../H-x86_64-mingw32/nios2-elf/lib\libc.a(lib_a-impure.o)
 .text          0x0000000000082658        0x0 c:/intelfpga_lite/17.1/nios2eds/bin/gnu/h-x86_64-mingw32/bin/../lib/gcc/nios2-elf/5.3.0/../../../../../H-x86_64-mingw32/nios2-elf/lib\libc.a(lib_a-malloc.o)
 .text.malloc   0x0000000000082658       0x14 c:/intelfpga_lite/17.1/nios2eds/bin/gnu/h-x86_64-mingw32/bin/../lib/gcc/nios2-elf/5.3.0/../../../../../H-x86_64-mingw32/nios2-elf/lib\libc.a(lib_a-malloc.o)
                0x0000000000082658                malloc
 .text.free     0x000000000008266c       0x14 c:/intelfpga_lite/17.1/nios2eds/bin/gnu/h-x86_64-mingw32/bin/../lib/gcc/nios2-elf/5.3.0/../../../../../H-x86_64-mingw32/nios2-elf/lib\libc.a(lib_a-malloc.o)
                0x000000000008266c                free
 .text          0x0000000000082680        0x0 c:/intelfpga_lite/17.1/nios2eds/bin/gnu/h-x86_64-mingw32/bin/../lib/gcc/nios2-elf/5.3.0/../../../../../H-x86_64-mingw32/nios2-elf/lib\libc.a(lib_a-mallocr.o)
 .text._malloc_r
                0x0000000000082680      0x80c c:/intelfpga_lite/17.1/nios2eds/bin/gnu/h-x86_64-mingw32/bin/../lib/gcc/nios2-elf/5.3.0/../../../../../H-x86_64-mingw32/nios2-elf/lib\libc.a(lib_a-mallocr.o)
                0x0000000000082680                _malloc_r
 .text          0x0000000000082e8c        0x0 c:/intelfpga_lite/17.1/nios2eds/bin/gnu/h-x86_64-mingw32/bin/../lib/gcc/nios2-elf/5.3.0/../../../../../H-x86_64-mingw32/nios2-elf/lib\libc.a(lib_a-memmove.o)
 .text.memmove  0x0000000000082e8c      0x15c c:/intelfpga_lite/17.1/nios2eds/bin/gnu/h-x86_64-mingw32/bin/../lib/gcc/nios2-elf/5.3.0/../../../../../H-x86_64-mingw32/nios2-elf/lib\libc.a(lib_a-memmove.o)
                0x0000000000082e8c                memmove
 .text          0x0000000000082fe8        0x0 c:/intelfpga_lite/17.1/nios2eds/bin/gnu/h-x86_64-mingw32/bin/../lib/gcc/nios2-elf/5.3.0/../../../../../H-x86_64-mingw32/nios2-elf/lib\libc.a(lib_a-memset.o)
 .text.memset   0x0000000000082fe8      0x128 c:/intelfpga_lite/17.1/nios2eds/bin/gnu/h-x86_64-mingw32/bin/../lib/gcc/nios2-elf/5.3.0/../../../../../H-x86_64-mingw32/nios2-elf/lib\libc.a(lib_a-memset.o)
                0x0000000000082fe8                memset
 .text          0x0000000000083110        0x0 c:/intelfpga_lite/17.1/nios2eds/bin/gnu/h-x86_64-mingw32/bin/../lib/gcc/nios2-elf/5.3.0/../../../../../H-x86_64-mingw32/nios2-elf/lib\libc.a(lib_a-printf.o)
 .text._printf_r
                0x0000000000083110       0x30 c:/intelfpga_lite/17.1/nios2eds/bin/gnu/h-x86_64-mingw32/bin/../lib/gcc/nios2-elf/5.3.0/../../../../../H-x86_64-mingw32/nios2-elf/lib\libc.a(lib_a-printf.o)
                0x0000000000083110                _printf_r
 .text.printf   0x0000000000083140       0x3c c:/intelfpga_lite/17.1/nios2eds/bin/gnu/h-x86_64-mingw32/bin/../lib/gcc/nios2-elf/5.3.0/../../../../../H-x86_64-mingw32/nios2-elf/lib\libc.a(lib_a-printf.o)
                0x0000000000083140                printf
 .text          0x000000000008317c        0x0 c:/intelfpga_lite/17.1/nios2eds/bin/gnu/h-x86_64-mingw32/bin/../lib/gcc/nios2-elf/5.3.0/../../../../../H-x86_64-mingw32/nios2-elf/lib\libc.a(lib_a-putchar.o)
 .text._putchar_r
                0x000000000008317c        0x8 c:/intelfpga_lite/17.1/nios2eds/bin/gnu/h-x86_64-mingw32/bin/../lib/gcc/nios2-elf/5.3.0/../../../../../H-x86_64-mingw32/nios2-elf/lib\libc.a(lib_a-putchar.o)
                0x000000000008317c                _putchar_r
 .text.putchar  0x0000000000083184       0x18 c:/intelfpga_lite/17.1/nios2eds/bin/gnu/h-x86_64-mingw32/bin/../lib/gcc/nios2-elf/5.3.0/../../../../../H-x86_64-mingw32/nios2-elf/lib\libc.a(lib_a-putchar.o)
                0x0000000000083184                putchar
 .text          0x000000000008319c        0x0 c:/intelfpga_lite/17.1/nios2eds/bin/gnu/h-x86_64-mingw32/bin/../lib/gcc/nios2-elf/5.3.0/../../../../../H-x86_64-mingw32/nios2-elf/lib\libc.a(lib_a-puts.o)
 .text._puts_r  0x000000000008319c       0xc0 c:/intelfpga_lite/17.1/nios2eds/bin/gnu/h-x86_64-mingw32/bin/../lib/gcc/nios2-elf/5.3.0/../../../../../H-x86_64-mingw32/nios2-elf/lib\libc.a(lib_a-puts.o)
                0x000000000008319c                _puts_r
 .text.puts     0x000000000008325c       0x14 c:/intelfpga_lite/17.1/nios2eds/bin/gnu/h-x86_64-mingw32/bin/../lib/gcc/nios2-elf/5.3.0/../../../../../H-x86_64-mingw32/nios2-elf/lib\libc.a(lib_a-puts.o)
                0x000000000008325c                puts
 .text          0x0000000000083270        0x0 c:/intelfpga_lite/17.1/nios2eds/bin/gnu/h-x86_64-mingw32/bin/../lib/gcc/nios2-elf/5.3.0/../../../../../H-x86_64-mingw32/nios2-elf/lib\libc.a(lib_a-sbrkr.o)
 .text._sbrk_r  0x0000000000083270       0x54 c:/intelfpga_lite/17.1/nios2eds/bin/gnu/h-x86_64-mingw32/bin/../lib/gcc/nios2-elf/5.3.0/../../../../../H-x86_64-mingw32/nios2-elf/lib\libc.a(lib_a-sbrkr.o)
                0x0000000000083270                _sbrk_r
 .text          0x00000000000832c4        0x0 c:/intelfpga_lite/17.1/nios2eds/bin/gnu/h-x86_64-mingw32/bin/../lib/gcc/nios2-elf/5.3.0/../../../../../H-x86_64-mingw32/nios2-elf/lib\libc.a(lib_a-stdio.o)
 .text.__sread  0x00000000000832c4       0x54 c:/intelfpga_lite/17.1/nios2eds/bin/gnu/h-x86_64-mingw32/bin/../lib/gcc/nios2-elf/5.3.0/../../../../../H-x86_64-mingw32/nios2-elf/lib\libc.a(lib_a-stdio.o)
                0x00000000000832c4                __sread
 .text.__seofread
                0x0000000000083318        0x8 c:/intelfpga_lite/17.1/nios2eds/bin/gnu/h-x86_64-mingw32/bin/../lib/gcc/nios2-elf/5.3.0/../../../../../H-x86_64-mingw32/nios2-elf/lib\libc.a(lib_a-stdio.o)
                0x0000000000083318                __seofread
 .text.__swrite
                0x0000000000083320       0x7c c:/intelfpga_lite/17.1/nios2eds/bin/gnu/h-x86_64-mingw32/bin/../lib/gcc/nios2-elf/5.3.0/../../../../../H-x86_64-mingw32/nios2-elf/lib\libc.a(lib_a-stdio.o)
                0x0000000000083320                __swrite
 .text.__sseek  0x000000000008339c       0x5c c:/intelfpga_lite/17.1/nios2eds/bin/gnu/h-x86_64-mingw32/bin/../lib/gcc/nios2-elf/5.3.0/../../../../../H-x86_64-mingw32/nios2-elf/lib\libc.a(lib_a-stdio.o)
                0x000000000008339c                __sseek
 .text.__sclose
                0x00000000000833f8        0x8 c:/intelfpga_lite/17.1/nios2eds/bin/gnu/h-x86_64-mingw32/bin/../lib/gcc/nios2-elf/5.3.0/../../../../../H-x86_64-mingw32/nios2-elf/lib\libc.a(lib_a-stdio.o)
                0x00000000000833f8                __sclose
 .text          0x0000000000083400        0x0 c:/intelfpga_lite/17.1/nios2eds/bin/gnu/h-x86_64-mingw32/bin/../lib/gcc/nios2-elf/5.3.0/../../../../../H-x86_64-mingw32/nios2-elf/lib\libc.a(lib_a-strlen.o)
 .text.strlen   0x0000000000083400       0x98 c:/intelfpga_lite/17.1/nios2eds/bin/gnu/h-x86_64-mingw32/bin/../lib/gcc/nios2-elf/5.3.0/../../../../../H-x86_64-mingw32/nios2-elf/lib\libc.a(lib_a-strlen.o)
                0x0000000000083400                strlen
 .text          0x0000000000083498        0x0 c:/intelfpga_lite/17.1/nios2eds/bin/gnu/h-x86_64-mingw32/bin/../lib/gcc/nios2-elf/5.3.0/../../../../../H-x86_64-mingw32/nios2-elf/lib\libc.a(lib_a-vfprintf.o)
 .text.___vfprintf_internal_r
                0x0000000000083498     0x21f8 c:/intelfpga_lite/17.1/nios2eds/bin/gnu/h-x86_64-mingw32/bin/../lib/gcc/nios2-elf/5.3.0/../../../../../H-x86_64-mingw32/nios2-elf/lib\libc.a(lib_a-vfprintf.o)
                0x0000000000083498                ___vfprintf_internal_r
 .text.__vfprintf_internal
                0x0000000000085690       0x1c c:/intelfpga_lite/17.1/nios2eds/bin/gnu/h-x86_64-mingw32/bin/../lib/gcc/nios2-elf/5.3.0/../../../../../H-x86_64-mingw32/nios2-elf/lib\libc.a(lib_a-vfprintf.o)
                0x0000000000085690                __vfprintf_internal
 .text.__sbprintf
                0x00000000000856ac       0xbc c:/intelfpga_lite/17.1/nios2eds/bin/gnu/h-x86_64-mingw32/bin/../lib/gcc/nios2-elf/5.3.0/../../../../../H-x86_64-mingw32/nios2-elf/lib\libc.a(lib_a-vfprintf.o)
 .text          0x0000000000085768        0x0 c:/intelfpga_lite/17.1/nios2eds/bin/gnu/h-x86_64-mingw32/bin/../lib/gcc/nios2-elf/5.3.0/../../../../../H-x86_64-mingw32/nios2-elf/lib\libc.a(lib_a-writer.o)
 .text._write_r
                0x0000000000085768       0x60 c:/intelfpga_lite/17.1/nios2eds/bin/gnu/h-x86_64-mingw32/bin/../lib/gcc/nios2-elf/5.3.0/../../../../../H-x86_64-mingw32/nios2-elf/lib\libc.a(lib_a-writer.o)
                0x0000000000085768                _write_r
 .text          0x00000000000857c8        0x0 c:/intelfpga_lite/17.1/nios2eds/bin/gnu/h-x86_64-mingw32/bin/../lib/gcc/nios2-elf/5.3.0/../../../../../H-x86_64-mingw32/nios2-elf/lib\libc.a(lib_a-wsetup.o)
 .text.__swsetup_r
                0x00000000000857c8      0x154 c:/intelfpga_lite/17.1/nios2eds/bin/gnu/h-x86_64-mingw32/bin/../lib/gcc/nios2-elf/5.3.0/../../../../../H-x86_64-mingw32/nios2-elf/lib\libc.a(lib_a-wsetup.o)
                0x00000000000857c8                __swsetup_r
 .text          0x000000000008591c        0x0 c:/intelfpga_lite/17.1/nios2eds/bin/gnu/h-x86_64-mingw32/bin/../lib/gcc/nios2-elf/5.3.0/../../../../../H-x86_64-mingw32/nios2-elf/lib\libc.a(closer.o)
 .text._close_r
                0x000000000008591c       0x54 c:/intelfpga_lite/17.1/nios2eds/bin/gnu/h-x86_64-mingw32/bin/../lib/gcc/nios2-elf/5.3.0/../../../../../H-x86_64-mingw32/nios2-elf/lib\libc.a(closer.o)
                0x000000000008591c                _close_r
 .text          0x0000000000085970        0x0 c:/intelfpga_lite/17.1/nios2eds/bin/gnu/h-x86_64-mingw32/bin/../lib/gcc/nios2-elf/5.3.0/../../../../../H-x86_64-mingw32/nios2-elf/lib\libc.a(lib_a-dtoa.o)
 .text.quorem   0x0000000000085970      0x200 c:/intelfpga_lite/17.1/nios2eds/bin/gnu/h-x86_64-mingw32/bin/../lib/gcc/nios2-elf/5.3.0/../../../../../H-x86_64-mingw32/nios2-elf/lib\libc.a(lib_a-dtoa.o)
 .text._dtoa_r  0x0000000000085b70     0x1688 c:/intelfpga_lite/17.1/nios2eds/bin/gnu/h-x86_64-mingw32/bin/../lib/gcc/nios2-elf/5.3.0/../../../../../H-x86_64-mingw32/nios2-elf/lib\libc.a(lib_a-dtoa.o)
                0x0000000000085b70                _dtoa_r
 .text          0x00000000000871f8        0x0 c:/intelfpga_lite/17.1/nios2eds/bin/gnu/h-x86_64-mingw32/bin/../lib/gcc/nios2-elf/5.3.0/../../../../../H-x86_64-mingw32/nios2-elf/lib\libc.a(lib_a-fclose.o)
 .text._fclose_r
                0x00000000000871f8       0xf0 c:/intelfpga_lite/17.1/nios2eds/bin/gnu/h-x86_64-mingw32/bin/../lib/gcc/nios2-elf/5.3.0/../../../../../H-x86_64-mingw32/nios2-elf/lib\libc.a(lib_a-fclose.o)
                0x00000000000871f8                _fclose_r
 .text.fclose   0x00000000000872e8       0x14 c:/intelfpga_lite/17.1/nios2eds/bin/gnu/h-x86_64-mingw32/bin/../lib/gcc/nios2-elf/5.3.0/../../../../../H-x86_64-mingw32/nios2-elf/lib\libc.a(lib_a-fclose.o)
                0x00000000000872e8                fclose
 .text          0x00000000000872fc        0x0 c:/intelfpga_lite/17.1/nios2eds/bin/gnu/h-x86_64-mingw32/bin/../lib/gcc/nios2-elf/5.3.0/../../../../../H-x86_64-mingw32/nios2-elf/lib\libc.a(lib_a-fvwrite.o)
 .text.__sfvwrite_r
                0x00000000000872fc      0x4bc c:/intelfpga_lite/17.1/nios2eds/bin/gnu/h-x86_64-mingw32/bin/../lib/gcc/nios2-elf/5.3.0/../../../../../H-x86_64-mingw32/nios2-elf/lib\libc.a(lib_a-fvwrite.o)
                0x00000000000872fc                __sfvwrite_r
 .text          0x00000000000877b8        0x0 c:/intelfpga_lite/17.1/nios2eds/bin/gnu/h-x86_64-mingw32/bin/../lib/gcc/nios2-elf/5.3.0/../../../../../H-x86_64-mingw32/nios2-elf/lib\libc.a(lib_a-int_errno.o)
 .text          0x00000000000877b8        0x0 c:/intelfpga_lite/17.1/nios2eds/bin/gnu/h-x86_64-mingw32/bin/../lib/gcc/nios2-elf/5.3.0/../../../../../H-x86_64-mingw32/nios2-elf/lib\libc.a(lib_a-locale.o)
 .text._setlocale_r
                0x00000000000877b8       0x7c c:/intelfpga_lite/17.1/nios2eds/bin/gnu/h-x86_64-mingw32/bin/../lib/gcc/nios2-elf/5.3.0/../../../../../H-x86_64-mingw32/nios2-elf/lib\libc.a(lib_a-locale.o)
                0x00000000000877b8                _setlocale_r
 .text.__locale_charset
                0x0000000000087834        0xc c:/intelfpga_lite/17.1/nios2eds/bin/gnu/h-x86_64-mingw32/bin/../lib/gcc/nios2-elf/5.3.0/../../../../../H-x86_64-mingw32/nios2-elf/lib\libc.a(lib_a-locale.o)
                0x0000000000087834                __locale_charset
 .text.__locale_mb_cur_max
                0x0000000000087840       0x10 c:/intelfpga_lite/17.1/nios2eds/bin/gnu/h-x86_64-mingw32/bin/../lib/gcc/nios2-elf/5.3.0/../../../../../H-x86_64-mingw32/nios2-elf/lib\libc.a(lib_a-locale.o)
                0x0000000000087840                __locale_mb_cur_max
 .text.__locale_msgcharset
                0x0000000000087850        0xc c:/intelfpga_lite/17.1/nios2eds/bin/gnu/h-x86_64-mingw32/bin/../lib/gcc/nios2-elf/5.3.0/../../../../../H-x86_64-mingw32/nios2-elf/lib\libc.a(lib_a-locale.o)
                0x0000000000087850                __locale_msgcharset
 .text.__locale_cjk_lang
                0x000000000008785c        0x8 c:/intelfpga_lite/17.1/nios2eds/bin/gnu/h-x86_64-mingw32/bin/../lib/gcc/nios2-elf/5.3.0/../../../../../H-x86_64-mingw32/nios2-elf/lib\libc.a(lib_a-locale.o)
                0x000000000008785c                __locale_cjk_lang
 .text._localeconv_r
                0x0000000000087864        0xc c:/intelfpga_lite/17.1/nios2eds/bin/gnu/h-x86_64-mingw32/bin/../lib/gcc/nios2-elf/5.3.0/../../../../../H-x86_64-mingw32/nios2-elf/lib\libc.a(lib_a-locale.o)
                0x0000000000087864                _localeconv_r
 .text.setlocale
                0x0000000000087870       0x18 c:/intelfpga_lite/17.1/nios2eds/bin/gnu/h-x86_64-mingw32/bin/../lib/gcc/nios2-elf/5.3.0/../../../../../H-x86_64-mingw32/nios2-elf/lib\libc.a(lib_a-locale.o)
                0x0000000000087870                setlocale
 .text.localeconv
                0x0000000000087888        0xc c:/intelfpga_lite/17.1/nios2eds/bin/gnu/h-x86_64-mingw32/bin/../lib/gcc/nios2-elf/5.3.0/../../../../../H-x86_64-mingw32/nios2-elf/lib\libc.a(lib_a-locale.o)
                0x0000000000087888                localeconv
 .text          0x0000000000087894        0x0 c:/intelfpga_lite/17.1/nios2eds/bin/gnu/h-x86_64-mingw32/bin/../lib/gcc/nios2-elf/5.3.0/../../../../../H-x86_64-mingw32/nios2-elf/lib\libc.a(lib_a-lseekr.o)
 .text._lseek_r
                0x0000000000087894       0x60 c:/intelfpga_lite/17.1/nios2eds/bin/gnu/h-x86_64-mingw32/bin/../lib/gcc/nios2-elf/5.3.0/../../../../../H-x86_64-mingw32/nios2-elf/lib\libc.a(lib_a-lseekr.o)
                0x0000000000087894                _lseek_r
 .text          0x00000000000878f4        0x0 c:/intelfpga_lite/17.1/nios2eds/bin/gnu/h-x86_64-mingw32/bin/../lib/gcc/nios2-elf/5.3.0/../../../../../H-x86_64-mingw32/nios2-elf/lib\libc.a(lib_a-makebuf.o)
 .text.__smakebuf_r
                0x00000000000878f4      0x1bc c:/intelfpga_lite/17.1/nios2eds/bin/gnu/h-x86_64-mingw32/bin/../lib/gcc/nios2-elf/5.3.0/../../../../../H-x86_64-mingw32/nios2-elf/lib\libc.a(lib_a-makebuf.o)
                0x00000000000878f4                __smakebuf_r
 .text          0x0000000000087ab0        0x0 c:/intelfpga_lite/17.1/nios2eds/bin/gnu/h-x86_64-mingw32/bin/../lib/gcc/nios2-elf/5.3.0/../../../../../H-x86_64-mingw32/nios2-elf/lib\libc.a(lib_a-memchr.o)
 .text.memchr   0x0000000000087ab0       0xe4 c:/intelfpga_lite/17.1/nios2eds/bin/gnu/h-x86_64-mingw32/bin/../lib/gcc/nios2-elf/5.3.0/../../../../../H-x86_64-mingw32/nios2-elf/lib\libc.a(lib_a-memchr.o)
                0x0000000000087ab0                memchr
 .text          0x0000000000087b94        0x0 c:/intelfpga_lite/17.1/nios2eds/bin/gnu/h-x86_64-mingw32/bin/../lib/gcc/nios2-elf/5.3.0/../../../../../H-x86_64-mingw32/nios2-elf/lib\libc.a(lib_a-memcpy.o)
 .text.memcpy   0x0000000000087b94      0x148 c:/intelfpga_lite/17.1/nios2eds/bin/gnu/h-x86_64-mingw32/bin/../lib/gcc/nios2-elf/5.3.0/../../../../../H-x86_64-mingw32/nios2-elf/lib\libc.a(lib_a-memcpy.o)
                0x0000000000087b94                memcpy
 .text          0x0000000000087cdc        0x0 c:/intelfpga_lite/17.1/nios2eds/bin/gnu/h-x86_64-mingw32/bin/../lib/gcc/nios2-elf/5.3.0/../../../../../H-x86_64-mingw32/nios2-elf/lib\libc.a(lib_a-mprec.o)
 .text._Balloc  0x0000000000087cdc       0xa8 c:/intelfpga_lite/17.1/nios2eds/bin/gnu/h-x86_64-mingw32/bin/../lib/gcc/nios2-elf/5.3.0/../../../../../H-x86_64-mingw32/nios2-elf/lib\libc.a(lib_a-mprec.o)
                0x0000000000087cdc                _Balloc
 .text._Bfree   0x0000000000087d84       0x28 c:/intelfpga_lite/17.1/nios2eds/bin/gnu/h-x86_64-mingw32/bin/../lib/gcc/nios2-elf/5.3.0/../../../../../H-x86_64-mingw32/nios2-elf/lib\libc.a(lib_a-mprec.o)
                0x0000000000087d84                _Bfree
 .text.__multadd
                0x0000000000087dac      0x120 c:/intelfpga_lite/17.1/nios2eds/bin/gnu/h-x86_64-mingw32/bin/../lib/gcc/nios2-elf/5.3.0/../../../../../H-x86_64-mingw32/nios2-elf/lib\libc.a(lib_a-mprec.o)
                0x0000000000087dac                __multadd
 .text.__s2b    0x0000000000087ecc      0x104 c:/intelfpga_lite/17.1/nios2eds/bin/gnu/h-x86_64-mingw32/bin/../lib/gcc/nios2-elf/5.3.0/../../../../../H-x86_64-mingw32/nios2-elf/lib\libc.a(lib_a-mprec.o)
                0x0000000000087ecc                __s2b
 .text.__hi0bits
                0x0000000000087fd0       0x68 c:/intelfpga_lite/17.1/nios2eds/bin/gnu/h-x86_64-mingw32/bin/../lib/gcc/nios2-elf/5.3.0/../../../../../H-x86_64-mingw32/nios2-elf/lib\libc.a(lib_a-mprec.o)
                0x0000000000087fd0                __hi0bits
 .text.__lo0bits
                0x0000000000088038       0xb0 c:/intelfpga_lite/17.1/nios2eds/bin/gnu/h-x86_64-mingw32/bin/../lib/gcc/nios2-elf/5.3.0/../../../../../H-x86_64-mingw32/nios2-elf/lib\libc.a(lib_a-mprec.o)
                0x0000000000088038                __lo0bits
 .text.__i2b    0x00000000000880e8       0x3c c:/intelfpga_lite/17.1/nios2eds/bin/gnu/h-x86_64-mingw32/bin/../lib/gcc/nios2-elf/5.3.0/../../../../../H-x86_64-mingw32/nios2-elf/lib\libc.a(lib_a-mprec.o)
                0x00000000000880e8                __i2b
 .text.__multiply
                0x0000000000088124      0x1f8 c:/intelfpga_lite/17.1/nios2eds/bin/gnu/h-x86_64-mingw32/bin/../lib/gcc/nios2-elf/5.3.0/../../../../../H-x86_64-mingw32/nios2-elf/lib\libc.a(lib_a-mprec.o)
                0x0000000000088124                __multiply
 .text.__pow5mult
                0x000000000008831c      0x140 c:/intelfpga_lite/17.1/nios2eds/bin/gnu/h-x86_64-mingw32/bin/../lib/gcc/nios2-elf/5.3.0/../../../../../H-x86_64-mingw32/nios2-elf/lib\libc.a(lib_a-mprec.o)
                0x000000000008831c                __pow5mult
 .text.__lshift
                0x000000000008845c      0x148 c:/intelfpga_lite/17.1/nios2eds/bin/gnu/h-x86_64-mingw32/bin/../lib/gcc/nios2-elf/5.3.0/../../../../../H-x86_64-mingw32/nios2-elf/lib\libc.a(lib_a-mprec.o)
                0x000000000008845c                __lshift
 .text.__mcmp   0x00000000000885a4       0x60 c:/intelfpga_lite/17.1/nios2eds/bin/gnu/h-x86_64-mingw32/bin/../lib/gcc/nios2-elf/5.3.0/../../../../../H-x86_64-mingw32/nios2-elf/lib\libc.a(lib_a-mprec.o)
                0x00000000000885a4                __mcmp
 .text.__mdiff  0x0000000000088604      0x1fc c:/intelfpga_lite/17.1/nios2eds/bin/gnu/h-x86_64-mingw32/bin/../lib/gcc/nios2-elf/5.3.0/../../../../../H-x86_64-mingw32/nios2-elf/lib\libc.a(lib_a-mprec.o)
                0x0000000000088604                __mdiff
 .text.__ulp    0x0000000000088800       0x64 c:/intelfpga_lite/17.1/nios2eds/bin/gnu/h-x86_64-mingw32/bin/../lib/gcc/nios2-elf/5.3.0/../../../../../H-x86_64-mingw32/nios2-elf/lib\libc.a(lib_a-mprec.o)
                0x0000000000088800                __ulp
 .text.__b2d    0x0000000000088864      0x10c c:/intelfpga_lite/17.1/nios2eds/bin/gnu/h-x86_64-mingw32/bin/../lib/gcc/nios2-elf/5.3.0/../../../../../H-x86_64-mingw32/nios2-elf/lib\libc.a(lib_a-mprec.o)
                0x0000000000088864                __b2d
 .text.__d2b    0x0000000000088970      0x14c c:/intelfpga_lite/17.1/nios2eds/bin/gnu/h-x86_64-mingw32/bin/../lib/gcc/nios2-elf/5.3.0/../../../../../H-x86_64-mingw32/nios2-elf/lib\libc.a(lib_a-mprec.o)
                0x0000000000088970                __d2b
 .text.__ratio  0x0000000000088abc       0xa4 c:/intelfpga_lite/17.1/nios2eds/bin/gnu/h-x86_64-mingw32/bin/../lib/gcc/nios2-elf/5.3.0/../../../../../H-x86_64-mingw32/nios2-elf/lib\libc.a(lib_a-mprec.o)
                0x0000000000088abc                __ratio
 .text._mprec_log10
                0x0000000000088b60       0x74 c:/intelfpga_lite/17.1/nios2eds/bin/gnu/h-x86_64-mingw32/bin/../lib/gcc/nios2-elf/5.3.0/../../../../../H-x86_64-mingw32/nios2-elf/lib\libc.a(lib_a-mprec.o)
                0x0000000000088b60                _mprec_log10
 .text.__copybits
                0x0000000000088bd4       0x78 c:/intelfpga_lite/17.1/nios2eds/bin/gnu/h-x86_64-mingw32/bin/../lib/gcc/nios2-elf/5.3.0/../../../../../H-x86_64-mingw32/nios2-elf/lib\libc.a(lib_a-mprec.o)
                0x0000000000088bd4                __copybits
 .text.__any_on
                0x0000000000088c4c       0x8c c:/intelfpga_lite/17.1/nios2eds/bin/gnu/h-x86_64-mingw32/bin/../lib/gcc/nios2-elf/5.3.0/../../../../../H-x86_64-mingw32/nios2-elf/lib\libc.a(lib_a-mprec.o)
                0x0000000000088c4c                __any_on
 .text          0x0000000000088cd8        0x0 c:/intelfpga_lite/17.1/nios2eds/bin/gnu/h-x86_64-mingw32/bin/../lib/gcc/nios2-elf/5.3.0/../../../../../H-x86_64-mingw32/nios2-elf/lib\libc.a(lib_a-putc.o)
 .text._putc_r  0x0000000000088cd8       0xa0 c:/intelfpga_lite/17.1/nios2eds/bin/gnu/h-x86_64-mingw32/bin/../lib/gcc/nios2-elf/5.3.0/../../../../../H-x86_64-mingw32/nios2-elf/lib\libc.a(lib_a-putc.o)
                0x0000000000088cd8                _putc_r
 .text.putc     0x0000000000088d78       0xc8 c:/intelfpga_lite/17.1/nios2eds/bin/gnu/h-x86_64-mingw32/bin/../lib/gcc/nios2-elf/5.3.0/../../../../../H-x86_64-mingw32/nios2-elf/lib\libc.a(lib_a-putc.o)
                0x0000000000088d78                putc
 .text          0x0000000000088e40        0x0 c:/intelfpga_lite/17.1/nios2eds/bin/gnu/h-x86_64-mingw32/bin/../lib/gcc/nios2-elf/5.3.0/../../../../../H-x86_64-mingw32/nios2-elf/lib\libc.a(lib_a-readr.o)
 .text._read_r  0x0000000000088e40       0x60 c:/intelfpga_lite/17.1/nios2eds/bin/gnu/h-x86_64-mingw32/bin/../lib/gcc/nios2-elf/5.3.0/../../../../../H-x86_64-mingw32/nios2-elf/lib\libc.a(lib_a-readr.o)
                0x0000000000088e40                _read_r
 .text          0x0000000000088ea0        0x0 c:/intelfpga_lite/17.1/nios2eds/bin/gnu/h-x86_64-mingw32/bin/../lib/gcc/nios2-elf/5.3.0/../../../../../H-x86_64-mingw32/nios2-elf/lib\libc.a(lib_a-reallocr.o)
 .text._realloc_r
                0x0000000000088ea0      0x564 c:/intelfpga_lite/17.1/nios2eds/bin/gnu/h-x86_64-mingw32/bin/../lib/gcc/nios2-elf/5.3.0/../../../../../H-x86_64-mingw32/nios2-elf/lib\libc.a(lib_a-reallocr.o)
                0x0000000000088ea0                _realloc_r
 .text          0x0000000000089404        0x0 c:/intelfpga_lite/17.1/nios2eds/bin/gnu/h-x86_64-mingw32/bin/../lib/gcc/nios2-elf/5.3.0/../../../../../H-x86_64-mingw32/nios2-elf/lib\libc.a(lib_a-s_fpclassify.o)
 .text.__fpclassifyd
                0x0000000000089404       0x74 c:/intelfpga_lite/17.1/nios2eds/bin/gnu/h-x86_64-mingw32/bin/../lib/gcc/nios2-elf/5.3.0/../../../../../H-x86_64-mingw32/nios2-elf/lib\libc.a(lib_a-s_fpclassify.o)
                0x0000000000089404                __fpclassifyd
 .text          0x0000000000089478        0x0 c:/intelfpga_lite/17.1/nios2eds/bin/gnu/h-x86_64-mingw32/bin/../lib/gcc/nios2-elf/5.3.0/../../../../../H-x86_64-mingw32/nios2-elf/lib\libc.a(lib_a-strcmp.o)
 .text.strcmp   0x0000000000089478       0xdc c:/intelfpga_lite/17.1/nios2eds/bin/gnu/h-x86_64-mingw32/bin/../lib/gcc/nios2-elf/5.3.0/../../../../../H-x86_64-mingw32/nios2-elf/lib\libc.a(lib_a-strcmp.o)
                0x0000000000089478                strcmp
 .text          0x0000000000089554        0x0 c:/intelfpga_lite/17.1/nios2eds/bin/gnu/h-x86_64-mingw32/bin/../lib/gcc/nios2-elf/5.3.0/../../../../../H-x86_64-mingw32/nios2-elf/lib\libc.a(lib_a-vfiprintf.o)
 .text.__sprint_r.part.0
                0x0000000000089554       0xfc c:/intelfpga_lite/17.1/nios2eds/bin/gnu/h-x86_64-mingw32/bin/../lib/gcc/nios2-elf/5.3.0/../../../../../H-x86_64-mingw32/nios2-elf/lib\libc.a(lib_a-vfiprintf.o)
 .text.__sprint_r
                0x0000000000089650       0x18 c:/intelfpga_lite/17.1/nios2eds/bin/gnu/h-x86_64-mingw32/bin/../lib/gcc/nios2-elf/5.3.0/../../../../../H-x86_64-mingw32/nios2-elf/lib\libc.a(lib_a-vfiprintf.o)
                0x0000000000089650                __sprint_r
 .text.___vfiprintf_internal_r
                0x0000000000089668     0x145c c:/intelfpga_lite/17.1/nios2eds/bin/gnu/h-x86_64-mingw32/bin/../lib/gcc/nios2-elf/5.3.0/../../../../../H-x86_64-mingw32/nios2-elf/lib\libc.a(lib_a-vfiprintf.o)
                0x0000000000089668                ___vfiprintf_internal_r
 .text.__vfiprintf_internal
                0x000000000008aac4       0x1c c:/intelfpga_lite/17.1/nios2eds/bin/gnu/h-x86_64-mingw32/bin/../lib/gcc/nios2-elf/5.3.0/../../../../../H-x86_64-mingw32/nios2-elf/lib\libc.a(lib_a-vfiprintf.o)
                0x000000000008aac4                __vfiprintf_internal
 .text.__sbprintf
                0x000000000008aae0       0xbc c:/intelfpga_lite/17.1/nios2eds/bin/gnu/h-x86_64-mingw32/bin/../lib/gcc/nios2-elf/5.3.0/../../../../../H-x86_64-mingw32/nios2-elf/lib\libc.a(lib_a-vfiprintf.o)
 .text          0x000000000008ab9c        0x0 c:/intelfpga_lite/17.1/nios2eds/bin/gnu/h-x86_64-mingw32/bin/../lib/gcc/nios2-elf/5.3.0/../../../../../H-x86_64-mingw32/nios2-elf/lib\libc.a(lib_a-wbuf.o)
 .text.__swbuf_r
                0x000000000008ab9c      0x140 c:/intelfpga_lite/17.1/nios2eds/bin/gnu/h-x86_64-mingw32/bin/../lib/gcc/nios2-elf/5.3.0/../../../../../H-x86_64-mingw32/nios2-elf/lib\libc.a(lib_a-wbuf.o)
                0x000000000008ab9c                __swbuf_r
 .text.__swbuf  0x000000000008acdc       0x18 c:/intelfpga_lite/17.1/nios2eds/bin/gnu/h-x86_64-mingw32/bin/../lib/gcc/nios2-elf/5.3.0/../../../../../H-x86_64-mingw32/nios2-elf/lib\libc.a(lib_a-wbuf.o)
                0x000000000008acdc                __swbuf
 .text          0x000000000008acf4        0x0 c:/intelfpga_lite/17.1/nios2eds/bin/gnu/h-x86_64-mingw32/bin/../lib/gcc/nios2-elf/5.3.0/../../../../../H-x86_64-mingw32/nios2-elf/lib\libc.a(lib_a-callocr.o)
 .text._calloc_r
                0x000000000008acf4       0xc4 c:/intelfpga_lite/17.1/nios2eds/bin/gnu/h-x86_64-mingw32/bin/../lib/gcc/nios2-elf/5.3.0/../../../../../H-x86_64-mingw32/nios2-elf/lib\libc.a(lib_a-callocr.o)
                0x000000000008acf4                _calloc_r
 .text          0x000000000008adb8        0x0 c:/intelfpga_lite/17.1/nios2eds/bin/gnu/h-x86_64-mingw32/bin/../lib/gcc/nios2-elf/5.3.0/../../../../../H-x86_64-mingw32/nios2-elf/lib\libc.a(lib_a-fputwc.o)
 .text.__fputwc
                0x000000000008adb8      0x164 c:/intelfpga_lite/17.1/nios2eds/bin/gnu/h-x86_64-mingw32/bin/../lib/gcc/nios2-elf/5.3.0/../../../../../H-x86_64-mingw32/nios2-elf/lib\libc.a(lib_a-fputwc.o)
                0x000000000008adb8                __fputwc
 .text._fputwc_r
                0x000000000008af1c       0x24 c:/intelfpga_lite/17.1/nios2eds/bin/gnu/h-x86_64-mingw32/bin/../lib/gcc/nios2-elf/5.3.0/../../../../../H-x86_64-mingw32/nios2-elf/lib\libc.a(lib_a-fputwc.o)
                0x000000000008af1c                _fputwc_r
 .text.fputwc   0x000000000008af40       0x80 c:/intelfpga_lite/17.1/nios2eds/bin/gnu/h-x86_64-mingw32/bin/../lib/gcc/nios2-elf/5.3.0/../../../../../H-x86_64-mingw32/nios2-elf/lib\libc.a(lib_a-fputwc.o)
                0x000000000008af40                fputwc
 .text          0x000000000008afc0        0x0 c:/intelfpga_lite/17.1/nios2eds/bin/gnu/h-x86_64-mingw32/bin/../lib/gcc/nios2-elf/5.3.0/../../../../../H-x86_64-mingw32/nios2-elf/lib\libc.a(lib_a-fstatr.o)
 .text._fstat_r
                0x000000000008afc0       0x5c c:/intelfpga_lite/17.1/nios2eds/bin/gnu/h-x86_64-mingw32/bin/../lib/gcc/nios2-elf/5.3.0/../../../../../H-x86_64-mingw32/nios2-elf/lib\libc.a(lib_a-fstatr.o)
                0x000000000008afc0                _fstat_r
 .text          0x000000000008b01c        0x0 c:/intelfpga_lite/17.1/nios2eds/bin/gnu/h-x86_64-mingw32/bin/../lib/gcc/nios2-elf/5.3.0/../../../../../H-x86_64-mingw32/nios2-elf/lib\libc.a(lib_a-isattyr.o)
 .text._isatty_r
                0x000000000008b01c       0x54 c:/intelfpga_lite/17.1/nios2eds/bin/gnu/h-x86_64-mingw32/bin/../lib/gcc/nios2-elf/5.3.0/../../../../../H-x86_64-mingw32/nios2-elf/lib\libc.a(lib_a-isattyr.o)
                0x000000000008b01c                _isatty_r
 .text          0x000000000008b070        0x0 c:/intelfpga_lite/17.1/nios2eds/bin/gnu/h-x86_64-mingw32/bin/../lib/gcc/nios2-elf/5.3.0/../../../../../H-x86_64-mingw32/nios2-elf/lib\libc.a(lib_a-wcrtomb.o)
 .text._wcrtomb_r
                0x000000000008b070       0x9c c:/intelfpga_lite/17.1/nios2eds/bin/gnu/h-x86_64-mingw32/bin/../lib/gcc/nios2-elf/5.3.0/../../../../../H-x86_64-mingw32/nios2-elf/lib\libc.a(lib_a-wcrtomb.o)
                0x000000000008b070                _wcrtomb_r
 .text.wcrtomb  0x000000000008b10c       0xc0 c:/intelfpga_lite/17.1/nios2eds/bin/gnu/h-x86_64-mingw32/bin/../lib/gcc/nios2-elf/5.3.0/../../../../../H-x86_64-mingw32/nios2-elf/lib\libc.a(lib_a-wcrtomb.o)
                0x000000000008b10c                wcrtomb
 .text          0x000000000008b1cc        0x0 c:/intelfpga_lite/17.1/nios2eds/bin/gnu/h-x86_64-mingw32/bin/../lib/gcc/nios2-elf/5.3.0/../../../../../H-x86_64-mingw32/nios2-elf/lib\libc.a(lib_a-wctomb_r.o)
 .text.__ascii_wctomb
                0x000000000008b1cc       0x30 c:/intelfpga_lite/17.1/nios2eds/bin/gnu/h-x86_64-mingw32/bin/../lib/gcc/nios2-elf/5.3.0/../../../../../H-x86_64-mingw32/nios2-elf/lib\libc.a(lib_a-wctomb_r.o)
                0x000000000008b1cc                __ascii_wctomb
 .text._wctomb_r
                0x000000000008b1fc       0x5c c:/intelfpga_lite/17.1/nios2eds/bin/gnu/h-x86_64-mingw32/bin/../lib/gcc/nios2-elf/5.3.0/../../../../../H-x86_64-mingw32/nios2-elf/lib\libc.a(lib_a-wctomb_r.o)
                0x000000000008b1fc                _wctomb_r
 .text          0x000000000008b258      0x578 c:/intelfpga_lite/17.1/nios2eds/bin/gnu/h-x86_64-mingw32/bin/../lib/gcc/nios2-elf/5.3.0\libgcc.a(_udivdi3.o)
                0x000000000008b258                __udivdi3
 .text          0x000000000008b7d0      0x538 c:/intelfpga_lite/17.1/nios2eds/bin/gnu/h-x86_64-mingw32/bin/../lib/gcc/nios2-elf/5.3.0\libgcc.a(_umoddi3.o)
                0x000000000008b7d0                __umoddi3
 .text          0x000000000008bd08      0x1b4 c:/intelfpga_lite/17.1/nios2eds/bin/gnu/h-x86_64-mingw32/bin/../lib/gcc/nios2-elf/5.3.0\libgcc.a(lib2-divmod.o)
                0x000000000008bd08                __divsi3
                0x000000000008bd8c                __modsi3
                0x000000000008be00                __udivsi3
                0x000000000008be64                __umodsi3
 .text          0x000000000008bebc      0x8ac c:/intelfpga_lite/17.1/nios2eds/bin/gnu/h-x86_64-mingw32/bin/../lib/gcc/nios2-elf/5.3.0\libgcc.a(adddf3.o)
                0x000000000008bebc                __adddf3
 .text          0x000000000008c768      0x8e8 c:/intelfpga_lite/17.1/nios2eds/bin/gnu/h-x86_64-mingw32/bin/../lib/gcc/nios2-elf/5.3.0\libgcc.a(divdf3.o)
                0x000000000008c768                __divdf3
 .text          0x000000000008d050       0x88 c:/intelfpga_lite/17.1/nios2eds/bin/gnu/h-x86_64-mingw32/bin/../lib/gcc/nios2-elf/5.3.0\libgcc.a(eqdf2.o)
                0x000000000008d050                __nedf2
                0x000000000008d050                __eqdf2
 .text          0x000000000008d0d8       0xdc c:/intelfpga_lite/17.1/nios2eds/bin/gnu/h-x86_64-mingw32/bin/../lib/gcc/nios2-elf/5.3.0\libgcc.a(gedf2.o)
                0x000000000008d0d8                __gedf2
                0x000000000008d0d8                __gtdf2
 .text          0x000000000008d1b4       0xf4 c:/intelfpga_lite/17.1/nios2eds/bin/gnu/h-x86_64-mingw32/bin/../lib/gcc/nios2-elf/5.3.0\libgcc.a(ledf2.o)
                0x000000000008d1b4                __ledf2
                0x000000000008d1b4                __ltdf2
 .text          0x000000000008d2a8      0x718 c:/intelfpga_lite/17.1/nios2eds/bin/gnu/h-x86_64-mingw32/bin/../lib/gcc/nios2-elf/5.3.0\libgcc.a(muldf3.o)
                0x000000000008d2a8                __muldf3
 .text          0x000000000008d9c0      0x8fc c:/intelfpga_lite/17.1/nios2eds/bin/gnu/h-x86_64-mingw32/bin/../lib/gcc/nios2-elf/5.3.0\libgcc.a(subdf3.o)
                0x000000000008d9c0                __subdf3
 .text          0x000000000008e2bc       0x80 c:/intelfpga_lite/17.1/nios2eds/bin/gnu/h-x86_64-mingw32/bin/../lib/gcc/nios2-elf/5.3.0\libgcc.a(fixdfsi.o)
                0x000000000008e2bc                __fixdfsi
 .text          0x000000000008e33c       0xdc c:/intelfpga_lite/17.1/nios2eds/bin/gnu/h-x86_64-mingw32/bin/../lib/gcc/nios2-elf/5.3.0\libgcc.a(floatsidf.o)
                0x000000000008e33c                __floatsidf
 .text          0x000000000008e418       0xa8 c:/intelfpga_lite/17.1/nios2eds/bin/gnu/h-x86_64-mingw32/bin/../lib/gcc/nios2-elf/5.3.0\libgcc.a(floatunsidf.o)
                0x000000000008e418                __floatunsidf
 .text          0x000000000008e4c0        0x0 c:/intelfpga_lite/17.1/nios2eds/bin/gnu/h-x86_64-mingw32/bin/../lib/gcc/nios2-elf/5.3.0\libgcc.a(_clz.o)
 .text          0x000000000008e4c0       0x64 c:/intelfpga_lite/17.1/nios2eds/bin/gnu/h-x86_64-mingw32/bin/../lib/gcc/nios2-elf/5.3.0\libgcc.a(_clzsi2.o)
                0x000000000008e4c0                __clzsi2
 .text          0x000000000008e524      0x10c ../tcp_bsp/\libhal_bsp.a(alt_close.o)
                0x000000000008e560                close
 .text          0x000000000008e630       0x48 ../tcp_bsp/\libhal_bsp.a(alt_dcache_flush_all.o)
                0x000000000008e630                alt_dcache_flush_all
 .text          0x000000000008e678       0x2c ../tcp_bsp/\libhal_bsp.a(alt_dev.o)
 .text          0x000000000008e6a4        0x0 ../tcp_bsp/\libhal_bsp.a(alt_errno.o)
 .text          0x000000000008e6a4       0xec ../tcp_bsp/\libhal_bsp.a(alt_fstat.o)
                0x000000000008e6e0                fstat
 .text          0x000000000008e790       0xe0 ../tcp_bsp/\libhal_bsp.a(alt_isatty.o)
                0x000000000008e7cc                isatty
 .text          0x000000000008e870       0xec ../tcp_bsp/\libhal_bsp.a(alt_load.o)
                0x000000000008e8d8                alt_load
 .text          0x000000000008e95c      0x110 ../tcp_bsp/\libhal_bsp.a(alt_lseek.o)
                0x000000000008e998                lseek
 .text          0x000000000008ea6c       0x7c ../tcp_bsp/\libhal_bsp.a(alt_main.o)
                0x000000000008ea6c                alt_main
 .text          0x000000000008eae8       0x48 ../tcp_bsp/\libhal_bsp.a(alt_malloc_lock.o)
                0x000000000008eae8                __malloc_lock
                0x000000000008eb0c                __malloc_unlock
 .text          0x000000000008eb30      0x22c ../tcp_bsp/\libhal_bsp.a(alt_printf.o)
                0x000000000008eb30                alt_printf
 .text          0x000000000008ed5c       0x3c ../tcp_bsp/\libhal_bsp.a(alt_putchar.o)
                0x000000000008ed5c                alt_putchar
 .text          0x000000000008ed98      0x138 ../tcp_bsp/\libhal_bsp.a(alt_read.o)
                0x000000000008edd4                read
 .text          0x000000000008eed0       0x64 ../tcp_bsp/\libhal_bsp.a(alt_release_fd.o)
                0x000000000008eed0                alt_release_fd
 .text          0x000000000008ef34       0xb0 ../tcp_bsp/\libhal_bsp.a(alt_sbrk.o)
                0x000000000008ef34                sbrk
 .text          0x000000000008efe4      0x134 ../tcp_bsp/\libhal_bsp.a(alt_write.o)
                0x000000000008f020                write
 .text          0x000000000008f118       0xfc ../tcp_bsp/\libhal_bsp.a(alt_sys_init.o)
                0x000000000008f14c                alt_irq_init
                0x000000000008f184                alt_sys_init
 .text          0x000000000008f214      0x164 ../tcp_bsp/\libhal_bsp.a(altera_avalon_jtag_uart_fd.o)
                0x000000000008f214                altera_avalon_jtag_uart_read_fd
                0x000000000008f274                altera_avalon_jtag_uart_write_fd
                0x000000000008f2d4                altera_avalon_jtag_uart_close_fd
                0x000000000008f324                altera_avalon_jtag_uart_ioctl_fd
 .text          0x000000000008f378      0x3d4 ../tcp_bsp/\libhal_bsp.a(altera_avalon_jtag_uart_init.o)
                0x000000000008f378                altera_avalon_jtag_uart_init
                0x000000000008f6e4                altera_avalon_jtag_uart_close
 .text          0x000000000008f74c       0xf0 ../tcp_bsp/\libhal_bsp.a(altera_avalon_jtag_uart_ioctl.o)
                0x000000000008f74c                altera_avalon_jtag_uart_ioctl
 .text          0x000000000008f83c      0x21c ../tcp_bsp/\libhal_bsp.a(altera_avalon_jtag_uart_read.o)
                0x000000000008f83c                altera_avalon_jtag_uart_read
 .text          0x000000000008fa58      0x224 ../tcp_bsp/\libhal_bsp.a(altera_avalon_jtag_uart_write.o)
                0x000000000008fa58                altera_avalon_jtag_uart_write
 .text          0x000000000008fc7c      0xd94 ../tcp_bsp/\libhal_bsp.a(altera_avalon_sgdma.o)
                0x000000000008fcb8                alt_avalon_sgdma_do_async_transfer
                0x000000000008fddc                alt_avalon_sgdma_do_sync_transfer
                0x000000000008feec                alt_avalon_sgdma_construct_mem_to_mem_desc
                0x000000000008ff60                alt_avalon_sgdma_construct_mem_to_mem_desc_burst
                0x000000000008ffe4                alt_avalon_sgdma_construct_stream_to_mem_desc
                0x0000000000090044                alt_avalon_sgdma_construct_stream_to_mem_desc_burst
                0x00000000000900bc                alt_avalon_sgdma_construct_mem_to_stream_desc
                0x000000000009013c                alt_avalon_sgdma_construct_mem_to_stream_desc_burst
                0x00000000000901c8                alt_avalon_sgdma_register_callback
                0x000000000009021c                alt_avalon_sgdma_start
                0x0000000000090274                alt_avalon_sgdma_stop
                0x00000000000902d0                alt_avalon_sgdma_check_descriptor_status
                0x0000000000090334                alt_avalon_sgdma_open
                0x0000000000090388                alt_avalon_sgdma_construct_descriptor
                0x0000000000090414                alt_avalon_sgdma_enable_desc_poll
                0x0000000000090494                alt_avalon_sgdma_disable_desc_poll
                0x00000000000904f4                alt_avalon_sgdma_construct_descriptor_burst
                0x0000000000090968                alt_avalon_sgdma_init
 .text          0x0000000000090a10       0xf4 ../tcp_bsp/\libhal_bsp.a(altera_avalon_timer_sc.o)
                0x0000000000090a88                alt_avalon_timer_sc_init
 .text          0x0000000000090b04      0x12c ../tcp_bsp/\libhal_bsp.a(alt_alarm_start.o)
                0x0000000000090b04                alt_alarm_start
 .text          0x0000000000090c30       0x78 ../tcp_bsp/\libhal_bsp.a(alt_dcache_flush.o)
                0x0000000000090c30                alt_dcache_flush
 .text          0x0000000000090ca8       0xe0 ../tcp_bsp/\libhal_bsp.a(alt_dev_llist_insert.o)
                0x0000000000090ce4                alt_dev_llist_insert
 .text          0x0000000000090d88       0x60 ../tcp_bsp/\libhal_bsp.a(alt_do_ctors.o)
                0x0000000000090d88                _do_ctors
 .text          0x0000000000090de8       0x60 ../tcp_bsp/\libhal_bsp.a(alt_do_dtors.o)
                0x0000000000090de8                _do_dtors
 .text          0x0000000000090e48       0x90 ../tcp_bsp/\libhal_bsp.a(alt_find_dev.o)
                0x0000000000090e48                alt_find_dev
 .text          0x0000000000090ed8       0x34 ../tcp_bsp/\libhal_bsp.a(alt_icache_flush_all.o)
                0x0000000000090ed8                alt_icache_flush_all
 .text          0x0000000000090f0c      0x1b0 ../tcp_bsp/\libhal_bsp.a(alt_iic.o)
                0x0000000000090f0c                alt_ic_isr_register
                0x0000000000090f5c                alt_ic_irq_enable
                0x0000000000090fe4                alt_ic_irq_disable
                0x0000000000091070                alt_ic_irq_enabled
 .text          0x00000000000910bc       0xf0 ../tcp_bsp/\libhal_bsp.a(alt_iic_isr_register.o)
                0x00000000000910bc                alt_iic_isr_register
 .text          0x00000000000911ac      0x140 ../tcp_bsp/\libhal_bsp.a(alt_io_redirect.o)
                0x0000000000091270                alt_io_redirect
 .text          0x00000000000912ec        0x0 ../tcp_bsp/\libhal_bsp.a(alt_irq_entry.o)
 .text          0x00000000000912ec        0x0 ../tcp_bsp/\libhal_bsp.a(alt_irq_handler.o)
 .text          0x00000000000912ec        0x0 ../tcp_bsp/\libhal_bsp.a(alt_irq_vars.o)
 .text          0x00000000000912ec      0x254 ../tcp_bsp/\libhal_bsp.a(alt_open.o)
                0x00000000000913ec                open
 .text          0x0000000000091540      0x1a4 ../tcp_bsp/\libhal_bsp.a(alt_tick.o)
                0x0000000000091540                alt_alarm_stop
                0x00000000000915dc                alt_tick
 .text          0x00000000000916e4       0x24 ../tcp_bsp/\libhal_bsp.a(altera_nios2_gen2_irq.o)
                0x00000000000916e4                altera_nios2_gen2_irq_init
 .text          0x0000000000091708        0x0 ../tcp_bsp/\libhal_bsp.a(alt_exception_entry.o)
 .text          0x0000000000091708      0x108 ../tcp_bsp/\libhal_bsp.a(alt_find_file.o)
                0x0000000000091708                alt_find_file
 .text          0x0000000000091810       0xa4 ../tcp_bsp/\libhal_bsp.a(alt_get_fd.o)
                0x0000000000091810                alt_get_fd
 .text          0x00000000000918b4       0x90 ../tcp_bsp/\libhal_bsp.a(alt_icache_flush.o)
                0x00000000000918b4                alt_icache_flush
 .text          0x0000000000091944       0x9c ../tcp_bsp/\libhal_bsp.a(alt_instruction_exception_entry.o)
                0x0000000000091944                alt_exception_cause_generated_bad_addr
 .text          0x00000000000919e0        0x0 c:/intelfpga_lite/17.1/nios2eds/bin/gnu/h-x86_64-mingw32/bin/../lib/gcc/nios2-elf/5.3.0/../../../../../H-x86_64-mingw32/nios2-elf/lib\libc.a(lib_a-atexit.o)
 .text.atexit   0x00000000000919e0       0x14 c:/intelfpga_lite/17.1/nios2eds/bin/gnu/h-x86_64-mingw32/bin/../lib/gcc/nios2-elf/5.3.0/../../../../../H-x86_64-mingw32/nios2-elf/lib\libc.a(lib_a-atexit.o)
                0x00000000000919e0                atexit
 .text          0x00000000000919f4        0x0 c:/intelfpga_lite/17.1/nios2eds/bin/gnu/h-x86_64-mingw32/bin/../lib/gcc/nios2-elf/5.3.0/../../../../../H-x86_64-mingw32/nios2-elf/lib\libc.a(lib_a-exit.o)
 .text.exit     0x00000000000919f4       0x38 c:/intelfpga_lite/17.1/nios2eds/bin/gnu/h-x86_64-mingw32/bin/../lib/gcc/nios2-elf/5.3.0/../../../../../H-x86_64-mingw32/nios2-elf/lib\libc.a(lib_a-exit.o)
                0x00000000000919f4                exit
 .text          0x0000000000091a2c        0x0 c:/intelfpga_lite/17.1/nios2eds/bin/gnu/h-x86_64-mingw32/bin/../lib/gcc/nios2-elf/5.3.0/../../../../../H-x86_64-mingw32/nios2-elf/lib\libc.a(lib_a-memcmp.o)
 .text.memcmp   0x0000000000091a2c       0x7c c:/intelfpga_lite/17.1/nios2eds/bin/gnu/h-x86_64-mingw32/bin/../lib/gcc/nios2-elf/5.3.0/../../../../../H-x86_64-mingw32/nios2-elf/lib\libc.a(lib_a-memcmp.o)
                0x0000000000091a2c                memcmp
 .text          0x0000000000091aa8        0x0 c:/intelfpga_lite/17.1/nios2eds/bin/gnu/h-x86_64-mingw32/bin/../lib/gcc/nios2-elf/5.3.0/../../../../../H-x86_64-mingw32/nios2-elf/lib\libc.a(lib_a-__atexit.o)
 .text.__register_exitproc
                0x0000000000091aa8      0x118 c:/intelfpga_lite/17.1/nios2eds/bin/gnu/h-x86_64-mingw32/bin/../lib/gcc/nios2-elf/5.3.0/../../../../../H-x86_64-mingw32/nios2-elf/lib\libc.a(lib_a-__atexit.o)
                0x0000000000091aa8                __register_exitproc
 .text          0x0000000000091bc0        0x0 c:/intelfpga_lite/17.1/nios2eds/bin/gnu/h-x86_64-mingw32/bin/../lib/gcc/nios2-elf/5.3.0/../../../../../H-x86_64-mingw32/nios2-elf/lib\libc.a(lib_a-__call_atexit.o)
 .text.__call_exitprocs
                0x0000000000091bc0      0x180 c:/intelfpga_lite/17.1/nios2eds/bin/gnu/h-x86_64-mingw32/bin/../lib/gcc/nios2-elf/5.3.0/../../../../../H-x86_64-mingw32/nios2-elf/lib\libc.a(lib_a-__call_atexit.o)
                0x0000000000091bc0                __call_exitprocs
 .text          0x0000000000091d40       0x34 ../tcp_bsp/\libhal_bsp.a(alt_exit.o)
                0x0000000000091d40                _exit
 *(.gnu.warning.*)
 *(.fini)
                [!provide]                        PROVIDE (__etext, ABSOLUTE (.))
                [!provide]                        PROVIDE (_etext, ABSOLUTE (.))
                [!provide]                        PROVIDE (etext, ABSOLUTE (.))
 *(.eh_frame_hdr)
                0x0000000000091d74                . = ALIGN (0x4)
                [!provide]                        PROVIDE (__preinit_array_start, ABSOLUTE (.))
 *(.preinit_array)
                [!provide]                        PROVIDE (__preinit_array_end, ABSOLUTE (.))
                [!provide]                        PROVIDE (__init_array_start, ABSOLUTE (.))
 *(.init_array)
                [!provide]                        PROVIDE (__init_array_end, ABSOLUTE (.))
                [!provide]                        PROVIDE (__fini_array_start, ABSOLUTE (.))
 *(.fini_array)
                [!provide]                        PROVIDE (__fini_array_end, ABSOLUTE (.))
 *(.eh_frame)
 *(.gcc_except_table .gcc_except_table.*)
 *(.dynamic)
                0x0000000000091d74                PROVIDE (__CTOR_LIST__, ABSOLUTE (.))
 *(.ctors)
 *(SORT(.ctors.*))
                0x0000000000091d74                PROVIDE (__CTOR_END__, ABSOLUTE (.))
                0x0000000000091d74                PROVIDE (__DTOR_LIST__, ABSOLUTE (.))
 *(.dtors)
 *(SORT(.dtors.*))
                0x0000000000091d74                PROVIDE (__DTOR_END__, ABSOLUTE (.))
 *(.jcr)
                0x0000000000091d74                . = ALIGN (0x4)

.rodata         0x0000000000091d74      0x86c
                0x0000000000091d74                PROVIDE (__ram_rodata_start, ABSOLUTE (.))
                0x0000000000091d74                . = ALIGN (0x4)
 *(.rodata .rodata.* .gnu.linkonce.r.*)
 .rodata        0x0000000000091d74      0x3f3 obj/default/src/functions.o
 *fill*         0x0000000000092167        0x1 
 .rodata        0x0000000000092168      0x15e obj/default/src/main.o
 *fill*         0x00000000000922c6        0x2 
 .rodata.str1.4
                0x00000000000922c8        0x2 c:/intelfpga_lite/17.1/nios2eds/bin/gnu/h-x86_64-mingw32/bin/../lib/gcc/nios2-elf/5.3.0/../../../../../H-x86_64-mingw32/nios2-elf/lib\libc.a(lib_a-impure.o)
 *fill*         0x00000000000922ca        0x2 
 .rodata.str1.4
                0x00000000000922cc        0x2 c:/intelfpga_lite/17.1/nios2eds/bin/gnu/h-x86_64-mingw32/bin/../lib/gcc/nios2-elf/5.3.0/../../../../../H-x86_64-mingw32/nios2-elf/lib\libc.a(lib_a-puts.o)
 *fill*         0x00000000000922ce        0x2 
 .rodata.str1.4
                0x00000000000922d0       0x42 c:/intelfpga_lite/17.1/nios2eds/bin/gnu/h-x86_64-mingw32/bin/../lib/gcc/nios2-elf/5.3.0/../../../../../H-x86_64-mingw32/nios2-elf/lib\libc.a(lib_a-vfprintf.o)
 .rodata.zeroes.4404
                0x0000000000092312       0x10 c:/intelfpga_lite/17.1/nios2eds/bin/gnu/h-x86_64-mingw32/bin/../lib/gcc/nios2-elf/5.3.0/../../../../../H-x86_64-mingw32/nios2-elf/lib\libc.a(lib_a-vfprintf.o)
 .rodata.blanks.4403
                0x0000000000092322       0x10 c:/intelfpga_lite/17.1/nios2eds/bin/gnu/h-x86_64-mingw32/bin/../lib/gcc/nios2-elf/5.3.0/../../../../../H-x86_64-mingw32/nios2-elf/lib\libc.a(lib_a-vfprintf.o)
 *fill*         0x0000000000092332        0x2 
 .rodata.str1.4
                0x0000000000092334       0x10 c:/intelfpga_lite/17.1/nios2eds/bin/gnu/h-x86_64-mingw32/bin/../lib/gcc/nios2-elf/5.3.0/../../../../../H-x86_64-mingw32/nios2-elf/lib\libc.a(lib_a-dtoa.o)
                                         0x12 (size before relaxing)
 .rodata.str1.4
                0x0000000000092344        0xc c:/intelfpga_lite/17.1/nios2eds/bin/gnu/h-x86_64-mingw32/bin/../lib/gcc/nios2-elf/5.3.0/../../../../../H-x86_64-mingw32/nios2-elf/lib\libc.a(lib_a-locale.o)
                                         0x12 (size before relaxing)
 .rodata.p05.2768
                0x0000000000092350        0xc c:/intelfpga_lite/17.1/nios2eds/bin/gnu/h-x86_64-mingw32/bin/../lib/gcc/nios2-elf/5.3.0/../../../../../H-x86_64-mingw32/nios2-elf/lib\libc.a(lib_a-mprec.o)
 .rodata.__mprec_tinytens
                0x000000000009235c       0x28 c:/intelfpga_lite/17.1/nios2eds/bin/gnu/h-x86_64-mingw32/bin/../lib/gcc/nios2-elf/5.3.0/../../../../../H-x86_64-mingw32/nios2-elf/lib\libc.a(lib_a-mprec.o)
                0x000000000009235c                __mprec_tinytens
 .rodata.__mprec_bigtens
                0x0000000000092384       0x28 c:/intelfpga_lite/17.1/nios2eds/bin/gnu/h-x86_64-mingw32/bin/../lib/gcc/nios2-elf/5.3.0/../../../../../H-x86_64-mingw32/nios2-elf/lib\libc.a(lib_a-mprec.o)
                0x0000000000092384                __mprec_bigtens
 .rodata.__mprec_tens
                0x00000000000923ac       0xc8 c:/intelfpga_lite/17.1/nios2eds/bin/gnu/h-x86_64-mingw32/bin/../lib/gcc/nios2-elf/5.3.0/../../../../../H-x86_64-mingw32/nios2-elf/lib\libc.a(lib_a-mprec.o)
                0x00000000000923ac                __mprec_tens
 .rodata.str1.4
                0x0000000000092474       0x2f c:/intelfpga_lite/17.1/nios2eds/bin/gnu/h-x86_64-mingw32/bin/../lib/gcc/nios2-elf/5.3.0/../../../../../H-x86_64-mingw32/nios2-elf/lib\libc.a(lib_a-vfiprintf.o)
 .rodata.zeroes.4349
                0x0000000000092474       0x10 c:/intelfpga_lite/17.1/nios2eds/bin/gnu/h-x86_64-mingw32/bin/../lib/gcc/nios2-elf/5.3.0/../../../../../H-x86_64-mingw32/nios2-elf/lib\libc.a(lib_a-vfiprintf.o)
 .rodata.blanks.4348
                0x0000000000092484       0x10 c:/intelfpga_lite/17.1/nios2eds/bin/gnu/h-x86_64-mingw32/bin/../lib/gcc/nios2-elf/5.3.0/../../../../../H-x86_64-mingw32/nios2-elf/lib\libc.a(lib_a-vfiprintf.o)
 .rodata        0x0000000000092494      0x100 c:/intelfpga_lite/17.1/nios2eds/bin/gnu/h-x86_64-mingw32/bin/../lib/gcc/nios2-elf/5.3.0\libgcc.a(_clz.o)
                0x0000000000092494                __clz_tab
 .rodata        0x0000000000092594        0xa ../tcp_bsp/\libhal_bsp.a(alt_dev.o)
 *fill*         0x000000000009259e        0x2 
 .rodata        0x00000000000925a0        0xf ../tcp_bsp/\libhal_bsp.a(alt_main.o)
 *fill*         0x00000000000925af        0x1 
 .rodata        0x00000000000925b0       0x2e ../tcp_bsp/\libhal_bsp.a(alt_sys_init.o)
 *(.rodata1)
                0x00000000000925e0                . = ALIGN (0x4)
 *fill*         0x00000000000925de        0x2 
                0x00000000000925e0                PROVIDE (__ram_rodata_end, ABSOLUTE (.))
                0x0000000000091d74                PROVIDE (__flash_rodata_start, LOADADDR (.rodata))

.rwdata         0x00000000000925e0     0x1f58 load address 0x0000000000094538
                0x00000000000925e0                PROVIDE (__ram_rwdata_start, ABSOLUTE (.))
                0x00000000000925e0                . = ALIGN (0x4)
 *(.got.plt)
 *(.got)
 *(.data1)
 *(.data .data.* .gnu.linkonce.d.*)
 .data          0x00000000000925e0        0x0 ../tcp_bsp//obj/HAL/src/crt0.o
 .data          0x00000000000925e0      0x400 obj/default/src/functions.o
                0x00000000000925e0                tx_frame
 .data          0x00000000000929e0        0x0 obj/default/src/main.o
 .data          0x00000000000929e0        0x0 c:/intelfpga_lite/17.1/nios2eds/bin/gnu/h-x86_64-mingw32/bin/../lib/gcc/nios2-elf/5.3.0/../../../../../H-x86_64-mingw32/nios2-elf/lib\libc.a(lib_a-fflush.o)
 .data          0x00000000000929e0        0x0 c:/intelfpga_lite/17.1/nios2eds/bin/gnu/h-x86_64-mingw32/bin/../lib/gcc/nios2-elf/5.3.0/../../../../../H-x86_64-mingw32/nios2-elf/lib\libc.a(lib_a-findfp.o)
 .data          0x00000000000929e0        0x0 c:/intelfpga_lite/17.1/nios2eds/bin/gnu/h-x86_64-mingw32/bin/../lib/gcc/nios2-elf/5.3.0/../../../../../H-x86_64-mingw32/nios2-elf/lib\libc.a(lib_a-freer.o)
 .data          0x00000000000929e0        0x0 c:/intelfpga_lite/17.1/nios2eds/bin/gnu/h-x86_64-mingw32/bin/../lib/gcc/nios2-elf/5.3.0/../../../../../H-x86_64-mingw32/nios2-elf/lib\libc.a(lib_a-fwalk.o)
 .data          0x00000000000929e0        0x0 c:/intelfpga_lite/17.1/nios2eds/bin/gnu/h-x86_64-mingw32/bin/../lib/gcc/nios2-elf/5.3.0/../../../../../H-x86_64-mingw32/nios2-elf/lib\libc.a(lib_a-impure.o)
 .data.impure_data
                0x00000000000929e0      0x424 c:/intelfpga_lite/17.1/nios2eds/bin/gnu/h-x86_64-mingw32/bin/../lib/gcc/nios2-elf/5.3.0/../../../../../H-x86_64-mingw32/nios2-elf/lib\libc.a(lib_a-impure.o)
 .data          0x0000000000092e04        0x0 c:/intelfpga_lite/17.1/nios2eds/bin/gnu/h-x86_64-mingw32/bin/../lib/gcc/nios2-elf/5.3.0/../../../../../H-x86_64-mingw32/nios2-elf/lib\libc.a(lib_a-malloc.o)
 .data          0x0000000000092e04        0x0 c:/intelfpga_lite/17.1/nios2eds/bin/gnu/h-x86_64-mingw32/bin/../lib/gcc/nios2-elf/5.3.0/../../../../../H-x86_64-mingw32/nios2-elf/lib\libc.a(lib_a-mallocr.o)
 .data.__malloc_av_
                0x0000000000092e04      0x408 c:/intelfpga_lite/17.1/nios2eds/bin/gnu/h-x86_64-mingw32/bin/../lib/gcc/nios2-elf/5.3.0/../../../../../H-x86_64-mingw32/nios2-elf/lib\libc.a(lib_a-mallocr.o)
                0x0000000000092e04                __malloc_av_
 .data          0x000000000009320c        0x0 c:/intelfpga_lite/17.1/nios2eds/bin/gnu/h-x86_64-mingw32/bin/../lib/gcc/nios2-elf/5.3.0/../../../../../H-x86_64-mingw32/nios2-elf/lib\libc.a(lib_a-memmove.o)
 .data          0x000000000009320c        0x0 c:/intelfpga_lite/17.1/nios2eds/bin/gnu/h-x86_64-mingw32/bin/../lib/gcc/nios2-elf/5.3.0/../../../../../H-x86_64-mingw32/nios2-elf/lib\libc.a(lib_a-memset.o)
 .data          0x000000000009320c        0x0 c:/intelfpga_lite/17.1/nios2eds/bin/gnu/h-x86_64-mingw32/bin/../lib/gcc/nios2-elf/5.3.0/../../../../../H-x86_64-mingw32/nios2-elf/lib\libc.a(lib_a-printf.o)
 .data          0x000000000009320c        0x0 c:/intelfpga_lite/17.1/nios2eds/bin/gnu/h-x86_64-mingw32/bin/../lib/gcc/nios2-elf/5.3.0/../../../../../H-x86_64-mingw32/nios2-elf/lib\libc.a(lib_a-putchar.o)
 .data          0x000000000009320c        0x0 c:/intelfpga_lite/17.1/nios2eds/bin/gnu/h-x86_64-mingw32/bin/../lib/gcc/nios2-elf/5.3.0/../../../../../H-x86_64-mingw32/nios2-elf/lib\libc.a(lib_a-puts.o)
 .data          0x000000000009320c        0x0 c:/intelfpga_lite/17.1/nios2eds/bin/gnu/h-x86_64-mingw32/bin/../lib/gcc/nios2-elf/5.3.0/../../../../../H-x86_64-mingw32/nios2-elf/lib\libc.a(lib_a-sbrkr.o)
 .data          0x000000000009320c        0x0 c:/intelfpga_lite/17.1/nios2eds/bin/gnu/h-x86_64-mingw32/bin/../lib/gcc/nios2-elf/5.3.0/../../../../../H-x86_64-mingw32/nios2-elf/lib\libc.a(lib_a-stdio.o)
 .data          0x000000000009320c        0x0 c:/intelfpga_lite/17.1/nios2eds/bin/gnu/h-x86_64-mingw32/bin/../lib/gcc/nios2-elf/5.3.0/../../../../../H-x86_64-mingw32/nios2-elf/lib\libc.a(lib_a-strlen.o)
 .data          0x000000000009320c        0x0 c:/intelfpga_lite/17.1/nios2eds/bin/gnu/h-x86_64-mingw32/bin/../lib/gcc/nios2-elf/5.3.0/../../../../../H-x86_64-mingw32/nios2-elf/lib\libc.a(lib_a-vfprintf.o)
 .data          0x000000000009320c        0x0 c:/intelfpga_lite/17.1/nios2eds/bin/gnu/h-x86_64-mingw32/bin/../lib/gcc/nios2-elf/5.3.0/../../../../../H-x86_64-mingw32/nios2-elf/lib\libc.a(lib_a-writer.o)
 .data          0x000000000009320c        0x0 c:/intelfpga_lite/17.1/nios2eds/bin/gnu/h-x86_64-mingw32/bin/../lib/gcc/nios2-elf/5.3.0/../../../../../H-x86_64-mingw32/nios2-elf/lib\libc.a(lib_a-wsetup.o)
 .data          0x000000000009320c        0x0 c:/intelfpga_lite/17.1/nios2eds/bin/gnu/h-x86_64-mingw32/bin/../lib/gcc/nios2-elf/5.3.0/../../../../../H-x86_64-mingw32/nios2-elf/lib\libc.a(closer.o)
 .data          0x000000000009320c        0x0 c:/intelfpga_lite/17.1/nios2eds/bin/gnu/h-x86_64-mingw32/bin/../lib/gcc/nios2-elf/5.3.0/../../../../../H-x86_64-mingw32/nios2-elf/lib\libc.a(lib_a-dtoa.o)
 .data          0x000000000009320c        0x0 c:/intelfpga_lite/17.1/nios2eds/bin/gnu/h-x86_64-mingw32/bin/../lib/gcc/nios2-elf/5.3.0/../../../../../H-x86_64-mingw32/nios2-elf/lib\libc.a(lib_a-fclose.o)
 .data          0x000000000009320c        0x0 c:/intelfpga_lite/17.1/nios2eds/bin/gnu/h-x86_64-mingw32/bin/../lib/gcc/nios2-elf/5.3.0/../../../../../H-x86_64-mingw32/nios2-elf/lib\libc.a(lib_a-fvwrite.o)
 .data          0x000000000009320c        0x0 c:/intelfpga_lite/17.1/nios2eds/bin/gnu/h-x86_64-mingw32/bin/../lib/gcc/nios2-elf/5.3.0/../../../../../H-x86_64-mingw32/nios2-elf/lib\libc.a(lib_a-int_errno.o)
 .data          0x000000000009320c        0x0 c:/intelfpga_lite/17.1/nios2eds/bin/gnu/h-x86_64-mingw32/bin/../lib/gcc/nios2-elf/5.3.0/../../../../../H-x86_64-mingw32/nios2-elf/lib\libc.a(lib_a-locale.o)
 .data.lc_message_charset
                0x000000000009320c       0x20 c:/intelfpga_lite/17.1/nios2eds/bin/gnu/h-x86_64-mingw32/bin/../lib/gcc/nios2-elf/5.3.0/../../../../../H-x86_64-mingw32/nios2-elf/lib\libc.a(lib_a-locale.o)
 .data.lc_ctype_charset
                0x000000000009322c       0x20 c:/intelfpga_lite/17.1/nios2eds/bin/gnu/h-x86_64-mingw32/bin/../lib/gcc/nios2-elf/5.3.0/../../../../../H-x86_64-mingw32/nios2-elf/lib\libc.a(lib_a-locale.o)
 .data.lconv    0x000000000009324c       0x38 c:/intelfpga_lite/17.1/nios2eds/bin/gnu/h-x86_64-mingw32/bin/../lib/gcc/nios2-elf/5.3.0/../../../../../H-x86_64-mingw32/nios2-elf/lib\libc.a(lib_a-locale.o)
 .data          0x0000000000093284        0x0 c:/intelfpga_lite/17.1/nios2eds/bin/gnu/h-x86_64-mingw32/bin/../lib/gcc/nios2-elf/5.3.0/../../../../../H-x86_64-mingw32/nios2-elf/lib\libc.a(lib_a-lseekr.o)
 .data          0x0000000000093284        0x0 c:/intelfpga_lite/17.1/nios2eds/bin/gnu/h-x86_64-mingw32/bin/../lib/gcc/nios2-elf/5.3.0/../../../../../H-x86_64-mingw32/nios2-elf/lib\libc.a(lib_a-makebuf.o)
 .data          0x0000000000093284        0x0 c:/intelfpga_lite/17.1/nios2eds/bin/gnu/h-x86_64-mingw32/bin/../lib/gcc/nios2-elf/5.3.0/../../../../../H-x86_64-mingw32/nios2-elf/lib\libc.a(lib_a-memchr.o)
 .data          0x0000000000093284        0x0 c:/intelfpga_lite/17.1/nios2eds/bin/gnu/h-x86_64-mingw32/bin/../lib/gcc/nios2-elf/5.3.0/../../../../../H-x86_64-mingw32/nios2-elf/lib\libc.a(lib_a-memcpy.o)
 .data          0x0000000000093284        0x0 c:/intelfpga_lite/17.1/nios2eds/bin/gnu/h-x86_64-mingw32/bin/../lib/gcc/nios2-elf/5.3.0/../../../../../H-x86_64-mingw32/nios2-elf/lib\libc.a(lib_a-mprec.o)
 .data          0x0000000000093284        0x0 c:/intelfpga_lite/17.1/nios2eds/bin/gnu/h-x86_64-mingw32/bin/../lib/gcc/nios2-elf/5.3.0/../../../../../H-x86_64-mingw32/nios2-elf/lib\libc.a(lib_a-putc.o)
 .data          0x0000000000093284        0x0 c:/intelfpga_lite/17.1/nios2eds/bin/gnu/h-x86_64-mingw32/bin/../lib/gcc/nios2-elf/5.3.0/../../../../../H-x86_64-mingw32/nios2-elf/lib\libc.a(lib_a-readr.o)
 .data          0x0000000000093284        0x0 c:/intelfpga_lite/17.1/nios2eds/bin/gnu/h-x86_64-mingw32/bin/../lib/gcc/nios2-elf/5.3.0/../../../../../H-x86_64-mingw32/nios2-elf/lib\libc.a(lib_a-reallocr.o)
 .data          0x0000000000093284        0x0 c:/intelfpga_lite/17.1/nios2eds/bin/gnu/h-x86_64-mingw32/bin/../lib/gcc/nios2-elf/5.3.0/../../../../../H-x86_64-mingw32/nios2-elf/lib\libc.a(lib_a-s_fpclassify.o)
 .data          0x0000000000093284        0x0 c:/intelfpga_lite/17.1/nios2eds/bin/gnu/h-x86_64-mingw32/bin/../lib/gcc/nios2-elf/5.3.0/../../../../../H-x86_64-mingw32/nios2-elf/lib\libc.a(lib_a-strcmp.o)
 .data          0x0000000000093284        0x0 c:/intelfpga_lite/17.1/nios2eds/bin/gnu/h-x86_64-mingw32/bin/../lib/gcc/nios2-elf/5.3.0/../../../../../H-x86_64-mingw32/nios2-elf/lib\libc.a(lib_a-vfiprintf.o)
 .data          0x0000000000093284        0x0 c:/intelfpga_lite/17.1/nios2eds/bin/gnu/h-x86_64-mingw32/bin/../lib/gcc/nios2-elf/5.3.0/../../../../../H-x86_64-mingw32/nios2-elf/lib\libc.a(lib_a-wbuf.o)
 .data          0x0000000000093284        0x0 c:/intelfpga_lite/17.1/nios2eds/bin/gnu/h-x86_64-mingw32/bin/../lib/gcc/nios2-elf/5.3.0/../../../../../H-x86_64-mingw32/nios2-elf/lib\libc.a(lib_a-callocr.o)
 .data          0x0000000000093284        0x0 c:/intelfpga_lite/17.1/nios2eds/bin/gnu/h-x86_64-mingw32/bin/../lib/gcc/nios2-elf/5.3.0/../../../../../H-x86_64-mingw32/nios2-elf/lib\libc.a(lib_a-fputwc.o)
 .data          0x0000000000093284        0x0 c:/intelfpga_lite/17.1/nios2eds/bin/gnu/h-x86_64-mingw32/bin/../lib/gcc/nios2-elf/5.3.0/../../../../../H-x86_64-mingw32/nios2-elf/lib\libc.a(lib_a-fstatr.o)
 .data          0x0000000000093284        0x0 c:/intelfpga_lite/17.1/nios2eds/bin/gnu/h-x86_64-mingw32/bin/../lib/gcc/nios2-elf/5.3.0/../../../../../H-x86_64-mingw32/nios2-elf/lib\libc.a(lib_a-isattyr.o)
 .data          0x0000000000093284        0x0 c:/intelfpga_lite/17.1/nios2eds/bin/gnu/h-x86_64-mingw32/bin/../lib/gcc/nios2-elf/5.3.0/../../../../../H-x86_64-mingw32/nios2-elf/lib\libc.a(lib_a-wcrtomb.o)
 .data          0x0000000000093284        0x0 c:/intelfpga_lite/17.1/nios2eds/bin/gnu/h-x86_64-mingw32/bin/../lib/gcc/nios2-elf/5.3.0/../../../../../H-x86_64-mingw32/nios2-elf/lib\libc.a(lib_a-wctomb_r.o)
 .data          0x0000000000093284        0x0 c:/intelfpga_lite/17.1/nios2eds/bin/gnu/h-x86_64-mingw32/bin/../lib/gcc/nios2-elf/5.3.0\libgcc.a(_udivdi3.o)
 .data          0x0000000000093284        0x0 c:/intelfpga_lite/17.1/nios2eds/bin/gnu/h-x86_64-mingw32/bin/../lib/gcc/nios2-elf/5.3.0\libgcc.a(_umoddi3.o)
 .data          0x0000000000093284        0x0 c:/intelfpga_lite/17.1/nios2eds/bin/gnu/h-x86_64-mingw32/bin/../lib/gcc/nios2-elf/5.3.0\libgcc.a(lib2-divmod.o)
 .data          0x0000000000093284        0x0 c:/intelfpga_lite/17.1/nios2eds/bin/gnu/h-x86_64-mingw32/bin/../lib/gcc/nios2-elf/5.3.0\libgcc.a(adddf3.o)
 .data          0x0000000000093284        0x0 c:/intelfpga_lite/17.1/nios2eds/bin/gnu/h-x86_64-mingw32/bin/../lib/gcc/nios2-elf/5.3.0\libgcc.a(divdf3.o)
 .data          0x0000000000093284        0x0 c:/intelfpga_lite/17.1/nios2eds/bin/gnu/h-x86_64-mingw32/bin/../lib/gcc/nios2-elf/5.3.0\libgcc.a(eqdf2.o)
 .data          0x0000000000093284        0x0 c:/intelfpga_lite/17.1/nios2eds/bin/gnu/h-x86_64-mingw32/bin/../lib/gcc/nios2-elf/5.3.0\libgcc.a(gedf2.o)
 .data          0x0000000000093284        0x0 c:/intelfpga_lite/17.1/nios2eds/bin/gnu/h-x86_64-mingw32/bin/../lib/gcc/nios2-elf/5.3.0\libgcc.a(ledf2.o)
 .data          0x0000000000093284        0x0 c:/intelfpga_lite/17.1/nios2eds/bin/gnu/h-x86_64-mingw32/bin/../lib/gcc/nios2-elf/5.3.0\libgcc.a(muldf3.o)
 .data          0x0000000000093284        0x0 c:/intelfpga_lite/17.1/nios2eds/bin/gnu/h-x86_64-mingw32/bin/../lib/gcc/nios2-elf/5.3.0\libgcc.a(subdf3.o)
 .data          0x0000000000093284        0x0 c:/intelfpga_lite/17.1/nios2eds/bin/gnu/h-x86_64-mingw32/bin/../lib/gcc/nios2-elf/5.3.0\libgcc.a(fixdfsi.o)
 .data          0x0000000000093284        0x0 c:/intelfpga_lite/17.1/nios2eds/bin/gnu/h-x86_64-mingw32/bin/../lib/gcc/nios2-elf/5.3.0\libgcc.a(floatsidf.o)
 .data          0x0000000000093284        0x0 c:/intelfpga_lite/17.1/nios2eds/bin/gnu/h-x86_64-mingw32/bin/../lib/gcc/nios2-elf/5.3.0\libgcc.a(floatunsidf.o)
 .data          0x0000000000093284        0x0 c:/intelfpga_lite/17.1/nios2eds/bin/gnu/h-x86_64-mingw32/bin/../lib/gcc/nios2-elf/5.3.0\libgcc.a(_clz.o)
 .data          0x0000000000093284        0x0 c:/intelfpga_lite/17.1/nios2eds/bin/gnu/h-x86_64-mingw32/bin/../lib/gcc/nios2-elf/5.3.0\libgcc.a(_clzsi2.o)
 .data          0x0000000000093284        0x0 ../tcp_bsp/\libhal_bsp.a(alt_close.o)
 .data          0x0000000000093284        0x0 ../tcp_bsp/\libhal_bsp.a(alt_dcache_flush_all.o)
 .data          0x0000000000093284      0x1a8 ../tcp_bsp/\libhal_bsp.a(alt_dev.o)
                0x0000000000093284                alt_dev_null
                0x00000000000932ac                alt_fd_list
 .data          0x000000000009342c        0x0 ../tcp_bsp/\libhal_bsp.a(alt_errno.o)
 .data          0x000000000009342c        0x0 ../tcp_bsp/\libhal_bsp.a(alt_fstat.o)
 .data          0x000000000009342c        0x0 ../tcp_bsp/\libhal_bsp.a(alt_isatty.o)
 .data          0x000000000009342c        0x0 ../tcp_bsp/\libhal_bsp.a(alt_load.o)
 .data          0x000000000009342c        0x0 ../tcp_bsp/\libhal_bsp.a(alt_lseek.o)
 .data          0x000000000009342c        0x0 ../tcp_bsp/\libhal_bsp.a(alt_main.o)
 .data          0x000000000009342c        0x0 ../tcp_bsp/\libhal_bsp.a(alt_malloc_lock.o)
 .data          0x000000000009342c        0x0 ../tcp_bsp/\libhal_bsp.a(alt_printf.o)
 .data          0x000000000009342c        0x0 ../tcp_bsp/\libhal_bsp.a(alt_putchar.o)
 .data          0x000000000009342c        0x0 ../tcp_bsp/\libhal_bsp.a(alt_read.o)
 .data          0x000000000009342c        0x0 ../tcp_bsp/\libhal_bsp.a(alt_release_fd.o)
 .data          0x000000000009342c        0x0 ../tcp_bsp/\libhal_bsp.a(alt_sbrk.o)
 .data          0x000000000009342c        0x0 ../tcp_bsp/\libhal_bsp.a(alt_write.o)
 .data          0x000000000009342c     0x10c0 ../tcp_bsp/\libhal_bsp.a(alt_sys_init.o)
 .data          0x00000000000944ec        0x0 ../tcp_bsp/\libhal_bsp.a(altera_avalon_jtag_uart_fd.o)
 .data          0x00000000000944ec        0x0 ../tcp_bsp/\libhal_bsp.a(altera_avalon_jtag_uart_init.o)
 .data          0x00000000000944ec        0x0 ../tcp_bsp/\libhal_bsp.a(altera_avalon_jtag_uart_ioctl.o)
 .data          0x00000000000944ec        0x0 ../tcp_bsp/\libhal_bsp.a(altera_avalon_jtag_uart_read.o)
 .data          0x00000000000944ec        0x0 ../tcp_bsp/\libhal_bsp.a(altera_avalon_jtag_uart_write.o)
 .data          0x00000000000944ec        0x0 ../tcp_bsp/\libhal_bsp.a(altera_avalon_sgdma.o)
 .data          0x00000000000944ec        0x0 ../tcp_bsp/\libhal_bsp.a(altera_avalon_timer_sc.o)
 .data          0x00000000000944ec        0x0 ../tcp_bsp/\libhal_bsp.a(alt_alarm_start.o)
 .data          0x00000000000944ec        0x0 ../tcp_bsp/\libhal_bsp.a(alt_dcache_flush.o)
 .data          0x00000000000944ec        0x0 ../tcp_bsp/\libhal_bsp.a(alt_dev_llist_insert.o)
 .data          0x00000000000944ec        0x0 ../tcp_bsp/\libhal_bsp.a(alt_do_ctors.o)
 .data          0x00000000000944ec        0x0 ../tcp_bsp/\libhal_bsp.a(alt_do_dtors.o)
 .data          0x00000000000944ec        0x0 ../tcp_bsp/\libhal_bsp.a(alt_find_dev.o)
 .data          0x00000000000944ec        0x0 ../tcp_bsp/\libhal_bsp.a(alt_icache_flush_all.o)
 .data          0x00000000000944ec        0x0 ../tcp_bsp/\libhal_bsp.a(alt_iic.o)
 .data          0x00000000000944ec        0x0 ../tcp_bsp/\libhal_bsp.a(alt_iic_isr_register.o)
 .data          0x00000000000944ec        0x0 ../tcp_bsp/\libhal_bsp.a(alt_io_redirect.o)
 .data          0x00000000000944ec        0x0 ../tcp_bsp/\libhal_bsp.a(alt_irq_entry.o)
 .data          0x00000000000944ec        0x0 ../tcp_bsp/\libhal_bsp.a(alt_irq_handler.o)
 .data          0x00000000000944ec        0x0 ../tcp_bsp/\libhal_bsp.a(alt_irq_vars.o)
 .data          0x00000000000944ec        0x0 ../tcp_bsp/\libhal_bsp.a(alt_open.o)
 .data          0x00000000000944ec        0x0 ../tcp_bsp/\libhal_bsp.a(alt_tick.o)
 .data          0x00000000000944ec        0x0 ../tcp_bsp/\libhal_bsp.a(altera_nios2_gen2_irq.o)
 .data          0x00000000000944ec        0x0 ../tcp_bsp/\libhal_bsp.a(alt_exception_entry.o)
 .data          0x00000000000944ec        0x0 ../tcp_bsp/\libhal_bsp.a(alt_find_file.o)
 .data          0x00000000000944ec        0x0 ../tcp_bsp/\libhal_bsp.a(alt_get_fd.o)
 .data          0x00000000000944ec        0x0 ../tcp_bsp/\libhal_bsp.a(alt_icache_flush.o)
 .data          0x00000000000944ec        0x0 ../tcp_bsp/\libhal_bsp.a(alt_instruction_exception_entry.o)
 .data          0x00000000000944ec        0x0 c:/intelfpga_lite/17.1/nios2eds/bin/gnu/h-x86_64-mingw32/bin/../lib/gcc/nios2-elf/5.3.0/../../../../../H-x86_64-mingw32/nios2-elf/lib\libc.a(lib_a-atexit.o)
 .data          0x00000000000944ec        0x0 c:/intelfpga_lite/17.1/nios2eds/bin/gnu/h-x86_64-mingw32/bin/../lib/gcc/nios2-elf/5.3.0/../../../../../H-x86_64-mingw32/nios2-elf/lib\libc.a(lib_a-exit.o)
 .data          0x00000000000944ec        0x0 c:/intelfpga_lite/17.1/nios2eds/bin/gnu/h-x86_64-mingw32/bin/../lib/gcc/nios2-elf/5.3.0/../../../../../H-x86_64-mingw32/nios2-elf/lib\libc.a(lib_a-memcmp.o)
 .data          0x00000000000944ec        0x0 c:/intelfpga_lite/17.1/nios2eds/bin/gnu/h-x86_64-mingw32/bin/../lib/gcc/nios2-elf/5.3.0/../../../../../H-x86_64-mingw32/nios2-elf/lib\libc.a(lib_a-__atexit.o)
 .data          0x00000000000944ec        0x0 c:/intelfpga_lite/17.1/nios2eds/bin/gnu/h-x86_64-mingw32/bin/../lib/gcc/nios2-elf/5.3.0/../../../../../H-x86_64-mingw32/nios2-elf/lib\libc.a(lib_a-__call_atexit.o)
 .data          0x00000000000944ec        0x0 ../tcp_bsp/\libhal_bsp.a(alt_exit.o)
                0x000000000009c4ec                _gp = ABSOLUTE ((. + 0x8000))
                [!provide]                        PROVIDE (gp, _gp)
 *(.rwdata .rwdata.*)
 *(.sdata .sdata.* .gnu.linkonce.s.*)
 .sdata         0x00000000000944ec        0x4 obj/default/src/functions.o
                0x00000000000944ec                tse
 .sdata._global_impure_ptr
                0x00000000000944f0        0x4 c:/intelfpga_lite/17.1/nios2eds/bin/gnu/h-x86_64-mingw32/bin/../lib/gcc/nios2-elf/5.3.0/../../../../../H-x86_64-mingw32/nios2-elf/lib\libc.a(lib_a-impure.o)
                0x00000000000944f0                _global_impure_ptr
 .sdata._impure_ptr
                0x00000000000944f4        0x4 c:/intelfpga_lite/17.1/nios2eds/bin/gnu/h-x86_64-mingw32/bin/../lib/gcc/nios2-elf/5.3.0/../../../../../H-x86_64-mingw32/nios2-elf/lib\libc.a(lib_a-impure.o)
                0x00000000000944f4                _impure_ptr
 .sdata.__malloc_sbrk_base
                0x00000000000944f8        0x4 c:/intelfpga_lite/17.1/nios2eds/bin/gnu/h-x86_64-mingw32/bin/../lib/gcc/nios2-elf/5.3.0/../../../../../H-x86_64-mingw32/nios2-elf/lib\libc.a(lib_a-mallocr.o)
                0x00000000000944f8                __malloc_sbrk_base
 .sdata.__malloc_trim_threshold
                0x00000000000944fc        0x4 c:/intelfpga_lite/17.1/nios2eds/bin/gnu/h-x86_64-mingw32/bin/../lib/gcc/nios2-elf/5.3.0/../../../../../H-x86_64-mingw32/nios2-elf/lib\libc.a(lib_a-mallocr.o)
                0x00000000000944fc                __malloc_trim_threshold
 .sdata.__mb_cur_max
                0x0000000000094500        0x4 c:/intelfpga_lite/17.1/nios2eds/bin/gnu/h-x86_64-mingw32/bin/../lib/gcc/nios2-elf/5.3.0/../../../../../H-x86_64-mingw32/nios2-elf/lib\libc.a(lib_a-locale.o)
                0x0000000000094500                __mb_cur_max
 .sdata.__wctomb
                0x0000000000094504        0x4 c:/intelfpga_lite/17.1/nios2eds/bin/gnu/h-x86_64-mingw32/bin/../lib/gcc/nios2-elf/5.3.0/../../../../../H-x86_64-mingw32/nios2-elf/lib\libc.a(lib_a-wctomb_r.o)
                0x0000000000094504                __wctomb
 .sdata         0x0000000000094508       0x14 ../tcp_bsp/\libhal_bsp.a(alt_dev.o)
                0x0000000000094508                alt_fs_list
                0x0000000000094510                alt_dev_list
                0x0000000000094518                alt_max_fd
 .sdata         0x000000000009451c        0x4 ../tcp_bsp/\libhal_bsp.a(alt_errno.o)
                0x000000000009451c                alt_errno
 .sdata         0x0000000000094520        0x4 ../tcp_bsp/\libhal_bsp.a(alt_sbrk.o)
 .sdata         0x0000000000094524        0x8 ../tcp_bsp/\libhal_bsp.a(altera_avalon_sgdma.o)
                0x0000000000094524                alt_sgdma_list
 .sdata         0x000000000009452c        0x4 ../tcp_bsp/\libhal_bsp.a(alt_irq_vars.o)
                0x000000000009452c                alt_priority_mask
 .sdata         0x0000000000094530        0x8 ../tcp_bsp/\libhal_bsp.a(alt_tick.o)
                0x0000000000094530                alt_alarm_list
 *(.sdata2 .sdata2.* .gnu.linkonce.s2.*)
                0x0000000000094538                . = ALIGN (0x4)
                0x0000000000094538                _edata = ABSOLUTE (.)
                [!provide]                        PROVIDE (edata, ABSOLUTE (.))
                0x0000000000094538                PROVIDE (__ram_rwdata_end, ABSOLUTE (.))
                0x0000000000094538                PROVIDE (__flash_rwdata_start, LOADADDR (.rwdata))

.bss            0x0000000000096490      0x598
                0x0000000000096490                __bss_start = ABSOLUTE (.)
                [!provide]                        PROVIDE (__sbss_start, ABSOLUTE (.))
                [!provide]                        PROVIDE (___sbss_start, ABSOLUTE (.))
 *(.dynsbss)
 *(.sbss .sbss.* .gnu.linkonce.sb.*)
 .sbss          0x0000000000096490        0xc obj/default/src/functions.o
                0x0000000000096490                count
                0x0000000000096494                in
                0x0000000000096498                transmissionStatus
 .sbss          0x000000000009649c        0x8 obj/default/src/functions.o
                0x000000000009649c                sgdma_tx_dev
                0x00000000000964a0                sgdma_rx_dev
 .sbss          0x00000000000964a4       0x24 obj/default/src/main.o
                0x00000000000964a4                seqNumber
                0x00000000000964a8                ackNumber
                0x00000000000964ac                conn
                0x00000000000964b0                timer
                0x00000000000964b4                sentPacket
                0x00000000000964b8                isConnected
                0x00000000000964bc                buffer
                0x00000000000964c4                pack
 .sbss.__malloc_max_total_mem
                0x00000000000964c8        0x4 c:/intelfpga_lite/17.1/nios2eds/bin/gnu/h-x86_64-mingw32/bin/../lib/gcc/nios2-elf/5.3.0/../../../../../H-x86_64-mingw32/nios2-elf/lib\libc.a(lib_a-mallocr.o)
                0x00000000000964c8                __malloc_max_total_mem
 .sbss.__malloc_max_sbrked_mem
                0x00000000000964cc        0x4 c:/intelfpga_lite/17.1/nios2eds/bin/gnu/h-x86_64-mingw32/bin/../lib/gcc/nios2-elf/5.3.0/../../../../../H-x86_64-mingw32/nios2-elf/lib\libc.a(lib_a-mallocr.o)
                0x00000000000964cc                __malloc_max_sbrked_mem
 .sbss.__malloc_top_pad
                0x00000000000964d0        0x4 c:/intelfpga_lite/17.1/nios2eds/bin/gnu/h-x86_64-mingw32/bin/../lib/gcc/nios2-elf/5.3.0/../../../../../H-x86_64-mingw32/nios2-elf/lib\libc.a(lib_a-mallocr.o)
                0x00000000000964d0                __malloc_top_pad
 .sbss          0x00000000000964d4        0x4 c:/intelfpga_lite/17.1/nios2eds/bin/gnu/h-x86_64-mingw32/bin/../lib/gcc/nios2-elf/5.3.0/../../../../../H-x86_64-mingw32/nios2-elf/lib\libc.a(lib_a-int_errno.o)
                0x00000000000964d4                errno
 .sbss._PathLocale
                0x00000000000964d8        0x4 c:/intelfpga_lite/17.1/nios2eds/bin/gnu/h-x86_64-mingw32/bin/../lib/gcc/nios2-elf/5.3.0/../../../../../H-x86_64-mingw32/nios2-elf/lib\libc.a(lib_a-locale.o)
                0x00000000000964d8                _PathLocale
 .sbss.__mlocale_changed
                0x00000000000964dc        0x4 c:/intelfpga_lite/17.1/nios2eds/bin/gnu/h-x86_64-mingw32/bin/../lib/gcc/nios2-elf/5.3.0/../../../../../H-x86_64-mingw32/nios2-elf/lib\libc.a(lib_a-locale.o)
                0x00000000000964dc                __mlocale_changed
 .sbss.__nlocale_changed
                0x00000000000964e0        0x4 c:/intelfpga_lite/17.1/nios2eds/bin/gnu/h-x86_64-mingw32/bin/../lib/gcc/nios2-elf/5.3.0/../../../../../H-x86_64-mingw32/nios2-elf/lib\libc.a(lib_a-locale.o)
                0x00000000000964e0                __nlocale_changed
 .sbss          0x00000000000964e4        0xc ../tcp_bsp/\libhal_bsp.a(alt_main.o)
                0x00000000000964e4                alt_argc
                0x00000000000964e8                alt_argv
                0x00000000000964ec                alt_envp
 .sbss          0x00000000000964f0        0x4 ../tcp_bsp/\libhal_bsp.a(alt_irq_vars.o)
                0x00000000000964f0                alt_irq_active
 .sbss          0x00000000000964f4        0x8 ../tcp_bsp/\libhal_bsp.a(alt_tick.o)
                0x00000000000964f4                _alt_tick_rate
                0x00000000000964f8                _alt_nticks
 .sbss          0x00000000000964fc        0x4 ../tcp_bsp/\libhal_bsp.a(alt_instruction_exception_entry.o)
                0x00000000000964fc                alt_instruction_exception_handler
 *(.sbss2 .sbss2.* .gnu.linkonce.sb2.*)
 *(.scommon)
                [!provide]                        PROVIDE (__sbss_end, ABSOLUTE (.))
                [!provide]                        PROVIDE (___sbss_end, ABSOLUTE (.))
 *(.dynbss)
 *(.bss .bss.* .gnu.linkonce.b.*)
 .bss           0x0000000000096500        0x0 ../tcp_bsp//obj/HAL/src/crt0.o
 .bss           0x0000000000096500      0x400 obj/default/src/functions.o
                0x0000000000096500                rx_frame
 .bss           0x0000000000096900        0x0 obj/default/src/main.o
 .bss           0x0000000000096900        0x0 c:/intelfpga_lite/17.1/nios2eds/bin/gnu/h-x86_64-mingw32/bin/../lib/gcc/nios2-elf/5.3.0/../../../../../H-x86_64-mingw32/nios2-elf/lib\libc.a(lib_a-fflush.o)
 .bss           0x0000000000096900        0x0 c:/intelfpga_lite/17.1/nios2eds/bin/gnu/h-x86_64-mingw32/bin/../lib/gcc/nios2-elf/5.3.0/../../../../../H-x86_64-mingw32/nios2-elf/lib\libc.a(lib_a-findfp.o)
 .bss           0x0000000000096900        0x0 c:/intelfpga_lite/17.1/nios2eds/bin/gnu/h-x86_64-mingw32/bin/../lib/gcc/nios2-elf/5.3.0/../../../../../H-x86_64-mingw32/nios2-elf/lib\libc.a(lib_a-freer.o)
 .bss           0x0000000000096900        0x0 c:/intelfpga_lite/17.1/nios2eds/bin/gnu/h-x86_64-mingw32/bin/../lib/gcc/nios2-elf/5.3.0/../../../../../H-x86_64-mingw32/nios2-elf/lib\libc.a(lib_a-fwalk.o)
 .bss           0x0000000000096900        0x0 c:/intelfpga_lite/17.1/nios2eds/bin/gnu/h-x86_64-mingw32/bin/../lib/gcc/nios2-elf/5.3.0/../../../../../H-x86_64-mingw32/nios2-elf/lib\libc.a(lib_a-impure.o)
 .bss           0x0000000000096900        0x0 c:/intelfpga_lite/17.1/nios2eds/bin/gnu/h-x86_64-mingw32/bin/../lib/gcc/nios2-elf/5.3.0/../../../../../H-x86_64-mingw32/nios2-elf/lib\libc.a(lib_a-malloc.o)
 .bss           0x0000000000096900        0x0 c:/intelfpga_lite/17.1/nios2eds/bin/gnu/h-x86_64-mingw32/bin/../lib/gcc/nios2-elf/5.3.0/../../../../../H-x86_64-mingw32/nios2-elf/lib\libc.a(lib_a-mallocr.o)
 .bss.__malloc_current_mallinfo
                0x0000000000096900       0x28 c:/intelfpga_lite/17.1/nios2eds/bin/gnu/h-x86_64-mingw32/bin/../lib/gcc/nios2-elf/5.3.0/../../../../../H-x86_64-mingw32/nios2-elf/lib\libc.a(lib_a-mallocr.o)
                0x0000000000096900                __malloc_current_mallinfo
 .bss           0x0000000000096928        0x0 c:/intelfpga_lite/17.1/nios2eds/bin/gnu/h-x86_64-mingw32/bin/../lib/gcc/nios2-elf/5.3.0/../../../../../H-x86_64-mingw32/nios2-elf/lib\libc.a(lib_a-memmove.o)
 .bss           0x0000000000096928        0x0 c:/intelfpga_lite/17.1/nios2eds/bin/gnu/h-x86_64-mingw32/bin/../lib/gcc/nios2-elf/5.3.0/../../../../../H-x86_64-mingw32/nios2-elf/lib\libc.a(lib_a-memset.o)
 .bss           0x0000000000096928        0x0 c:/intelfpga_lite/17.1/nios2eds/bin/gnu/h-x86_64-mingw32/bin/../lib/gcc/nios2-elf/5.3.0/../../../../../H-x86_64-mingw32/nios2-elf/lib\libc.a(lib_a-printf.o)
 .bss           0x0000000000096928        0x0 c:/intelfpga_lite/17.1/nios2eds/bin/gnu/h-x86_64-mingw32/bin/../lib/gcc/nios2-elf/5.3.0/../../../../../H-x86_64-mingw32/nios2-elf/lib\libc.a(lib_a-putchar.o)
 .bss           0x0000000000096928        0x0 c:/intelfpga_lite/17.1/nios2eds/bin/gnu/h-x86_64-mingw32/bin/../lib/gcc/nios2-elf/5.3.0/../../../../../H-x86_64-mingw32/nios2-elf/lib\libc.a(lib_a-puts.o)
 .bss           0x0000000000096928        0x0 c:/intelfpga_lite/17.1/nios2eds/bin/gnu/h-x86_64-mingw32/bin/../lib/gcc/nios2-elf/5.3.0/../../../../../H-x86_64-mingw32/nios2-elf/lib\libc.a(lib_a-sbrkr.o)
 .bss           0x0000000000096928        0x0 c:/intelfpga_lite/17.1/nios2eds/bin/gnu/h-x86_64-mingw32/bin/../lib/gcc/nios2-elf/5.3.0/../../../../../H-x86_64-mingw32/nios2-elf/lib\libc.a(lib_a-stdio.o)
 .bss           0x0000000000096928        0x0 c:/intelfpga_lite/17.1/nios2eds/bin/gnu/h-x86_64-mingw32/bin/../lib/gcc/nios2-elf/5.3.0/../../../../../H-x86_64-mingw32/nios2-elf/lib\libc.a(lib_a-strlen.o)
 .bss           0x0000000000096928        0x0 c:/intelfpga_lite/17.1/nios2eds/bin/gnu/h-x86_64-mingw32/bin/../lib/gcc/nios2-elf/5.3.0/../../../../../H-x86_64-mingw32/nios2-elf/lib\libc.a(lib_a-vfprintf.o)